Archive member included to satisfy reference by file (symbol)

c:/st/stm32cubeide_1.10.1/stm32cubeide/plugins/com.st.stm32cube.ide.mcu.externaltools.gnu-tools-for-stm32.10.3-2021.10.win32_1.0.0.202111181127/tools/bin/../lib/gcc/arm-none-eabi/10.3.1/../../../../arm-none-eabi/lib/thumb/v7e-m+fp/hard\libc_nano.a(lib_a-errno.o)
                              ./Core/Src/syscalls.o (__errno)
c:/st/stm32cubeide_1.10.1/stm32cubeide/plugins/com.st.stm32cube.ide.mcu.externaltools.gnu-tools-for-stm32.10.3-2021.10.win32_1.0.0.202111181127/tools/bin/../lib/gcc/arm-none-eabi/10.3.1/../../../../arm-none-eabi/lib/thumb/v7e-m+fp/hard\libc_nano.a(lib_a-exit.o)
                              c:/st/stm32cubeide_1.10.1/stm32cubeide/plugins/com.st.stm32cube.ide.mcu.externaltools.gnu-tools-for-stm32.10.3-2021.10.win32_1.0.0.202111181127/tools/bin/../lib/gcc/arm-none-eabi/10.3.1/../../../../arm-none-eabi/lib/thumb/v7e-m+fp/hard/crt0.o (exit)
c:/st/stm32cubeide_1.10.1/stm32cubeide/plugins/com.st.stm32cube.ide.mcu.externaltools.gnu-tools-for-stm32.10.3-2021.10.win32_1.0.0.202111181127/tools/bin/../lib/gcc/arm-none-eabi/10.3.1/../../../../arm-none-eabi/lib/thumb/v7e-m+fp/hard\libc_nano.a(lib_a-findfp.o)
                              ./Middlewares/Third_Party/FreeRTOS/Source/tasks.o (__sf_fake_stderr)
c:/st/stm32cubeide_1.10.1/stm32cubeide/plugins/com.st.stm32cube.ide.mcu.externaltools.gnu-tools-for-stm32.10.3-2021.10.win32_1.0.0.202111181127/tools/bin/../lib/gcc/arm-none-eabi/10.3.1/../../../../arm-none-eabi/lib/thumb/v7e-m+fp/hard\libc_nano.a(lib_a-fwalk.o)
                              c:/st/stm32cubeide_1.10.1/stm32cubeide/plugins/com.st.stm32cube.ide.mcu.externaltools.gnu-tools-for-stm32.10.3-2021.10.win32_1.0.0.202111181127/tools/bin/../lib/gcc/arm-none-eabi/10.3.1/../../../../arm-none-eabi/lib/thumb/v7e-m+fp/hard\libc_nano.a(lib_a-findfp.o) (_fwalk)
c:/st/stm32cubeide_1.10.1/stm32cubeide/plugins/com.st.stm32cube.ide.mcu.externaltools.gnu-tools-for-stm32.10.3-2021.10.win32_1.0.0.202111181127/tools/bin/../lib/gcc/arm-none-eabi/10.3.1/../../../../arm-none-eabi/lib/thumb/v7e-m+fp/hard\libc_nano.a(lib_a-impure.o)
                              c:/st/stm32cubeide_1.10.1/stm32cubeide/plugins/com.st.stm32cube.ide.mcu.externaltools.gnu-tools-for-stm32.10.3-2021.10.win32_1.0.0.202111181127/tools/bin/../lib/gcc/arm-none-eabi/10.3.1/../../../../arm-none-eabi/lib/thumb/v7e-m+fp/hard\libc_nano.a(lib_a-exit.o) (_global_impure_ptr)
c:/st/stm32cubeide_1.10.1/stm32cubeide/plugins/com.st.stm32cube.ide.mcu.externaltools.gnu-tools-for-stm32.10.3-2021.10.win32_1.0.0.202111181127/tools/bin/../lib/gcc/arm-none-eabi/10.3.1/../../../../arm-none-eabi/lib/thumb/v7e-m+fp/hard\libc_nano.a(lib_a-init.o)
                              c:/st/stm32cubeide_1.10.1/stm32cubeide/plugins/com.st.stm32cube.ide.mcu.externaltools.gnu-tools-for-stm32.10.3-2021.10.win32_1.0.0.202111181127/tools/bin/../lib/gcc/arm-none-eabi/10.3.1/../../../../arm-none-eabi/lib/thumb/v7e-m+fp/hard/crt0.o (__libc_init_array)
c:/st/stm32cubeide_1.10.1/stm32cubeide/plugins/com.st.stm32cube.ide.mcu.externaltools.gnu-tools-for-stm32.10.3-2021.10.win32_1.0.0.202111181127/tools/bin/../lib/gcc/arm-none-eabi/10.3.1/../../../../arm-none-eabi/lib/thumb/v7e-m+fp/hard\libc_nano.a(lib_a-lock.o)
                              c:/st/stm32cubeide_1.10.1/stm32cubeide/plugins/com.st.stm32cube.ide.mcu.externaltools.gnu-tools-for-stm32.10.3-2021.10.win32_1.0.0.202111181127/tools/bin/../lib/gcc/arm-none-eabi/10.3.1/../../../../arm-none-eabi/lib/thumb/v7e-m+fp/hard\libc_nano.a(lib_a-findfp.o) (__retarget_lock_init_recursive)
c:/st/stm32cubeide_1.10.1/stm32cubeide/plugins/com.st.stm32cube.ide.mcu.externaltools.gnu-tools-for-stm32.10.3-2021.10.win32_1.0.0.202111181127/tools/bin/../lib/gcc/arm-none-eabi/10.3.1/../../../../arm-none-eabi/lib/thumb/v7e-m+fp/hard\libc_nano.a(lib_a-memcpy-stub.o)
                              ./Core/Src/tof.o (memcpy)
c:/st/stm32cubeide_1.10.1/stm32cubeide/plugins/com.st.stm32cube.ide.mcu.externaltools.gnu-tools-for-stm32.10.3-2021.10.win32_1.0.0.202111181127/tools/bin/../lib/gcc/arm-none-eabi/10.3.1/../../../../arm-none-eabi/lib/thumb/v7e-m+fp/hard\libc_nano.a(lib_a-memset.o)
                              c:/st/stm32cubeide_1.10.1/stm32cubeide/plugins/com.st.stm32cube.ide.mcu.externaltools.gnu-tools-for-stm32.10.3-2021.10.win32_1.0.0.202111181127/tools/bin/../lib/gcc/arm-none-eabi/10.3.1/../../../../arm-none-eabi/lib/thumb/v7e-m+fp/hard/crt0.o (memset)
c:/st/stm32cubeide_1.10.1/stm32cubeide/plugins/com.st.stm32cube.ide.mcu.externaltools.gnu-tools-for-stm32.10.3-2021.10.win32_1.0.0.202111181127/tools/bin/../lib/gcc/arm-none-eabi/10.3.1/../../../../arm-none-eabi/lib/thumb/v7e-m+fp/hard\libc_nano.a(lib_a-nano-mallocr.o)
[...]
Memory Configuration

Name             Origin             Length             Attributes
RAM              0x0000000020000000 0x0000000000010000 xrw
FLASH            0x0000000008000000 0x0000000000040000 xr
*default*        0x0000000000000000 0xffffffffffffffff

Linker script and memory map

LOAD c:/st/stm32cubeide_1.10.1/stm32cubeide/plugins/com.st.stm32cube.ide.mcu.externaltools.gnu-tools-for-stm32.10.3-2021.10.win32_1.0.0.202111181127/tools/bin/../lib/gcc/arm-none-eabi/10.3.1/thumb/v7e-m+fp/hard/crti.o
LOAD c:/st/stm32cubeide_1.10.1/stm32cubeide/plugins/com.st.stm32cube.ide.mcu.externaltools.gnu-tools-for-stm32.10.3-2021.10.win32_1.0.0.202111181127/tools/bin/../lib/gcc/arm-none-eabi/10.3.1/thumb/v7e-m+fp/hard/crtbegin.o
LOAD c:/st/stm32cubeide_1.10.1/stm32cubeide/plugins/com.st.stm32cube.ide.mcu.externaltools.gnu-tools-for-stm32.10.3-2021.10.win32_1.0.0.202111181127/tools/bin/../lib/gcc/arm-none-eabi/10.3.1/../../../../arm-none-eabi/lib/thumb/v7e-m+fp/hard/crt0.o
LOAD ./Core/Src/DWT_Delay.o
LOAD ./Core/Src/bitmaps.o
LOAD ./Core/Src/encoder.o
LOAD ./Core/Src/freertos.o
LOAD ./Core/Src/gui.o
LOAD ./Core/Src/main.o
LOAD ./Core/Src/pump.o
LOAD ./Core/Src/stepper.o
LOAD ./Core/Src/stepper_motor.o
LOAD ./Core/Src/stepper_motor_cfg.o
LOAD ./Core/Src/stm32f4xx_hal_msp.o
LOAD ./Core/Src/stm32f4xx_hal_timebase_tim.o
LOAD ./Core/Src/stm32f4xx_it.o
LOAD ./Core/Src/syscalls.o
LOAD ./Core/Src/sysmem.o
LOAD ./Core/Src/system_stm32f4xx.o
LOAD ./Core/Src/tof.o
LOAD ./Core/Startup/startup_stm32f401ccux.o
LOAD ./Drivers/OLED/ssd1306.o
LOAD ./Drivers/OLED/ssd1306_fonts.o
LOAD ./Drivers/STM32F4xx_HAL_Driver/Src/stm32f4xx_hal.o
LOAD ./Drivers/STM32F4xx_HAL_Driver/Src/stm32f4xx_hal_cortex.o
LOAD ./Drivers/STM32F4xx_HAL_Driver/Src/stm32f4xx_hal_dma.o
LOAD ./Drivers/STM32F4xx_HAL_Driver/Src/stm32f4xx_hal_dma_ex.o
LOAD ./Drivers/STM32F4xx_HAL_Driver/Src/stm32f4xx_hal_exti.o
LOAD ./Drivers/STM32F4xx_HAL_Driver/Src/stm32f4xx_hal_flash.o
LOAD ./Drivers/STM32F4xx_HAL_Driver/Src/stm32f4xx_hal_flash_ex.o
LOAD ./Drivers/STM32F4xx_HAL_Driver/Src/stm32f4xx_hal_flash_ramfunc.o
LOAD ./Drivers/STM32F4xx_HAL_Driver/Src/stm32f4xx_hal_gpio.o
LOAD ./Drivers/STM32F4xx_HAL_Driver/Src/stm32f4xx_hal_i2c.o
LOAD ./Drivers/STM32F4xx_HAL_Driver/Src/stm32f4xx_hal_i2c_ex.o
LOAD ./Drivers/STM32F4xx_HAL_Driver/Src/stm32f4xx_hal_pwr.o
LOAD ./Drivers/STM32F4xx_HAL_Driver/Src/stm32f4xx_hal_pwr_ex.o
LOAD ./Drivers/STM32F4xx_HAL_Driver/Src/stm32f4xx_hal_rcc.o
LOAD ./Drivers/STM32F4xx_HAL_Driver/Src/stm32f4xx_hal_rcc_ex.o
LOAD ./Drivers/STM32F4xx_HAL_Driver/Src/stm32f4xx_hal_tim.o
LOAD ./Drivers/STM32F4xx_HAL_Driver/Src/stm32f4xx_hal_tim_ex.o
LOAD ./Middlewares/Third_Party/FreeRTOS/Source/CMSIS_RTOS_V2/cmsis_os2.o
LOAD ./Middlewares/Third_Party/FreeRTOS/Source/croutine.o
LOAD ./Middlewares/Third_Party/FreeRTOS/Source/event_groups.o
LOAD ./Middlewares/Third_Party/FreeRTOS/Source/list.o
LOAD ./Middlewares/Third_Party/FreeRTOS/Source/queue.o
LOAD ./Middlewares/Third_Party/FreeRTOS/Source/stream_buffer.o
LOAD ./Middlewares/Third_Party/FreeRTOS/Source/tasks.o
LOAD ./Middlewares/Third_Party/FreeRTOS/Source/timers.o
LOAD ./Middlewares/Third_Party/FreeRTOS/Source/portable/GCC/ARM_CM4F/port.o
LOAD ./Middlewares/Third_Party/FreeRTOS/Source/portable/MemMang/heap_4.o
START GROUP
LOAD c:/st/stm32cubeide_1.10.1/stm32cubeide/plugins/com.st.stm32cube.ide.mcu.externaltools.gnu-tools-for-stm32.10.3-2021.10.win32_1.0.0.202111181127/tools/bin/../lib/gcc/arm-none-eabi/10.3.1/../../../../arm-none-eabi/lib/thumb/v7e-m+fp/hard\libc_nano.a
LOAD c:/st/stm32cubeide_1.10.1/stm32cubeide/plugins/com.st.stm32cube.ide.mcu.externaltools.gnu-tools-for-stm32.10.3-2021.10.win32_1.0.0.202111181127/tools/bin/../lib/gcc/arm-none-eabi/10.3.1/../../../../arm-none-eabi/lib/thumb/v7e-m+fp/hard\libm.a
END GROUP
START GROUP
LOAD c:/st/stm32cubeide_1.10.1/stm32cubeide/plugins/com.st.stm32cube.ide.mcu.externaltools.gnu-tools-for-stm32.10.3-2021.10.win32_1.0.0.202111181127/tools/bin/../lib/gcc/arm-none-eabi/10.3.1/thumb/v7e-m+fp/hard\libgcc.a
LOAD c:/st/stm32cubeide_1.10.1/stm32cubeide/plugins/com.st.stm32cube.ide.mcu.externaltools.gnu-tools-for-stm32.10.3-2021.10.win32_1.0.0.202111181127/tools/bin/../lib/gcc/arm-none-eabi/10.3.1/../../../../arm-none-eabi/lib/thumb/v7e-m+fp/hard\libc_nano.a
END GROUP
START GROUP
LOAD c:/st/stm32cubeide_1.10.1/stm32cubeide/plugins/com.st.stm32cube.ide.mcu.externaltools.gnu-tools-for-stm32.10.3-2021.10.win32_1.0.0.202111181127/tools/bin/../lib/gcc/arm-none-eabi/10.3.1/thumb/v7e-m+fp/hard\libgcc.a
LOAD c:/st/stm32cubeide_1.10.1/stm32cubeide/plugins/com.st.stm32cube.ide.mcu.externaltools.gnu-tools-for-stm32.10.3-2021.10.win32_1.0.0.202111181127/tools/bin/../lib/gcc/arm-none-eabi/10.3.1/../../../../arm-none-eabi/lib/thumb/v7e-m+fp/hard\libc_nano.a
LOAD c:/st/stm32cubeide_1.10.1/stm32cubeide/plugins/com.st.stm32cube.ide.mcu.externaltools.gnu-tools-for-stm32.10.3-2021.10.win32_1.0.0.202111181127/tools/bin/../lib/gcc/arm-none-eabi/10.3.1/../../../../arm-none-eabi/lib/thumb/v7e-m+fp/hard\libnosys.a
END GROUP
START GROUP
LOAD c:/st/stm32cubeide_1.10.1/stm32cubeide/plugins/com.st.stm32cube.ide.mcu.externaltools.gnu-tools-for-stm32.10.3-2021.10.win32_1.0.0.202111181127/tools/bin/../lib/gcc/arm-none-eabi/10.3.1/thumb/v7e-m+fp/hard\libgcc.a
LOAD c:/st/stm32cubeide_1.10.1/stm32cubeide/plugins/com.st.stm32cube.ide.mcu.externaltools.gnu-tools-for-stm32.10.3-2021.10.win32_1.0.0.202111181127/tools/bin/../lib/gcc/arm-none-eabi/10.3.1/../../../../arm-none-eabi/lib/thumb/v7e-m+fp/hard\libc_nano.a
LOAD c:/st/stm32cubeide_1.10.1/stm32cubeide/plugins/com.st.stm32cube.ide.mcu.externaltools.gnu-tools-for-stm32.10.3-2021.10.win32_1.0.0.202111181127/tools/bin/../lib/gcc/arm-none-eabi/10.3.1/../../../../arm-none-eabi/lib/thumb/v7e-m+fp/hard\libnosys.a
END GROUP
LOAD c:/st/stm32cubeide_1.10.1/stm32cubeide/plugins/com.st.stm32cube.ide.mcu.externaltools.gnu-tools-for-stm32.10.3-2021.10.win32_1.0.0.202111181127/tools/bin/../lib/gcc/arm-none-eabi/10.3.1/thumb/v7e-m+fp/hard/crtend.o
LOAD c:/st/stm32cubeide_1.10.1/stm32cubeide/plugins/com.st.stm32cube.ide.mcu.externaltools.gnu-tools-for-stm32.10.3-2021.10.win32_1.0.0.202111181127/tools/bin/../lib/gcc/arm-none-eabi/10.3.1/thumb/v7e-m+fp/hard/crtn.o
                0x0000000020010000                _estack = (ORIGIN (RAM) + LENGTH (RAM))
                0x0000000000000200                _Min_Heap_Size = 0x200
                0x0000000000000400                _Min_Stack_Size = 0x400

.isr_vector     0x0000000008000000      0x194
                0x0000000008000000                . = ALIGN (0x4)
 *(.isr_vector)
 .isr_vector    0x0000000008000000      0x194 ./Core/Startup/startup_stm32f401ccux.o
                0x0000000008000000                g_pfnVectors
                0x0000000008000194                . = ALIGN (0x4)

.text           0x00000000080001a0     0x9180
                0x00000000080001a0                . = ALIGN (0x4)
 *(.text)
 .text          0x00000000080001a0       0x40 c:/st/stm32cubeide_1.10.1/stm32cubeide/plugins/com.st.stm32cube.ide.mcu.externaltools.gnu-tools-for-stm32.10.3-2021.10.win32_1.0.0.202111181127/tools/bin/../lib/gcc/arm-none-eabi/10.3.1/thumb/v7e-m+fp/hard/crtbegin.o
 .text          0x00000000080001e0       0x30 c:/st/stm32cubeide_1.10.1/stm32cubeide/plugins/com.st.stm32cube.ide.mcu.externaltools.gnu-tools-for-stm32.10.3-2021.10.win32_1.0.0.202111181127/tools/bin/../lib/gcc/arm-none-eabi/10.3.1/thumb/v7e-m+fp/hard\libgcc.a(_aeabi_uldivmod.o)
                0x00000000080001e0                __aeabi_uldivmod
 .text          0x0000000008000210      0x2d0 c:/st/stm32cubeide_1.10.1/stm32cubeide/plugins/com.st.stm32cube.ide.mcu.externaltools.gnu-tools-for-stm32.10.3-2021.10.win32_1.0.0.202111181127/tools/bin/../lib/gcc/arm-none-eabi/10.3.1/thumb/v7e-m+fp/hard\libgcc.a(_udivmoddi4.o)
                0x0000000008000210                __udivmoddi4
 .text          0x00000000080004e0        0x4 c:/st/stm32cubeide_1.10.1/stm32cubeide/plugins/com.st.stm32cube.ide.mcu.externaltools.gnu-tools-for-stm32.10.3-2021.10.win32_1.0.0.202111181127/tools/bin/../lib/gcc/arm-none-eabi/10.3.1/thumb/v7e-m+fp/hard\libgcc.a(_dvmd_tls.o)
                0x00000000080004e0                __aeabi_idiv0
                0x00000000080004e0                __aeabi_ldiv0
 *(.text*)
 .text.DWT_Delay_Init
                0x00000000080004e4       0x60 ./Core/Src/DWT_Delay.o
                0x00000000080004e4                DWT_Delay_Init
 .text.ResetPosition
                0x0000000008000544       0x1c ./Core/Src/encoder.o
                0x0000000008000544                ResetPosition
 .text.SetAnimationTime
                0x0000000008000560       0x98 ./Core/Src/gui.o
                0x0000000008000560                SetAnimationTime
 .text.DrawShotSearching
                0x00000000080005f8       0x88 ./Core/Src/gui.o
                0x00000000080005f8                DrawShotSearching
 .text.DrawShotFill
                0x0000000008000680       0xd8 ./Core/Src/gui.o
                0x0000000008000680                DrawShotFill
 .text.Print    0x0000000008000758       0x3c ./Core/Src/gui.o
                0x0000000008000758                Print
 .text.HAL_TIM_IC_CaptureCallback
                0x0000000008000794       0x28 ./Core/Src/main.o
                0x0000000008000794                HAL_TIM_IC_CaptureCallback
 .text.main     0x00000000080007bc      0x130 ./Core/Src/main.o
                0x00000000080007bc                main
 .text.SystemClock_Config
                0x00000000080008ec       0xd4 ./Core/Src/main.o
                0x00000000080008ec                SystemClock_Config
 .text.MX_I2C1_Init
                0x00000000080009c0       0x5c ./Core/Src/main.o
 .text.MX_I2C2_Init
                0x0000000008000a1c       0x5c ./Core/Src/main.o
 .text.MX_TIM2_Init
                0x0000000008000a78       0x98 ./Core/Src/main.o
 .text.MX_TIM3_Init
                0x0000000008000b10       0xa8 ./Core/Src/main.o
 .text.MX_TIM4_Init
                0x0000000008000bb8       0x74 ./Core/Src/main.o
 .text.MX_TIM10_Init
                0x0000000008000c2c       0x48 ./Core/Src/main.o
 .text.MX_TIM11_Init
                0x0000000008000c74       0x48 ./Core/Src/main.o
 .text.MX_GPIO_Init
                0x0000000008000cbc      0x148 ./Core/Src/main.o
 .text.StartMainTask
                0x0000000008000e04       0x10 ./Core/Src/main.o
                0x0000000008000e04                StartMainTask
 .text.StartDebouncingTask
                0x0000000008000e14       0x64 ./Core/Src/main.o
                0x0000000008000e14                StartDebouncingTask
 .text.StartPumpTask
                0x0000000008000e78       0x10 ./Core/Src/main.o
                0x0000000008000e78                StartPumpTask
 .text.StartOledTask
                0x0000000008000e88      0x4d0 ./Core/Src/main.o
                0x0000000008000e88                StartOledTask
 .text.HAL_TIM_PeriodElapsedCallback
                0x0000000008001358       0x3c ./Core/Src/main.o
                0x0000000008001358                HAL_TIM_PeriodElapsedCallback
 .text.Error_Handler
                0x0000000008001394        0xa ./Core/Src/main.o
                0x0000000008001394                Error_Handler
 *fill*         0x000000000800139e        0x2 
 .text.StopPump
                0x00000000080013a0       0x30 ./Core/Src/pump.o
                0x00000000080013a0                StopPump
 .text.STEPPERS_Init
                0x00000000080013d0      0x288 ./Core/Src/stepper_motor.o
                0x00000000080013d0                STEPPERS_Init
 .text.STEPPERS_Init_TMR
                0x0000000008001658       0x90 ./Core/Src/stepper_motor.o
                0x0000000008001658                STEPPERS_Init_TMR
 .text.STEPPER_One_Step
                0x00000000080016e8      0x4b4 ./Core/Src/stepper_motor.o
 .text.STEPPER_Step_NonBlocking
                0x0000000008001b9c       0x58 ./Core/Src/stepper_motor.o
                0x0000000008001b9c                STEPPER_Step_NonBlocking
 .text.STEPPER_Stop
                0x0000000008001bf4       0xdc ./Core/Src/stepper_motor.o
                0x0000000008001bf4                STEPPER_Stop
 .text.STEPPER_TMR_OVF_ISR
                0x0000000008001cd0       0xe8 ./Core/Src/stepper_motor.o
                0x0000000008001cd0                STEPPER_TMR_OVF_ISR
 .text.HAL_MspInit
                0x0000000008001db8       0x58 ./Core/Src/stm32f4xx_hal_msp.o
                0x0000000008001db8                HAL_MspInit
 .text.HAL_I2C_MspInit
                0x0000000008001e10      0x118 ./Core/Src/stm32f4xx_hal_msp.o
                0x0000000008001e10                HAL_I2C_MspInit
 .text.HAL_TIM_Base_MspInit
                0x0000000008001f28       0xb4 ./Core/Src/stm32f4xx_hal_msp.o
                0x0000000008001f28                HAL_TIM_Base_MspInit
 .text.HAL_TIM_Encoder_MspInit
                0x0000000008001fdc       0xa0 ./Core/Src/stm32f4xx_hal_msp.o
                0x0000000008001fdc                HAL_TIM_Encoder_MspInit
 .text.HAL_TIM_OnePulse_MspInit
                0x000000000800207c       0x44 ./Core/Src/stm32f4xx_hal_msp.o
                0x000000000800207c                HAL_TIM_OnePulse_MspInit
 .text.HAL_InitTick
                0x00000000080020c0       0xe4 ./Core/Src/stm32f4xx_hal_timebase_tim.o
                0x00000000080020c0                HAL_InitTick
 .text.NMI_Handler
                0x00000000080021a4        0x6 ./Core/Src/stm32f4xx_it.o
                0x00000000080021a4                NMI_Handler
 .text.HardFault_Handler
                0x00000000080021aa        0x6 ./Core/Src/stm32f4xx_it.o
                0x00000000080021aa                HardFault_Handler
 .text.MemManage_Handler
                0x00000000080021b0        0x6 ./Core/Src/stm32f4xx_it.o
                0x00000000080021b0                MemManage_Handler
 .text.BusFault_Handler
                0x00000000080021b6        0x6 ./Core/Src/stm32f4xx_it.o
                0x00000000080021b6                BusFault_Handler
 .text.UsageFault_Handler
                0x00000000080021bc        0x6 ./Core/Src/stm32f4xx_it.o
                0x00000000080021bc                UsageFault_Handler
 .text.DebugMon_Handler
                0x00000000080021c2        0xe ./Core/Src/stm32f4xx_it.o
                0x00000000080021c2                DebugMon_Handler
 .text.TIM1_UP_TIM10_IRQHandler
                0x00000000080021d0       0x1c ./Core/Src/stm32f4xx_it.o
                0x00000000080021d0                TIM1_UP_TIM10_IRQHandler
 .text.TIM2_IRQHandler
                0x00000000080021ec       0x14 ./Core/Src/stm32f4xx_it.o
                0x00000000080021ec                TIM2_IRQHandler
 .text.TIM3_IRQHandler
                0x0000000008002200       0x14 ./Core/Src/stm32f4xx_it.o
                0x0000000008002200                TIM3_IRQHandler
 .text.SystemInit
                0x0000000008002214       0x24 ./Core/Src/system_stm32f4xx.o
                0x0000000008002214                SystemInit
 .text.tofInit  0x0000000008002238       0x18 ./Core/Src/tof.o
                0x0000000008002238                tofInit
 .text.readReg16
                0x0000000008002250       0x4c ./Core/Src/tof.o
 .text.readReg  0x000000000800229c       0x40 ./Core/Src/tof.o
 .text.readMulti
                0x00000000080022dc       0x40 ./Core/Src/tof.o
 .text.writeMulti
                0x000000000800231c       0xa0 ./Core/Src/tof.o
 .text.writeReg16
                0x00000000080023bc       0x44 ./Core/Src/tof.o
 .text.writeReg
                0x0000000008002400       0x38 ./Core/Src/tof.o
 .text.writeRegList
                0x0000000008002438       0x48 ./Core/Src/tof.o
 .text.getSpadInfo
                0x0000000008002480       0xcc ./Core/Src/tof.o
 .text.decodeTimeout
                0x000000000800254c       0x28 ./Core/Src/tof.o
 .text.timeoutMclksToMicroseconds
                0x0000000008002574       0x50 ./Core/Src/tof.o
 .text.timeoutMicrosecondsToMclks
                0x00000000080025c4       0x4c ./Core/Src/tof.o
 .text.encodeTimeout
                0x0000000008002610       0x58 ./Core/Src/tof.o
 .text.getSequenceStepTimeouts
                0x0000000008002668       0xe0 ./Core/Src/tof.o
 .text.setVcselPulsePeriod
                0x0000000008002748      0x2a0 ./Core/Src/tof.o
 .text.setMeasurementTimingBudget
                0x00000000080029e8      0x13c ./Core/Src/tof.o
 .text.getMeasurementTimingBudget
                0x0000000008002b24       0xd4 ./Core/Src/tof.o
 .text.performSingleRefCalibration
                0x0000000008002bf8       0x60 ./Core/Src/tof.o
 .text.initSensor
                0x0000000008002c58      0x1e8 ./Core/Src/tof.o
 .text.Reset_Handler
                0x0000000008002e40       0x50 ./Core/Startup/startup_stm32f401ccux.o
                0x0000000008002e40                Reset_Handler
 .text.Default_Handler
                0x0000000008002e90        0x2 ./Core/Startup/startup_stm32f401ccux.o
                0x0000000008002e90                RTC_Alarm_IRQHandler
                0x0000000008002e90                EXTI2_IRQHandler
                0x0000000008002e90                SPI4_IRQHandler
                0x0000000008002e90                TIM1_CC_IRQHandler
                0x0000000008002e90                DMA2_Stream5_IRQHandler
                0x0000000008002e90                DMA1_Stream5_IRQHandler
                0x0000000008002e90                PVD_IRQHandler
                0x0000000008002e90                SDIO_IRQHandler
                0x0000000008002e90                TAMP_STAMP_IRQHandler
                0x0000000008002e90                EXTI3_IRQHandler
                0x0000000008002e90                I2C3_ER_IRQHandler
                0x0000000008002e90                EXTI0_IRQHandler
                0x0000000008002e90                I2C2_EV_IRQHandler
                0x0000000008002e90                DMA1_Stream2_IRQHandler
                0x0000000008002e90                FPU_IRQHandler
                0x0000000008002e90                DMA2_Stream2_IRQHandler
                0x0000000008002e90                SPI1_IRQHandler
                0x0000000008002e90                TIM1_BRK_TIM9_IRQHandler
                0x0000000008002e90                DMA2_Stream3_IRQHandler
                0x0000000008002e90                USART6_IRQHandler
                0x0000000008002e90                DMA2_Stream0_IRQHandler
                0x0000000008002e90                TIM4_IRQHandler
                0x0000000008002e90                I2C1_EV_IRQHandler
                0x0000000008002e90                DMA1_Stream6_IRQHandler
                0x0000000008002e90                DMA1_Stream1_IRQHandler
                0x0000000008002e90                RCC_IRQHandler
                0x0000000008002e90                Default_Handler
                0x0000000008002e90                EXTI15_10_IRQHandler
                0x0000000008002e90                ADC_IRQHandler
                0x0000000008002e90                DMA1_Stream7_IRQHandler
                0x0000000008002e90                TIM5_IRQHandler
                0x0000000008002e90                DMA2_Stream7_IRQHandler
                0x0000000008002e90                I2C3_EV_IRQHandler
                0x0000000008002e90                EXTI9_5_IRQHandler
                0x0000000008002e90                RTC_WKUP_IRQHandler
                0x0000000008002e90                SPI2_IRQHandler
                0x0000000008002e90                DMA1_Stream0_IRQHandler
                0x0000000008002e90                EXTI4_IRQHandler
                0x0000000008002e90                WWDG_IRQHandler
                0x0000000008002e90                OTG_FS_WKUP_IRQHandler
                0x0000000008002e90                TIM1_TRG_COM_TIM11_IRQHandler
                0x0000000008002e90                EXTI1_IRQHandler
                0x0000000008002e90                USART2_IRQHandler
                0x0000000008002e90                I2C2_ER_IRQHandler
                0x0000000008002e90                DMA2_Stream1_IRQHandler
                0x0000000008002e90                FLASH_IRQHandler
                0x0000000008002e90                DMA2_Stream4_IRQHandler
                0x0000000008002e90                USART1_IRQHandler
                0x0000000008002e90                OTG_FS_IRQHandler
                0x0000000008002e90                SPI3_IRQHandler
                0x0000000008002e90                DMA1_Stream4_IRQHandler
                0x0000000008002e90                I2C1_ER_IRQHandler
                0x0000000008002e90                DMA2_Stream6_IRQHandler
                0x0000000008002e90                DMA1_Stream3_IRQHandler
 .text.SSD1306_DrawBitmap
                0x0000000008002e92       0xd0 ./Drivers/OLED/ssd1306.o
                0x0000000008002e92                SSD1306_DrawBitmap
 *fill*         0x0000000008002f62        0x2 
 .text.SSD1306_Init
                0x0000000008002f64      0x188 ./Drivers/OLED/ssd1306.o
                0x0000000008002f64                SSD1306_Init
 .text.SSD1306_UpdateScreen
                0x00000000080030ec       0x5c ./Drivers/OLED/ssd1306.o
                0x00000000080030ec                SSD1306_UpdateScreen
 .text.SSD1306_Fill
                0x0000000008003148       0x30 ./Drivers/OLED/ssd1306.o
                0x0000000008003148                SSD1306_Fill
 .text.SSD1306_DrawPixel
                0x0000000008003178       0xc0 ./Drivers/OLED/ssd1306.o
                0x0000000008003178                SSD1306_DrawPixel
 .text.SSD1306_GotoXY
                0x0000000008003238       0x2c ./Drivers/OLED/ssd1306.o
                0x0000000008003238                SSD1306_GotoXY
 .text.SSD1306_Putc
                0x0000000008003264      0x100 ./Drivers/OLED/ssd1306.o
                0x0000000008003264                SSD1306_Putc
 .text.SSD1306_Puts
                0x0000000008003364       0x4a ./Drivers/OLED/ssd1306.o
                0x0000000008003364                SSD1306_Puts
 .text.SSD1306_DrawLine
                0x00000000080033ae      0x1f6 ./Drivers/OLED/ssd1306.o
                0x00000000080033ae                SSD1306_DrawLine
 .text.SSD1306_DrawRectangle
                0x00000000080035a4       0xd4 ./Drivers/OLED/ssd1306.o
                0x00000000080035a4                SSD1306_DrawRectangle
 .text.SSD1306_DrawFilledRectangle
                0x0000000008003678       0x9a ./Drivers/OLED/ssd1306.o
                0x0000000008003678                SSD1306_DrawFilledRectangle
 .text.SSD1306_Clear
                0x0000000008003712       0x12 ./Drivers/OLED/ssd1306.o
                0x0000000008003712                SSD1306_Clear
 .text.ssd1306_I2C_Init
                0x0000000008003724       0x2c ./Drivers/OLED/ssd1306.o
                0x0000000008003724                ssd1306_I2C_Init
 .text.ssd1306_I2C_WriteMulti
                0x0000000008003750       0xcc ./Drivers/OLED/ssd1306.o
                0x0000000008003750                ssd1306_I2C_WriteMulti
 .text.ssd1306_I2C_Write
                0x000000000800381c       0x3c ./Drivers/OLED/ssd1306.o
                0x000000000800381c                ssd1306_I2C_Write
 .text.HAL_Init
                0x0000000008003858       0x44 ./Drivers/STM32F4xx_HAL_Driver/Src/stm32f4xx_hal.o
                0x0000000008003858                HAL_Init
 .text.HAL_IncTick
                0x000000000800389c       0x28 ./Drivers/STM32F4xx_HAL_Driver/Src/stm32f4xx_hal.o
                0x000000000800389c                HAL_IncTick
 .text.HAL_GetTick
                0x00000000080038c4       0x18 ./Drivers/STM32F4xx_HAL_Driver/Src/stm32f4xx_hal.o
                0x00000000080038c4                HAL_GetTick
 .text.HAL_Delay
                0x00000000080038dc       0x48 ./Drivers/STM32F4xx_HAL_Driver/Src/stm32f4xx_hal.o
                0x00000000080038dc                HAL_Delay
 .text.__NVIC_SetPriorityGrouping
                0x0000000008003924       0x48 ./Drivers/STM32F4xx_HAL_Driver/Src/stm32f4xx_hal_cortex.o
 .text.__NVIC_GetPriorityGrouping
                0x000000000800396c       0x1c ./Drivers/STM32F4xx_HAL_Driver/Src/stm32f4xx_hal_cortex.o
 .text.__NVIC_EnableIRQ
                0x0000000008003988       0x3c ./Drivers/STM32F4xx_HAL_Driver/Src/stm32f4xx_hal_cortex.o
 .text.__NVIC_SetPriority
                0x00000000080039c4       0x54 ./Drivers/STM32F4xx_HAL_Driver/Src/stm32f4xx_hal_cortex.o
 .text.NVIC_EncodePriority
                0x0000000008003a18       0x66 ./Drivers/STM32F4xx_HAL_Driver/Src/stm32f4xx_hal_cortex.o
 .text.HAL_NVIC_SetPriorityGrouping
                0x0000000008003a7e       0x16 ./Drivers/STM32F4xx_HAL_Driver/Src/stm32f4xx_hal_cortex.o
                0x0000000008003a7e                HAL_NVIC_SetPriorityGrouping
 .text.HAL_NVIC_SetPriority
                0x0000000008003a94       0x38 ./Drivers/STM32F4xx_HAL_Driver/Src/stm32f4xx_hal_cortex.o
                0x0000000008003a94                HAL_NVIC_SetPriority
 .text.HAL_NVIC_EnableIRQ
                0x0000000008003acc       0x1c ./Drivers/STM32F4xx_HAL_Driver/Src/stm32f4xx_hal_cortex.o
                0x0000000008003acc                HAL_NVIC_EnableIRQ
 .text.HAL_GPIO_Init
                0x0000000008003ae8      0x308 ./Drivers/STM32F4xx_HAL_Driver/Src/stm32f4xx_hal_gpio.o
                0x0000000008003ae8                HAL_GPIO_Init
 .text.HAL_GPIO_ReadPin
                0x0000000008003df0       0x30 ./Drivers/STM32F4xx_HAL_Driver/Src/stm32f4xx_hal_gpio.o
                0x0000000008003df0                HAL_GPIO_ReadPin
 .text.HAL_GPIO_WritePin
                0x0000000008003e20       0x32 ./Drivers/STM32F4xx_HAL_Driver/Src/stm32f4xx_hal_gpio.o
                0x0000000008003e20                HAL_GPIO_WritePin
 .text.HAL_GPIO_TogglePin
                0x0000000008003e52       0x34 ./Drivers/STM32F4xx_HAL_Driver/Src/stm32f4xx_hal_gpio.o
                0x0000000008003e52                HAL_GPIO_TogglePin
 *fill*         0x0000000008003e86        0x2 
 .text.HAL_I2C_Init
                0x0000000008003e88      0x288 ./Drivers/STM32F4xx_HAL_Driver/Src/stm32f4xx_hal_i2c.o
                0x0000000008003e88                HAL_I2C_Init
 .text.HAL_I2C_Master_Transmit
                0x0000000008004110      0x1fc ./Drivers/STM32F4xx_HAL_Driver/Src/stm32f4xx_hal_i2c.o
                0x0000000008004110                HAL_I2C_Master_Transmit
 .text.HAL_I2C_Master_Receive
                0x000000000800430c      0x44c ./Drivers/STM32F4xx_HAL_Driver/Src/stm32f4xx_hal_i2c.o
                0x000000000800430c                HAL_I2C_Master_Receive
 .text.HAL_I2C_IsDeviceReady
                0x0000000008004758      0x25c ./Drivers/STM32F4xx_HAL_Driver/Src/stm32f4xx_hal_i2c.o
                0x0000000008004758                HAL_I2C_IsDeviceReady
 .text.I2C_MasterRequestWrite
                0x00000000080049b4      0x104 ./Drivers/STM32F4xx_HAL_Driver/Src/stm32f4xx_hal_i2c.o
 .text.I2C_MasterRequestRead
                0x0000000008004ab8      0x19c ./Drivers/STM32F4xx_HAL_Driver/Src/stm32f4xx_hal_i2c.o
 .text.I2C_WaitOnFlagUntilTimeout
                0x0000000008004c54       0xae ./Drivers/STM32F4xx_HAL_Driver/Src/stm32f4xx_hal_i2c.o
 .text.I2C_WaitOnMasterAddressFlagUntilTimeout
                0x0000000008004d02       0xfe ./Drivers/STM32F4xx_HAL_Driver/Src/stm32f4xx_hal_i2c.o
 .text.I2C_WaitOnTXEFlagUntilTimeout
                0x0000000008004e00       0x82 ./Drivers/STM32F4xx_HAL_Driver/Src/stm32f4xx_hal_i2c.o
 .text.I2C_WaitOnBTFFlagUntilTimeout
                0x0000000008004e82       0x82 ./Drivers/STM32F4xx_HAL_Driver/Src/stm32f4xx_hal_i2c.o
 .text.I2C_WaitOnRXNEFlagUntilTimeout
                0x0000000008004f04       0xac ./Drivers/STM32F4xx_HAL_Driver/Src/stm32f4xx_hal_i2c.o
 .text.I2C_IsAcknowledgeFailed
                0x0000000008004fb0       0x5e ./Drivers/STM32F4xx_HAL_Driver/Src/stm32f4xx_hal_i2c.o
 *fill*         0x000000000800500e        0x2 
 .text.HAL_RCC_OscConfig
                0x0000000008005010      0x4f0 ./Drivers/STM32F4xx_HAL_Driver/Src/stm32f4xx_hal_rcc.o
                0x0000000008005010                HAL_RCC_OscConfig
 .text.HAL_RCC_ClockConfig
                0x0000000008005500      0x1cc ./Drivers/STM32F4xx_HAL_Driver/Src/stm32f4xx_hal_rcc.o
                0x0000000008005500                HAL_RCC_ClockConfig
 .text.HAL_RCC_GetSysClockFreq
                0x00000000080056cc      0x18c ./Drivers/STM32F4xx_HAL_Driver/Src/stm32f4xx_hal_rcc.o
                0x00000000080056cc                HAL_RCC_GetSysClockFreq
 .text.HAL_RCC_GetHCLKFreq
                0x0000000008005858       0x18 ./Drivers/STM32F4xx_HAL_Driver/Src/stm32f4xx_hal_rcc.o
                0x0000000008005858                HAL_RCC_GetHCLKFreq
 .text.HAL_RCC_GetPCLK1Freq
                0x0000000008005870       0x28 ./Drivers/STM32F4xx_HAL_Driver/Src/stm32f4xx_hal_rcc.o
                0x0000000008005870                HAL_RCC_GetPCLK1Freq
 .text.HAL_RCC_GetPCLK2Freq
                0x0000000008005898       0x28 ./Drivers/STM32F4xx_HAL_Driver/Src/stm32f4xx_hal_rcc.o
                0x0000000008005898                HAL_RCC_GetPCLK2Freq
 .text.HAL_RCC_GetClockConfig
                0x00000000080058c0       0x64 ./Drivers/STM32F4xx_HAL_Driver/Src/stm32f4xx_hal_rcc.o
                0x00000000080058c0                HAL_RCC_GetClockConfig
 .text.HAL_TIM_Base_Init
                0x0000000008005924       0x9e ./Drivers/STM32F4xx_HAL_Driver/Src/stm32f4xx_hal_tim.o
                0x0000000008005924                HAL_TIM_Base_Init
 *fill*         0x00000000080059c2        0x2 
 .text.HAL_TIM_Base_Start_IT
                0x00000000080059c4       0xc4 ./Drivers/STM32F4xx_HAL_Driver/Src/stm32f4xx_hal_tim.o
                0x00000000080059c4                HAL_TIM_Base_Start_IT
 .text.HAL_TIM_Base_Stop_IT
                0x0000000008005a88       0x5e ./Drivers/STM32F4xx_HAL_Driver/Src/stm32f4xx_hal_tim.o
                0x0000000008005a88                HAL_TIM_Base_Stop_IT
 .text.HAL_TIM_OnePulse_Init
                0x0000000008005ae6       0xa0 ./Drivers/STM32F4xx_HAL_Driver/Src/stm32f4xx_hal_tim.o
                0x0000000008005ae6                HAL_TIM_OnePulse_Init
 .text.HAL_TIM_Encoder_Init
                0x0000000008005b86      0x14c ./Drivers/STM32F4xx_HAL_Driver/Src/stm32f4xx_hal_tim.o
                0x0000000008005b86                HAL_TIM_Encoder_Init
 .text.HAL_TIM_Encoder_Start_IT
                0x0000000008005cd2      0x15c ./Drivers/STM32F4xx_HAL_Driver/Src/stm32f4xx_hal_tim.o
                0x0000000008005cd2                HAL_TIM_Encoder_Start_IT
 .text.HAL_TIM_IRQHandler
                0x0000000008005e2e      0x210 ./Drivers/STM32F4xx_HAL_Driver/Src/stm32f4xx_hal_tim.o
                0x0000000008005e2e                HAL_TIM_IRQHandler
 .text.HAL_TIM_ConfigClockSource
                0x000000000800603e      0x18e ./Drivers/STM32F4xx_HAL_Driver/Src/stm32f4xx_hal_tim.o
                0x000000000800603e                HAL_TIM_ConfigClockSource
 .text.HAL_TIM_OC_DelayElapsedCallback
                0x00000000080061cc       0x14 ./Drivers/STM32F4xx_HAL_Driver/Src/stm32f4xx_hal_tim.o
                0x00000000080061cc                HAL_TIM_OC_DelayElapsedCallback
 .text.HAL_TIM_PWM_PulseFinishedCallback
                0x00000000080061e0       0x14 ./Drivers/STM32F4xx_HAL_Driver/Src/stm32f4xx_hal_tim.o
                0x00000000080061e0                HAL_TIM_PWM_PulseFinishedCallback
 .text.HAL_TIM_TriggerCallback
                0x00000000080061f4       0x14 ./Drivers/STM32F4xx_HAL_Driver/Src/stm32f4xx_hal_tim.o
                0x00000000080061f4                HAL_TIM_TriggerCallback
 .text.TIM_Base_SetConfig
                0x0000000008006208      0x100 ./Drivers/STM32F4xx_HAL_Driver/Src/stm32f4xx_hal_tim.o
                0x0000000008006208                TIM_Base_SetConfig
 .text.TIM_TI1_ConfigInputStage
                0x0000000008006308       0x5e ./Drivers/STM32F4xx_HAL_Driver/Src/stm32f4xx_hal_tim.o
 .text.TIM_TI2_ConfigInputStage
                0x0000000008006366       0x60 ./Drivers/STM32F4xx_HAL_Driver/Src/stm32f4xx_hal_tim.o
 .text.TIM_ITRx_SetConfig
                0x00000000080063c6       0x36 ./Drivers/STM32F4xx_HAL_Driver/Src/stm32f4xx_hal_tim.o
 .text.TIM_ETR_SetConfig
                0x00000000080063fc       0x40 ./Drivers/STM32F4xx_HAL_Driver/Src/stm32f4xx_hal_tim.o
                0x00000000080063fc                TIM_ETR_SetConfig
 .text.TIM_CCxChannelCmd
                0x000000000800643c       0x4a ./Drivers/STM32F4xx_HAL_Driver/Src/stm32f4xx_hal_tim.o
                0x000000000800643c                TIM_CCxChannelCmd
 *fill*         0x0000000008006486        0x2 
 .text.HAL_TIMEx_MasterConfigSynchronization
                0x0000000008006488       0xdc ./Drivers/STM32F4xx_HAL_Driver/Src/stm32f4xx_hal_tim_ex.o
                0x0000000008006488                HAL_TIMEx_MasterConfigSynchronization
 .text.HAL_TIMEx_CommutCallback
                0x0000000008006564       0x14 ./Drivers/STM32F4xx_HAL_Driver/Src/stm32f4xx_hal_tim_ex.o
                0x0000000008006564                HAL_TIMEx_CommutCallback
 .text.HAL_TIMEx_BreakCallback
                0x0000000008006578       0x14 ./Drivers/STM32F4xx_HAL_Driver/Src/stm32f4xx_hal_tim_ex.o
                0x0000000008006578                HAL_TIMEx_BreakCallback
 .text.__NVIC_SetPriority
                0x000000000800658c       0x54 ./Middlewares/Third_Party/FreeRTOS/Source/CMSIS_RTOS_V2/cmsis_os2.o
 .text.SysTick_Handler
                0x00000000080065e0       0x20 ./Middlewares/Third_Party/FreeRTOS/Source/CMSIS_RTOS_V2/cmsis_os2.o
                0x00000000080065e0                SysTick_Handler
 .text.SVC_Setup
                0x0000000008006600       0x12 ./Middlewares/Third_Party/FreeRTOS/Source/CMSIS_RTOS_V2/cmsis_os2.o
 *fill*         0x0000000008006612        0x2 
 .text.osKernelInitialize
                0x0000000008006614       0x48 ./Middlewares/Third_Party/FreeRTOS/Source/CMSIS_RTOS_V2/cmsis_os2.o
                0x0000000008006614                osKernelInitialize
 .text.osKernelStart
                0x000000000800665c       0x4c ./Middlewares/Third_Party/FreeRTOS/Source/CMSIS_RTOS_V2/cmsis_os2.o
                0x000000000800665c                osKernelStart
 .text.osThreadNew
                0x00000000080066a8      0x124 ./Middlewares/Third_Party/FreeRTOS/Source/CMSIS_RTOS_V2/cmsis_os2.o
                0x00000000080066a8                osThreadNew
 .text.osDelay  0x00000000080067cc       0x36 ./Middlewares/Third_Party/FreeRTOS/Source/CMSIS_RTOS_V2/cmsis_os2.o
                0x00000000080067cc                osDelay
 *fill*         0x0000000008006802        0x2 
 .text.vApplicationGetIdleTaskMemory
                0x0000000008006804       0x34 ./Middlewares/Third_Party/FreeRTOS/Source/CMSIS_RTOS_V2/cmsis_os2.o
                0x0000000008006804                vApplicationGetIdleTaskMemory
 .text.vApplicationGetTimerTaskMemory
                0x0000000008006838       0x34 ./Middlewares/Third_Party/FreeRTOS/Source/CMSIS_RTOS_V2/cmsis_os2.o
                0x0000000008006838                vApplicationGetTimerTaskMemory
 .text.vListInitialise
                0x000000000800686c       0x40 ./Middlewares/Third_Party/FreeRTOS/Source/list.o
                0x000000000800686c                vListInitialise
 .text.vListInitialiseItem
                0x00000000080068ac       0x1a ./Middlewares/Third_Party/FreeRTOS/Source/list.o
                0x00000000080068ac                vListInitialiseItem
 .text.vListInsertEnd
                0x00000000080068c6       0x48 ./Middlewares/Third_Party/FreeRTOS/Source/list.o
                0x00000000080068c6                vListInsertEnd
 .text.vListInsert
                0x000000000800690e       0x72 ./Middlewares/Third_Party/FreeRTOS/Source/list.o
                0x000000000800690e                vListInsert
 .text.uxListRemove
                0x0000000008006980       0x54 ./Middlewares/Third_Party/FreeRTOS/Source/list.o
                0x0000000008006980                uxListRemove
 .text.xQueueGenericReset
                0x00000000080069d4       0xd0 ./Middlewares/Third_Party/FreeRTOS/Source/queue.o
                0x00000000080069d4                xQueueGenericReset
 .text.xQueueGenericCreateStatic
                0x0000000008006aa4       0xf0 ./Middlewares/Third_Party/FreeRTOS/Source/queue.o
                0x0000000008006aa4                xQueueGenericCreateStatic
 .text.prvInitialiseNewQueue
                0x0000000008006b94       0x46 ./Middlewares/Third_Party/FreeRTOS/Source/queue.o
 *fill*         0x0000000008006bda        0x2 
 .text.xQueueGenericSend
                0x0000000008006bdc      0x1fc ./Middlewares/Third_Party/FreeRTOS/Source/queue.o
                0x0000000008006bdc                xQueueGenericSend
 .text.xQueueGenericSendFromISR
                0x0000000008006dd8      0x136 ./Middlewares/Third_Party/FreeRTOS/Source/queue.o
                0x0000000008006dd8                xQueueGenericSendFromISR
 *fill*         0x0000000008006f0e        0x2 
 .text.xQueueReceive
                0x0000000008006f10      0x1c0 ./Middlewares/Third_Party/FreeRTOS/Source/queue.o
                0x0000000008006f10                xQueueReceive
 .text.prvCopyDataToQueue
                0x00000000080070d0       0xd4 ./Middlewares/Third_Party/FreeRTOS/Source/queue.o
 .text.prvCopyDataFromQueue
                0x00000000080071a4       0x4c ./Middlewares/Third_Party/FreeRTOS/Source/queue.o
 .text.prvUnlockQueue
                0x00000000080071f0       0xa4 ./Middlewares/Third_Party/FreeRTOS/Source/queue.o
 .text.prvIsQueueEmpty
                0x0000000008007294       0x2c ./Middlewares/Third_Party/FreeRTOS/Source/queue.o
 .text.prvIsQueueFull
                0x00000000080072c0       0x30 ./Middlewares/Third_Party/FreeRTOS/Source/queue.o
 .text.vQueueAddToRegistry
                0x00000000080072f0       0x54 ./Middlewares/Third_Party/FreeRTOS/Source/queue.o
                0x00000000080072f0                vQueueAddToRegistry
 .text.vQueueWaitForMessageRestricted
                0x0000000008007344       0x68 ./Middlewares/Third_Party/FreeRTOS/Source/queue.o
                0x0000000008007344                vQueueWaitForMessageRestricted
 .text.xTaskCreateStatic
                0x00000000080073ac       0xba ./Middlewares/Third_Party/FreeRTOS/Source/tasks.o
                0x00000000080073ac                xTaskCreateStatic
 .text.xTaskCreate
                0x0000000008007466       0x8a ./Middlewares/Third_Party/FreeRTOS/Source/tasks.o
                0x0000000008007466                xTaskCreate
 .text.prvInitialiseNewTask
                0x00000000080074f0      0x14c ./Middlewares/Third_Party/FreeRTOS/Source/tasks.o
 .text.prvAddNewTaskToReadyList
                0x000000000800763c       0xe0 ./Middlewares/Third_Party/FreeRTOS/Source/tasks.o
 .text.vTaskDelay
                0x000000000800771c       0x68 ./Middlewares/Third_Party/FreeRTOS/Source/tasks.o
                0x000000000800771c                vTaskDelay
 .text.vTaskStartScheduler
                0x0000000008007784       0xe0 ./Middlewares/Third_Party/FreeRTOS/Source/tasks.o
                0x0000000008007784                vTaskStartScheduler
 .text.vTaskSuspendAll
                0x0000000008007864       0x1c ./Middlewares/Third_Party/FreeRTOS/Source/tasks.o
                0x0000000008007864                vTaskSuspendAll
 .text.xTaskResumeAll
                0x0000000008007880      0x13c ./Middlewares/Third_Party/FreeRTOS/Source/tasks.o
                0x0000000008007880                xTaskResumeAll
 .text.xTaskGetTickCount
                0x00000000080079bc       0x20 ./Middlewares/Third_Party/FreeRTOS/Source/tasks.o
                0x00000000080079bc                xTaskGetTickCount
 .text.xTaskIncrementTick
                0x00000000080079dc      0x174 ./Middlewares/Third_Party/FreeRTOS/Source/tasks.o
                0x00000000080079dc                xTaskIncrementTick
 .text.vTaskSwitchContext
                0x0000000008007b50       0xc8 ./Middlewares/Third_Party/FreeRTOS/Source/tasks.o
                0x0000000008007b50                vTaskSwitchContext
 .text.vTaskPlaceOnEventList
                0x0000000008007c18       0x48 ./Middlewares/Third_Party/FreeRTOS/Source/tasks.o
                0x0000000008007c18                vTaskPlaceOnEventList
 .text.vTaskPlaceOnEventListRestricted
                0x0000000008007c60       0x58 ./Middlewares/Third_Party/FreeRTOS/Source/tasks.o
                0x0000000008007c60                vTaskPlaceOnEventListRestricted
 .text.xTaskRemoveFromEventList
                0x0000000008007cb8       0xc8 ./Middlewares/Third_Party/FreeRTOS/Source/tasks.o
                0x0000000008007cb8                xTaskRemoveFromEventList
 .text.vTaskInternalSetTimeOutState
                0x0000000008007d80       0x2c ./Middlewares/Third_Party/FreeRTOS/Source/tasks.o
                0x0000000008007d80                vTaskInternalSetTimeOutState
 .text.xTaskCheckForTimeOut
                0x0000000008007dac       0xc4 ./Middlewares/Third_Party/FreeRTOS/Source/tasks.o
                0x0000000008007dac                xTaskCheckForTimeOut
 .text.vTaskMissedYield
                0x0000000008007e70       0x18 ./Middlewares/Third_Party/FreeRTOS/Source/tasks.o
                0x0000000008007e70                vTaskMissedYield
 .text.prvIdleTask
                0x0000000008007e88       0x30 ./Middlewares/Third_Party/FreeRTOS/Source/tasks.o
 .text.prvInitialiseTaskLists
                0x0000000008007eb8       0x80 ./Middlewares/Third_Party/FreeRTOS/Source/tasks.o
 .text.prvCheckTasksWaitingTermination
                0x0000000008007f38       0x5c ./Middlewares/Third_Party/FreeRTOS/Source/tasks.o
 .text.prvDeleteTCB
                0x0000000008007f94       0x68 ./Middlewares/Third_Party/FreeRTOS/Source/tasks.o
 .text.prvResetNextTaskUnblockTime
                0x0000000008007ffc       0x40 ./Middlewares/Third_Party/FreeRTOS/Source/tasks.o
 .text.xTaskGetSchedulerState
                0x000000000800803c       0x3c ./Middlewares/Third_Party/FreeRTOS/Source/tasks.o
                0x000000000800803c                xTaskGetSchedulerState
 .text.xTaskPriorityDisinherit
                0x0000000008008078       0xdc ./Middlewares/Third_Party/FreeRTOS/Source/tasks.o
                0x0000000008008078                xTaskPriorityDisinherit
 .text.prvAddCurrentTaskToDelayedList
                0x0000000008008154       0xa8 ./Middlewares/Third_Party/FreeRTOS/Source/tasks.o
 .text.xTimerCreateTimerTask
                0x00000000080081fc       0x90 ./Middlewares/Third_Party/FreeRTOS/Source/timers.o
                0x00000000080081fc                xTimerCreateTimerTask
 .text.xTimerGenericCommand
                0x000000000800828c       0x9c ./Middlewares/Third_Party/FreeRTOS/Source/timers.o
                0x000000000800828c                xTimerGenericCommand
 .text.prvProcessExpiredTimer
                0x0000000008008328       0x98 ./Middlewares/Third_Party/FreeRTOS/Source/timers.o
 .text.prvTimerTask
                0x00000000080083c0       0x24 ./Middlewares/Third_Party/FreeRTOS/Source/timers.o
 .text.prvProcessTimerOrBlockTask
                0x00000000080083e4       0x9c ./Middlewares/Third_Party/FreeRTOS/Source/timers.o
 .text.prvGetNextExpireTime
                0x0000000008008480       0x48 ./Middlewares/Third_Party/FreeRTOS/Source/timers.o
 .text.prvSampleTimeNow
                0x00000000080084c8       0x40 ./Middlewares/Third_Party/FreeRTOS/Source/timers.o
 .text.prvInsertTimerInActiveList
                0x0000000008008508       0x84 ./Middlewares/Third_Party/FreeRTOS/Source/timers.o
 .text.prvProcessReceivedCommands
                0x000000000800858c      0x1c4 ./Middlewares/Third_Party/FreeRTOS/Source/timers.o
 .text.prvSwitchTimerLists
                0x0000000008008750       0xc8 ./Middlewares/Third_Party/FreeRTOS/Source/timers.o
 .text.prvCheckForValidListAndQueue
                0x0000000008008818       0x80 ./Middlewares/Third_Party/FreeRTOS/Source/timers.o
 .text.pxPortInitialiseStack
                0x0000000008008898       0x68 ./Middlewares/Third_Party/FreeRTOS/Source/portable/GCC/ARM_CM4F/port.o
                0x0000000008008898                pxPortInitialiseStack
 .text.prvTaskExitError
                0x0000000008008900       0x58 ./Middlewares/Third_Party/FreeRTOS/Source/portable/GCC/ARM_CM4F/port.o
 *fill*         0x0000000008008958        0x8 
 .text.SVC_Handler
                0x0000000008008960       0x28 ./Middlewares/Third_Party/FreeRTOS/Source/portable/GCC/ARM_CM4F/port.o
                0x0000000008008960                SVC_Handler
 .text.prvPortStartFirstTask
                0x0000000008008988       0x28 ./Middlewares/Third_Party/FreeRTOS/Source/portable/GCC/ARM_CM4F/port.o
 .text.xPortStartScheduler
                0x00000000080089b0      0x144 ./Middlewares/Third_Party/FreeRTOS/Source/portable/GCC/ARM_CM4F/port.o
                0x00000000080089b0                xPortStartScheduler
 .text.vPortEnterCritical
                0x0000000008008af4       0x60 ./Middlewares/Third_Party/FreeRTOS/Source/portable/GCC/ARM_CM4F/port.o
                0x0000000008008af4                vPortEnterCritical
 .text.vPortExitCritical
                0x0000000008008b54       0x54 ./Middlewares/Third_Party/FreeRTOS/Source/portable/GCC/ARM_CM4F/port.o
                0x0000000008008b54                vPortExitCritical
 *fill*         0x0000000008008ba8        0x8 
 .text.PendSV_Handler
                0x0000000008008bb0       0x68 ./Middlewares/Third_Party/FreeRTOS/Source/portable/GCC/ARM_CM4F/port.o
                0x0000000008008bb0                PendSV_Handler
 .text.xPortSysTickHandler
                0x0000000008008c18       0x44 ./Middlewares/Third_Party/FreeRTOS/Source/portable/GCC/ARM_CM4F/port.o
                0x0000000008008c18                xPortSysTickHandler
 .text.vPortSetupTimerInterrupt
                0x0000000008008c5c       0x48 ./Middlewares/Third_Party/FreeRTOS/Source/portable/GCC/ARM_CM4F/port.o
                0x0000000008008c5c                vPortSetupTimerInterrupt
 .text.vPortEnableVFP
                0x0000000008008ca4       0x14 ./Middlewares/Third_Party/FreeRTOS/Source/portable/GCC/ARM_CM4F/port.o
 .text.vPortValidateInterruptPriority
                0x0000000008008cb8       0x80 ./Middlewares/Third_Party/FreeRTOS/Source/portable/GCC/ARM_CM4F/port.o
                0x0000000008008cb8                vPortValidateInterruptPriority
 .text.pvPortMalloc
                0x0000000008008d38      0x198 ./Middlewares/Third_Party/FreeRTOS/Source/portable/MemMang/heap_4.o
                0x0000000008008d38                pvPortMalloc
 .text.vPortFree
                0x0000000008008ed0       0xc4 ./Middlewares/Third_Party/FreeRTOS/Source/portable/MemMang/heap_4.o
                0x0000000008008ed0                vPortFree
 .text.prvHeapInit
                0x0000000008008f94       0xc4 ./Middlewares/Third_Party/FreeRTOS/Source/portable/MemMang/heap_4.o
 .text.prvInsertBlockIntoFreeList
                0x0000000008009058       0xb4 ./Middlewares/Third_Party/FreeRTOS/Source/portable/MemMang/heap_4.o
 .text.__libc_init_array
                0x000000000800910c       0x48 c:/st/stm32cubeide_1.10.1/stm32cubeide/plugins/com.st.stm32cube.ide.mcu.externaltools.gnu-tools-for-stm32.10.3-2021.10.win32_1.0.0.202111181127/tools/bin/../lib/gcc/arm-none-eabi/10.3.1/../../../../arm-none-eabi/lib/thumb/v7e-m+fp/hard\libc_nano.a(lib_a-init.o)
                0x000000000800910c                __libc_init_array
 .text.__retarget_lock_acquire_recursive
                0x0000000008009154        0x2 c:/st/stm32cubeide_1.10.1/stm32cubeide/plugins/com.st.stm32cube.ide.mcu.externaltools.gnu-tools-for-stm32.10.3-2021.10.win32_1.0.0.202111181127/tools/bin/../lib/gcc/arm-none-eabi/10.3.1/../../../../arm-none-eabi/lib/thumb/v7e-m+fp/hard\libc_nano.a(lib_a-lock.o)
                0x0000000008009154                __retarget_lock_acquire_recursive
 .text.__retarget_lock_release_recursive
                0x0000000008009156        0x2 c:/st/stm32cubeide_1.10.1/stm32cubeide/plugins/com.st.stm32cube.ide.mcu.externaltools.gnu-tools-for-stm32.10.3-2021.10.win32_1.0.0.202111181127/tools/bin/../lib/gcc/arm-none-eabi/10.3.1/../../../../arm-none-eabi/lib/thumb/v7e-m+fp/hard\libc_nano.a(lib_a-lock.o)
                0x0000000008009156                __retarget_lock_release_recursive
 .text.memcpy   0x0000000008009158       0x1c c:/st/stm32cubeide_1.10.1/stm32cubeide/plugins/com.st.stm32cube.ide.mcu.externaltools.gnu-tools-for-stm32.10.3-2021.10.win32_1.0.0.202111181127/tools/bin/../lib/gcc/arm-none-eabi/10.3.1/../../../../arm-none-eabi/lib/thumb/v7e-m+fp/hard\libc_nano.a(lib_a-memcpy-stub.o)
                0x0000000008009158                memcpy
 .text.memset   0x0000000008009174       0x10 c:/st/stm32cubeide_1.10.1/stm32cubeide/plugins/com.st.stm32cube.ide.mcu.externaltools.gnu-tools-for-stm32.10.3-2021.10.win32_1.0.0.202111181127/tools/bin/../lib/gcc/arm-none-eabi/10.3.1/../../../../arm-none-eabi/lib/thumb/v7e-m+fp/hard\libc_nano.a(lib_a-memset.o)
                0x0000000008009174                memset
 .text.cleanup_glue
                0x0000000008009184       0x1a c:/st/stm32cubeide_1.10.1/stm32cubeide/plugins/com.st.stm32cube.ide.mcu.externaltools.gnu-tools-for-stm32.10.3-2021.10.win32_1.0.0.202111181127/tools/bin/../lib/gcc/arm-none-eabi/10.3.1/../../../../arm-none-eabi/lib/thumb/v7e-m+fp/hard\libc_nano.a(lib_a-reent.o)
                0x0000000008009184                cleanup_glue
 *fill*         0x000000000800919e        0x2 
 .text._reclaim_reent
                0x00000000080091a0       0xb8 c:/st/stm32cubeide_1.10.1/stm32cubeide/plugins/com.st.stm32cube.ide.mcu.externaltools.gnu-tools-for-stm32.10.3-2021.10.win32_1.0.0.202111181127/tools/bin/../lib/gcc/arm-none-eabi/10.3.1/../../../../arm-none-eabi/lib/thumb/v7e-m+fp/hard\libc_nano.a(lib_a-reent.o)
                0x00000000080091a0                _reclaim_reent
 .text.__malloc_lock
                0x0000000008009258        0xc c:/st/stm32cubeide_1.10.1/stm32cubeide/plugins/com.st.stm32cube.ide.mcu.externaltools.gnu-tools-for-stm32.10.3-2021.10.win32_1.0.0.202111181127/tools/bin/../lib/gcc/arm-none-eabi/10.3.1/../../../../arm-none-eabi/lib/thumb/v7e-m+fp/hard\libc_nano.a(lib_a-mlock.o)
                0x0000000008009258                __malloc_lock
 .text.__malloc_unlock
                0x0000000008009264        0xc c:/st/stm32cubeide_1.10.1/stm32cubeide/plugins/com.st.stm32cube.ide.mcu.externaltools.gnu-tools-for-stm32.10.3-2021.10.win32_1.0.0.202111181127/tools/bin/../lib/gcc/arm-none-eabi/10.3.1/../../../../arm-none-eabi/lib/thumb/v7e-m+fp/hard\libc_nano.a(lib_a-mlock.o)
                0x0000000008009264                __malloc_unlock
 .text._free_r  0x0000000008009270       0x98 c:/st/stm32cubeide_1.10.1/stm32cubeide/plugins/com.st.stm32cube.ide.mcu.externaltools.gnu-tools-for-stm32.10.3-2021.10.win32_1.0.0.202111181127/tools/bin/../lib/gcc/arm-none-eabi/10.3.1/../../../../arm-none-eabi/lib/thumb/v7e-m+fp/hard\libc_nano.a(lib_a-nano-freer.o)
                0x0000000008009270                _free_r
 *(.glue_7)
 .glue_7        0x0000000008009308        0x0 linker stubs
 *(.glue_7t)
 .glue_7t       0x0000000008009308        0x0 linker stubs
 *(.eh_frame)
 .eh_frame      0x0000000008009308        0x0 c:/st/stm32cubeide_1.10.1/stm32cubeide/plugins/com.st.stm32cube.ide.mcu.externaltools.gnu-tools-for-stm32.10.3-2021.10.win32_1.0.0.202111181127/tools/bin/../lib/gcc/arm-none-eabi/10.3.1/thumb/v7e-m+fp/hard/crtbegin.o
 *(.init)
 .init          0x0000000008009308        0x4 c:/st/stm32cubeide_1.10.1/stm32cubeide/plugins/com.st.stm32cube.ide.mcu.externaltools.gnu-tools-for-stm32.10.3-2021.10.win32_1.0.0.202111181127/tools/bin/../lib/gcc/arm-none-eabi/10.3.1/thumb/v7e-m+fp/hard/crti.o
                0x0000000008009308                _init
 .init          0x000000000800930c        0x8 c:/st/stm32cubeide_1.10.1/stm32cubeide/plugins/com.st.stm32cube.ide.mcu.externaltools.gnu-tools-for-stm32.10.3-2021.10.win32_1.0.0.202111181127/tools/bin/../lib/gcc/arm-none-eabi/10.3.1/thumb/v7e-m+fp/hard/crtn.o
 *(.fini)
 .fini          0x0000000008009314        0x4 c:/st/stm32cubeide_1.10.1/stm32cubeide/plugins/com.st.stm32cube.ide.mcu.externaltools.gnu-tools-for-stm32.10.3-2021.10.win32_1.0.0.202111181127/tools/bin/../lib/gcc/arm-none-eabi/10.3.1/thumb/v7e-m+fp/hard/crti.o
                0x0000000008009314                _fini
 .fini          0x0000000008009318        0x8 c:/st/stm32cubeide_1.10.1/stm32cubeide/plugins/com.st.stm32cube.ide.mcu.externaltools.gnu-tools-for-stm32.10.3-2021.10.win32_1.0.0.202111181127/tools/bin/../lib/gcc/arm-none-eabi/10.3.1/thumb/v7e-m+fp/hard/crtn.o
                0x0000000008009320                . = ALIGN (0x4)
                0x0000000008009320                _etext = .

.vfp11_veneer   0x0000000008009320        0x0
 .vfp11_veneer  0x0000000008009320        0x0 linker stubs

.v4_bx          0x0000000008009320        0x0
 .v4_bx         0x0000000008009320        0x0 linker stubs

.iplt           0x0000000008009320        0x0
 .iplt          0x0000000008009320        0x0 c:/st/stm32cubeide_1.10.1/stm32cubeide/plugins/com.st.stm32cube.ide.mcu.externaltools.gnu-tools-for-stm32.10.3-2021.10.win32_1.0.0.202111181127/tools/bin/../lib/gcc/arm-none-eabi/10.3.1/thumb/v7e-m+fp/hard/crtbegin.o

.rodata         0x0000000008009320     0x1c3c
                0x0000000008009320                . = ALIGN (0x4)
 *(.rodata)
 .rodata        0x0000000008009320       0x13 ./Core/Src/gui.o
 *fill*         0x0000000008009333        0x1 
 .rodata        0x0000000008009334       0x95 ./Core/Src/main.o
 *fill*         0x00000000080093c9        0x3 
 .rodata        0x00000000080093cc        0x5 ./Middlewares/Third_Party/FreeRTOS/Source/tasks.o
 *fill*         0x00000000080093d1        0x3 
 .rodata        0x00000000080093d4        0xd ./Middlewares/Third_Party/FreeRTOS/Source/timers.o
 *(.rodata*)
 *fill*         0x00000000080093e1        0x3 
 .rodata.lupa   0x00000000080093e4      0x1d0 ./Core/Src/bitmaps.o
                0x00000000080093e4                lupa
 .rodata.kielon
                0x00000000080095b4      0x12c ./Core/Src/bitmaps.o
                0x00000000080095b4                kielon
 .rodata.ciecz  0x00000000080096e0       0xa4 ./Core/Src/bitmaps.o
                0x00000000080096e0                ciecz
 .rodata.put    0x0000000008009784      0x1c2 ./Core/Src/bitmaps.o
                0x0000000008009784                put
 *fill*         0x0000000008009946        0x2 
 .rodata.put2   0x0000000008009948       0x28 ./Core/Src/bitmaps.o
                0x0000000008009948                put2
 .rodata.mainTask_attributes
                0x0000000008009970       0x24 ./Core/Src/main.o
                0x0000000008009970                mainTask_attributes
 .rodata.debouncingTask_attributes
                0x0000000008009994       0x24 ./Core/Src/main.o
                0x0000000008009994                debouncingTask_attributes
 .rodata.pumpTask_attributes
                0x00000000080099b8       0x24 ./Core/Src/main.o
                0x00000000080099b8                pumpTask_attributes
 .rodata.oledTask_attributes
                0x00000000080099dc       0x24 ./Core/Src/main.o
                0x00000000080099dc                oledTask_attributes
 .rodata.STEPPER_CfgParam
                0x0000000008009a00       0x1c ./Core/Src/stepper_motor_cfg.o
                0x0000000008009a00                STEPPER_CfgParam
 .rodata.AHBPrescTable
                0x0000000008009a1c       0x10 ./Core/Src/system_stm32f4xx.o
                0x0000000008009a1c                AHBPrescTable
 .rodata.APBPrescTable
                0x0000000008009a2c        0x8 ./Core/Src/system_stm32f4xx.o
                0x0000000008009a2c                APBPrescTable
 .rodata.Font7x10
                0x0000000008009a34      0x76c ./Drivers/OLED/ssd1306_fonts.o
                0x0000000008009a34                Font7x10
 .rodata.Font11x18
                0x000000000800a1a0      0xd5c ./Drivers/OLED/ssd1306_fonts.o
                0x000000000800a1a0                Font11x18
 .rodata.__sf_fake_stderr
                0x000000000800aefc       0x20 c:/st/stm32cubeide_1.10.1/stm32cubeide/plugins/com.st.stm32cube.ide.mcu.externaltools.gnu-tools-for-stm32.10.3-2021.10.win32_1.0.0.202111181127/tools/bin/../lib/gcc/arm-none-eabi/10.3.1/../../../../arm-none-eabi/lib/thumb/v7e-m+fp/hard\libc_nano.a(lib_a-findfp.o)
                0x000000000800aefc                __sf_fake_stderr
 .rodata.__sf_fake_stdin
                0x000000000800af1c       0x20 c:/st/stm32cubeide_1.10.1/stm32cubeide/plugins/com.st.stm32cube.ide.mcu.externaltools.gnu-tools-for-stm32.10.3-2021.10.win32_1.0.0.202111181127/tools/bin/../lib/gcc/arm-none-eabi/10.3.1/../../../../arm-none-eabi/lib/thumb/v7e-m+fp/hard\libc_nano.a(lib_a-findfp.o)
                0x000000000800af1c                __sf_fake_stdin
 .rodata.__sf_fake_stdout
                0x000000000800af3c       0x20 c:/st/stm32cubeide_1.10.1/stm32cubeide/plugins/com.st.stm32cube.ide.mcu.externaltools.gnu-tools-for-stm32.10.3-2021.10.win32_1.0.0.202111181127/tools/bin/../lib/gcc/arm-none-eabi/10.3.1/../../../../arm-none-eabi/lib/thumb/v7e-m+fp/hard\libc_nano.a(lib_a-findfp.o)
                0x000000000800af3c                __sf_fake_stdout
                0x000000000800af5c                . = ALIGN (0x4)

.ARM.extab      0x000000000800af5c        0x0
                0x000000000800af5c                . = ALIGN (0x4)
 *(.ARM.extab* .gnu.linkonce.armextab.*)
                0x000000000800af5c                . = ALIGN (0x4)

.ARM            0x000000000800af5c        0x8
                0x000000000800af5c                . = ALIGN (0x4)
                0x000000000800af5c                __exidx_start = .
 *(.ARM.exidx*)
 .ARM.exidx     0x000000000800af5c        0x8 c:/st/stm32cubeide_1.10.1/stm32cubeide/plugins/com.st.stm32cube.ide.mcu.externaltools.gnu-tools-for-stm32.10.3-2021.10.win32_1.0.0.202111181127/tools/bin/../lib/gcc/arm-none-eabi/10.3.1/thumb/v7e-m+fp/hard\libgcc.a(_udivmoddi4.o)
                0x000000000800af64                __exidx_end = .
                0x000000000800af64                . = ALIGN (0x4)

.rel.dyn        0x000000000800af64        0x0
 .rel.iplt      0x000000000800af64        0x0 c:/st/stm32cubeide_1.10.1/stm32cubeide/plugins/com.st.stm32cube.ide.mcu.externaltools.gnu-tools-for-stm32.10.3-2021.10.win32_1.0.0.202111181127/tools/bin/../lib/gcc/arm-none-eabi/10.3.1/thumb/v7e-m+fp/hard/crtbegin.o

.preinit_array  0x000000000800af64        0x0
                0x000000000800af64                . = ALIGN (0x4)
                0x000000000800af64                PROVIDE (__preinit_array_start = .)
 *(.preinit_array*)
                0x000000000800af64                PROVIDE (__preinit_array_end = .)
                0x000000000800af64                . = ALIGN (0x4)

.init_array     0x000000000800af64        0x4
                0x000000000800af64                . = ALIGN (0x4)
                0x000000000800af64                PROVIDE (__init_array_start = .)
 *(SORT_BY_NAME(.init_array.*))
 *(.init_array*)
 .init_array    0x000000000800af64        0x4 c:/st/stm32cubeide_1.10.1/stm32cubeide/plugins/com.st.stm32cube.ide.mcu.externaltools.gnu-tools-for-stm32.10.3-2021.10.win32_1.0.0.202111181127/tools/bin/../lib/gcc/arm-none-eabi/10.3.1/thumb/v7e-m+fp/hard/crtbegin.o
                0x000000000800af68                PROVIDE (__init_array_end = .)
                0x000000000800af68                . = ALIGN (0x4)

.fini_array     0x000000000800af68        0x4
                0x000000000800af68                . = ALIGN (0x4)
                [!provide]                        PROVIDE (__fini_array_start = .)
 *(SORT_BY_NAME(.fini_array.*))
 *(.fini_array*)
 .fini_array    0x000000000800af68        0x4 c:/st/stm32cubeide_1.10.1/stm32cubeide/plugins/com.st.stm32cube.ide.mcu.externaltools.gnu-tools-for-stm32.10.3-2021.10.win32_1.0.0.202111181127/tools/bin/../lib/gcc/arm-none-eabi/10.3.1/thumb/v7e-m+fp/hard/crtbegin.o
                [!provide]                        PROVIDE (__fini_array_end = .)
                0x000000000800af6c                . = ALIGN (0x4)
                0x000000000800af6c                _sidata = LOADADDR (.data)

.data           0x0000000020000000      0x1c4 load address 0x000000000800af6c
                0x0000000020000000                . = ALIGN (0x4)
                0x0000000020000000                _sdata = .
 *(.data)
 *(.data*)
 .data.fluid    0x0000000020000000        0x4 ./Core/Src/gui.o
                0x0000000020000000                fluid
 .data.key_state
                0x0000000020000004        0x2 ./Core/Src/main.o
                0x0000000020000004                key_state
 *fill*         0x0000000020000006        0x2 
 .data.liquidVolume
                0x0000000020000008        0x4 ./Core/Src/main.o
                0x0000000020000008                liquidVolume
 .data.volume   0x000000002000000c        0x3 ./Core/Src/main.o
                0x000000002000000c                volume
 *fill*         0x000000002000000f        0x1 
 .data.distancemm
                0x0000000020000010        0x5 ./Core/Src/main.o
                0x0000000020000010                distancemm
 *fill*         0x0000000020000015        0x3 
 .data.UNIPOLAR_WD_PATTERN
                0x0000000020000018       0x10 ./Core/Src/stepper_motor.o
 .data.UNIPOLAR_FS_PATTERN
                0x0000000020000028       0x10 ./Core/Src/stepper_motor.o
 .data.UNIPOLAR_HS_PATTERN
                0x0000000020000038       0x20 ./Core/Src/stepper_motor.o
 .data.SystemCoreClock
                0x0000000020000058        0x4 ./Core/Src/system_stm32f4xx.o
                0x0000000020000058                SystemCoreClock
 .data.ucI2CMode
                0x000000002000005c        0x9 ./Core/Src/tof.o
                0x000000002000005c                ucI2CMode
 *fill*         0x0000000020000065        0x3 
 .data.ucI2CMode2
                0x0000000020000068        0x7 ./Core/Src/tof.o
                0x0000000020000068                ucI2CMode2
 *fill*         0x000000002000006f        0x1 
 .data.ucSPAD0  0x0000000020000070        0x9 ./Core/Src/tof.o
                0x0000000020000070                ucSPAD0
 *fill*         0x0000000020000079        0x3 
 .data.ucSPAD1  0x000000002000007c        0xb ./Core/Src/tof.o
                0x000000002000007c                ucSPAD1
 *fill*         0x0000000020000087        0x1 
 .data.ucSPAD2  0x0000000020000088        0x9 ./Core/Src/tof.o
                0x0000000020000088                ucSPAD2
 *fill*         0x0000000020000091        0x3 
 .data.ucSPAD   0x0000000020000094        0xb ./Core/Src/tof.o
                0x0000000020000094                ucSPAD
 *fill*         0x000000002000009f        0x1 
 .data.ucDefTuning
                0x00000000200000a0       0xa1 ./Core/Src/tof.o
                0x00000000200000a0                ucDefTuning
 *fill*         0x0000000020000141        0x3 
 .data.Font_7x10
                0x0000000020000144        0x8 ./Drivers/OLED/ssd1306_fonts.o
                0x0000000020000144                Font_7x10
 .data.Font_11x18
                0x000000002000014c        0x8 ./Drivers/OLED/ssd1306_fonts.o
                0x000000002000014c                Font_11x18
 .data.uwTickPrio
                0x0000000020000154        0x4 ./Drivers/STM32F4xx_HAL_Driver/Src/stm32f4xx_hal.o
                0x0000000020000154                uwTickPrio
 .data.uwTickFreq
                0x0000000020000158        0x1 ./Drivers/STM32F4xx_HAL_Driver/Src/stm32f4xx_hal.o
                0x0000000020000158                uwTickFreq
 *fill*         0x0000000020000159        0x3 
 .data.uxCriticalNesting
                0x000000002000015c        0x4 ./Middlewares/Third_Party/FreeRTOS/Source/portable/GCC/ARM_CM4F/port.o
 .data._impure_ptr
                0x0000000020000160        0x4 c:/st/stm32cubeide_1.10.1/stm32cubeide/plugins/com.st.stm32cube.ide.mcu.externaltools.gnu-tools-for-stm32.10.3-2021.10.win32_1.0.0.202111181127/tools/bin/../lib/gcc/arm-none-eabi/10.3.1/../../../../arm-none-eabi/lib/thumb/v7e-m+fp/hard\libc_nano.a(lib_a-impure.o)
                0x0000000020000160                _impure_ptr
 .data.impure_data
                0x0000000020000164       0x60 c:/st/stm32cubeide_1.10.1/stm32cubeide/plugins/com.st.stm32cube.ide.mcu.externaltools.gnu-tools-for-stm32.10.3-2021.10.win32_1.0.0.202111181127/tools/bin/../lib/gcc/arm-none-eabi/10.3.1/../../../../arm-none-eabi/lib/thumb/v7e-m+fp/hard\libc_nano.a(lib_a-impure.o)
 *(.RamFunc)
 *(.RamFunc*)
                0x00000000200001c4                . = ALIGN (0x4)
                0x00000000200001c4                _edata = .

.igot.plt       0x00000000200001c4        0x0 load address 0x000000000800b130
 .igot.plt      0x00000000200001c4        0x0 c:/st/stm32cubeide_1.10.1/stm32cubeide/plugins/com.st.stm32cube.ide.mcu.externaltools.gnu-tools-for-stm32.10.3-2021.10.win32_1.0.0.202111181127/tools/bin/../lib/gcc/arm-none-eabi/10.3.1/thumb/v7e-m+fp/hard/crtbegin.o
                0x00000000200001c4                . = ALIGN (0x4)

.bss            0x00000000200001c4     0x50e0 load address 0x000000000800b130
                0x00000000200001c4                _sbss = .
                0x00000000200001c4                __bss_start__ = _sbss
 *(.bss)
 .bss           0x00000000200001c4       0x1c c:/st/stm32cubeide_1.10.1/stm32cubeide/plugins/com.st.stm32cube.ide.mcu.externaltools.gnu-tools-for-stm32.10.3-2021.10.win32_1.0.0.202111181127/tools/bin/../lib/gcc/arm-none-eabi/10.3.1/thumb/v7e-m+fp/hard/crtbegin.o
 *(.bss*)
 .bss.flagDirectionPut
                0x00000000200001e0        0x4 ./Core/Src/gui.o
                0x00000000200001e0                flagDirectionPut
 .bss.animation
                0x00000000200001e4        0x4 ./Core/Src/gui.o
                0x00000000200001e4                animation
 .bss.flagDirectionSearch
                0x00000000200001e8        0x4 ./Core/Src/gui.o
                0x00000000200001e8                flagDirectionSearch
 .bss.hi2c1     0x00000000200001ec       0x54 ./Core/Src/main.o
                0x00000000200001ec                hi2c1
 .bss.hi2c2     0x0000000020000240       0x54 ./Core/Src/main.o
                0x0000000020000240                hi2c2
 .bss.htim2     0x0000000020000294       0x48 ./Core/Src/main.o
                0x0000000020000294                htim2
 .bss.htim3     0x00000000200002dc       0x48 ./Core/Src/main.o
                0x00000000200002dc                htim3
 .bss.htim4     0x0000000020000324       0x48 ./Core/Src/main.o
                0x0000000020000324                htim4
 .bss.htim10    0x000000002000036c       0x48 ./Core/Src/main.o
                0x000000002000036c                htim10
 .bss.htim11    0x00000000200003b4       0x48 ./Core/Src/main.o
                0x00000000200003b4                htim11
 .bss.mainTaskHandle
                0x00000000200003fc        0x4 ./Core/Src/main.o
                0x00000000200003fc                mainTaskHandle
 .bss.debouncingTaskHandle
                0x0000000020000400        0x4 ./Core/Src/main.o
                0x0000000020000400                debouncingTaskHandle
 .bss.pumpTaskHandle
                0x0000000020000404        0x4 ./Core/Src/main.o
                0x0000000020000404                pumpTaskHandle
 .bss.oledTaskHandle
                0x0000000020000408        0x4 ./Core/Src/main.o
                0x0000000020000408                oledTaskHandle
 .bss.distance  0x000000002000040c        0x2 ./Core/Src/main.o
                0x000000002000040c                distance
 .bss.Steppers_Dir
                0x000000002000040e        0x1 ./Core/Src/main.o
                0x000000002000040e                Steppers_Dir
 *fill*         0x000000002000040f        0x1 
 .bss.encoderPosition
                0x0000000020000410        0x4 ./Core/Src/main.o
                0x0000000020000410                encoderPosition
 .bss.status    0x0000000020000414        0x1 ./Core/Src/main.o
                0x0000000020000414                status
 .bss.statusOled
                0x0000000020000415        0x1 ./Core/Src/main.o
                0x0000000020000415                statusOled
 *fill*         0x0000000020000416        0x2 
 .bss.press     0x0000000020000418        0x4 ./Core/Src/main.o
                0x0000000020000418                press
 .bss.gs_STEPPER_info
                0x000000002000041c       0x14 ./Core/Src/stepper_motor.o
 .bss.htim1     0x0000000020000430       0x48 ./Core/Src/stm32f4xx_hal_timebase_tim.o
                0x0000000020000430                htim1
 .bss.stop_variable
                0x0000000020000478        0x1 ./Core/Src/tof.o
 *fill*         0x0000000020000479        0x3 
 .bss.measurement_timing_budget_us
                0x000000002000047c        0x4 ./Core/Src/tof.o
 .bss.SSD1306_Buffer
                0x0000000020000480      0x400 ./Drivers/OLED/ssd1306.o
 .bss.SSD1306   0x0000000020000880        0x6 ./Drivers/OLED/ssd1306.o
 *fill*         0x0000000020000886        0x2 
 .bss.uwTick    0x0000000020000888        0x4 ./Drivers/STM32F4xx_HAL_Driver/Src/stm32f4xx_hal.o
                0x0000000020000888                uwTick
 .bss.KernelState
                0x000000002000088c        0x4 ./Middlewares/Third_Party/FreeRTOS/Source/CMSIS_RTOS_V2/cmsis_os2.o
 .bss.Idle_TCB.3
                0x0000000020000890       0xbc ./Middlewares/Third_Party/FreeRTOS/Source/CMSIS_RTOS_V2/cmsis_os2.o
 .bss.Idle_Stack.2
                0x000000002000094c      0x200 ./Middlewares/Third_Party/FreeRTOS/Source/CMSIS_RTOS_V2/cmsis_os2.o
 .bss.Timer_TCB.1
                0x0000000020000b4c       0xbc ./Middlewares/Third_Party/FreeRTOS/Source/CMSIS_RTOS_V2/cmsis_os2.o
 .bss.Timer_Stack.0
                0x0000000020000c08      0x400 ./Middlewares/Third_Party/FreeRTOS/Source/CMSIS_RTOS_V2/cmsis_os2.o
 .bss.xQueueRegistry
                0x0000000020001008       0x40 ./Middlewares/Third_Party/FreeRTOS/Source/queue.o
                0x0000000020001008                xQueueRegistry
 .bss.pxCurrentTCB
                0x0000000020001048        0x4 ./Middlewares/Third_Party/FreeRTOS/Source/tasks.o
                0x0000000020001048                pxCurrentTCB
 .bss.pxReadyTasksLists
                0x000000002000104c      0x460 ./Middlewares/Third_Party/FreeRTOS/Source/tasks.o
 .bss.xDelayedTaskList1
                0x00000000200014ac       0x14 ./Middlewares/Third_Party/FreeRTOS/Source/tasks.o
 .bss.xDelayedTaskList2
                0x00000000200014c0       0x14 ./Middlewares/Third_Party/FreeRTOS/Source/tasks.o
 .bss.pxDelayedTaskList
                0x00000000200014d4        0x4 ./Middlewares/Third_Party/FreeRTOS/Source/tasks.o
 .bss.pxOverflowDelayedTaskList
                0x00000000200014d8        0x4 ./Middlewares/Third_Party/FreeRTOS/Source/tasks.o
 .bss.xPendingReadyList
                0x00000000200014dc       0x14 ./Middlewares/Third_Party/FreeRTOS/Source/tasks.o
 .bss.xTasksWaitingTermination
                0x00000000200014f0       0x14 ./Middlewares/Third_Party/FreeRTOS/Source/tasks.o
 .bss.uxDeletedTasksWaitingCleanUp
                0x0000000020001504        0x4 ./Middlewares/Third_Party/FreeRTOS/Source/tasks.o
 .bss.xSuspendedTaskList
                0x0000000020001508       0x14 ./Middlewares/Third_Party/FreeRTOS/Source/tasks.o
 .bss.uxCurrentNumberOfTasks
                0x000000002000151c        0x4 ./Middlewares/Third_Party/FreeRTOS/Source/tasks.o
 .bss.xTickCount
                0x0000000020001520        0x4 ./Middlewares/Third_Party/FreeRTOS/Source/tasks.o
 .bss.uxTopReadyPriority
                0x0000000020001524        0x4 ./Middlewares/Third_Party/FreeRTOS/Source/tasks.o
 .bss.xSchedulerRunning
                0x0000000020001528        0x4 ./Middlewares/Third_Party/FreeRTOS/Source/tasks.o
 .bss.xPendedTicks
                0x000000002000152c        0x4 ./Middlewares/Third_Party/FreeRTOS/Source/tasks.o
 .bss.xYieldPending
                0x0000000020001530        0x4 ./Middlewares/Third_Party/FreeRTOS/Source/tasks.o
 .bss.xNumOfOverflows
                0x0000000020001534        0x4 ./Middlewares/Third_Party/FreeRTOS/Source/tasks.o
 .bss.uxTaskNumber
                0x0000000020001538        0x4 ./Middlewares/Third_Party/FreeRTOS/Source/tasks.o
 .bss.xNextTaskUnblockTime
                0x000000002000153c        0x4 ./Middlewares/Third_Party/FreeRTOS/Source/tasks.o
 .bss.xIdleTaskHandle
                0x0000000020001540        0x4 ./Middlewares/Third_Party/FreeRTOS/Source/tasks.o
 .bss.uxSchedulerSuspended
                0x0000000020001544        0x4 ./Middlewares/Third_Party/FreeRTOS/Source/tasks.o
 .bss.xActiveTimerList1
                0x0000000020001548       0x14 ./Middlewares/Third_Party/FreeRTOS/Source/timers.o
 .bss.xActiveTimerList2
                0x000000002000155c       0x14 ./Middlewares/Third_Party/FreeRTOS/Source/timers.o
 .bss.pxCurrentTimerList
                0x0000000020001570        0x4 ./Middlewares/Third_Party/FreeRTOS/Source/timers.o
 .bss.pxOverflowTimerList
                0x0000000020001574        0x4 ./Middlewares/Third_Party/FreeRTOS/Source/timers.o
 .bss.xTimerQueue
                0x0000000020001578        0x4 ./Middlewares/Third_Party/FreeRTOS/Source/timers.o
 .bss.xTimerTaskHandle
                0x000000002000157c        0x4 ./Middlewares/Third_Party/FreeRTOS/Source/timers.o
 .bss.xLastTime.2
                0x0000000020001580        0x4 ./Middlewares/Third_Party/FreeRTOS/Source/timers.o
 .bss.ucStaticTimerQueueStorage.1
                0x0000000020001584       0xa0 ./Middlewares/Third_Party/FreeRTOS/Source/timers.o
 .bss.xStaticTimerQueue.0
                0x0000000020001624       0x50 ./Middlewares/Third_Party/FreeRTOS/Source/timers.o
 .bss.ucMaxSysCallPriority
                0x0000000020001674        0x1 ./Middlewares/Third_Party/FreeRTOS/Source/portable/GCC/ARM_CM4F/port.o
 *fill*         0x0000000020001675        0x3 
 .bss.ulMaxPRIGROUPValue
                0x0000000020001678        0x4 ./Middlewares/Third_Party/FreeRTOS/Source/portable/GCC/ARM_CM4F/port.o
 .bss.ucHeap    0x000000002000167c     0x3c00 ./Middlewares/Third_Party/FreeRTOS/Source/portable/MemMang/heap_4.o
 .bss.xStart    0x000000002000527c        0x8 ./Middlewares/Third_Party/FreeRTOS/Source/portable/MemMang/heap_4.o
 .bss.pxEnd     0x0000000020005284        0x4 ./Middlewares/Third_Party/FreeRTOS/Source/portable/MemMang/heap_4.o
 .bss.xFreeBytesRemaining
                0x0000000020005288        0x4 ./Middlewares/Third_Party/FreeRTOS/Source/portable/MemMang/heap_4.o
 .bss.xMinimumEverFreeBytesRemaining
                0x000000002000528c        0x4 ./Middlewares/Third_Party/FreeRTOS/Source/portable/MemMang/heap_4.o
 .bss.xNumberOfSuccessfulAllocations
                0x0000000020005290        0x4 ./Middlewares/Third_Party/FreeRTOS/Source/portable/MemMang/heap_4.o
 .bss.xNumberOfSuccessfulFrees
                0x0000000020005294        0x4 ./Middlewares/Third_Party/FreeRTOS/Source/portable/MemMang/heap_4.o
 .bss.xBlockAllocatedBit
                0x0000000020005298        0x4 ./Middlewares/Third_Party/FreeRTOS/Source/portable/MemMang/heap_4.o
 .bss.__lock___malloc_recursive_mutex
                0x000000002000529c        0x1 c:/st/stm32cubeide_1.10.1/stm32cubeide/plugins/com.st.stm32cube.ide.mcu.externaltools.gnu-tools-for-stm32.10.3-2021.10.win32_1.0.0.202111181127/tools/bin/../lib/gcc/arm-none-eabi/10.3.1/../../../../arm-none-eabi/lib/thumb/v7e-m+fp/hard\libc_nano.a(lib_a-lock.o)
                0x000000002000529c                __lock___malloc_recursive_mutex
 *fill*         0x000000002000529d        0x3 
 .bss.__malloc_free_list
                0x00000000200052a0        0x4 c:/st/stm32cubeide_1.10.1/stm32cubeide/plugins/com.st.stm32cube.ide.mcu.externaltools.gnu-tools-for-stm32.10.3-2021.10.win32_1.0.0.202111181127/tools/bin/../lib/gcc/arm-none-eabi/10.3.1/../../../../arm-none-eabi/lib/thumb/v7e-m+fp/hard\libc_nano.a(lib_a-nano-mallocr.o)
                0x00000000200052a0                __malloc_free_list
 *(COMMON)
                0x00000000200052a4                . = ALIGN (0x4)
                0x00000000200052a4                _ebss = .
                0x00000000200052a4                __bss_end__ = _ebss

._user_heap_stack
                0x00000000200052a4      0x604 load address 0x000000000800b130
                0x00000000200052a8                . = ALIGN (0x8)
 *fill*         0x00000000200052a4        0x4 
                [!provide]                        PROVIDE (end = .)
                0x00000000200052a8                PROVIDE (_end = .)
                0x00000000200054a8                . = (. + _Min_Heap_Size)
 *fill*         0x00000000200052a8      0x200 
                0x00000000200058a8                . = (. + _Min_Stack_Size)
 *fill*         0x00000000200054a8      0x400 
                0x00000000200058a8                . = ALIGN (0x8)

/DISCARD/
 libc.a(*)
 libm.a(*)
 libgcc.a(*)

.ARM.attributes
                0x0000000000000000       0x30
 *(.ARM.attributes)
 .ARM.attributes
                0x0000000000000000       0x1e c:/st/stm32cubeide_1.10.1/stm32cubeide/plugins/com.st.stm32cube.ide.mcu.externaltools.gnu-tools-for-stm32.10.3-2021.10.win32_1.0.0.202111181127/tools/bin/../lib/gcc/arm-none-eabi/10.3.1/thumb/v7e-m+fp/hard/crti.o
 .ARM.attributes
                0x000000000000001e       0x34 c:/st/stm32cubeide_1.10.1/stm32cubeide/plugins/com.st.stm32cube.ide.mcu.externaltools.gnu-tools-for-stm32.10.3-2021.10.win32_1.0.0.202111181127/tools/bin/../lib/gcc/arm-none-eabi/10.3.1/thumb/v7e-m+fp/hard/crtbegin.o
 .ARM.attributes
                0x0000000000000052       0x34 ./Core/Src/DWT_Delay.o
 .ARM.attributes
                0x0000000000000086       0x34 ./Core/Src/bitmaps.o
 .ARM.attributes
                0x00000000000000ba       0x34 ./Core/Src/encoder.o
 .ARM.attributes
                0x00000000000000ee       0x34 ./Core/Src/gui.o
 .ARM.attributes
                0x0000000000000122       0x34 ./Core/Src/main.o
 .ARM.attributes
                0x0000000000000156       0x34 ./Core/Src/pump.o
 .ARM.attributes
                0x000000000000018a       0x34 ./Core/Src/stepper_motor.o
 .ARM.attributes
                0x00000000000001be       0x34 ./Core/Src/stepper_motor_cfg.o
 .ARM.attributes
                0x00000000000001f2       0x34 ./Core/Src/stm32f4xx_hal_msp.o
 .ARM.attributes
                0x0000000000000226       0x34 ./Core/Src/stm32f4xx_hal_timebase_tim.o
 .ARM.attributes
                0x000000000000025a       0x34 ./Core/Src/stm32f4xx_it.o
 .ARM.attributes
                0x000000000000028e       0x34 ./Core/Src/system_stm32f4xx.o
 .ARM.attributes
                0x00000000000002c2       0x34 ./Core/Src/tof.o
 .ARM.attributes
                0x00000000000002f6       0x21 ./Core/Startup/startup_stm32f401ccux.o
 .ARM.attributes
                0x0000000000000317       0x34 ./Drivers/OLED/ssd1306.o
 .ARM.attributes
                0x000000000000034b       0x34 ./Drivers/OLED/ssd1306_fonts.o
 .ARM.attributes
                0x000000000000037f       0x34 ./Drivers/STM32F4xx_HAL_Driver/Src/stm32f4xx_hal.o
 .ARM.attributes
                0x00000000000003b3       0x34 ./Drivers/STM32F4xx_HAL_Driver/Src/stm32f4xx_hal_cortex.o
 .ARM.attributes
                0x00000000000003e7       0x34 ./Drivers/STM32F4xx_HAL_Driver/Src/stm32f4xx_hal_gpio.o
 .ARM.attributes
                0x000000000000041b       0x34 ./Drivers/STM32F4xx_HAL_Driver/Src/stm32f4xx_hal_i2c.o
 .ARM.attributes
                0x000000000000044f       0x34 ./Drivers/STM32F4xx_HAL_Driver/Src/stm32f4xx_hal_rcc.o
 .ARM.attributes
                0x0000000000000483       0x34 ./Drivers/STM32F4xx_HAL_Driver/Src/stm32f4xx_hal_tim.o
 .ARM.attributes
                0x00000000000004b7       0x34 ./Drivers/STM32F4xx_HAL_Driver/Src/stm32f4xx_hal_tim_ex.o
 .ARM.attributes
                0x00000000000004eb       0x34 ./Middlewares/Third_Party/FreeRTOS/Source/CMSIS_RTOS_V2/cmsis_os2.o
 .ARM.attributes
                0x000000000000051f       0x34 ./Middlewares/Third_Party/FreeRTOS/Source/list.o
 .ARM.attributes
                0x0000000000000553       0x34 ./Middlewares/Third_Party/FreeRTOS/Source/queue.o
 .ARM.attributes
                0x0000000000000587       0x34 ./Middlewares/Third_Party/FreeRTOS/Source/tasks.o
 .ARM.attributes
                0x00000000000005bb       0x34 ./Middlewares/Third_Party/FreeRTOS/Source/timers.o
 .ARM.attributes
                0x00000000000005ef       0x34 ./Middlewares/Third_Party/FreeRTOS/Source/portable/GCC/ARM_CM4F/port.o
 .ARM.attributes
                0x0000000000000623       0x34 ./Middlewares/Third_Party/FreeRTOS/Source/portable/MemMang/heap_4.o
 .ARM.attributes
                0x0000000000000657       0x34 c:/st/stm32cubeide_1.10.1/stm32cubeide/plugins/com.st.stm32cube.ide.mcu.externaltools.gnu-tools-for-stm32.10.3-2021.10.win32_1.0.0.202111181127/tools/bin/../lib/gcc/arm-none-eabi/10.3.1/../../../../arm-none-eabi/lib/thumb/v7e-m+fp/hard\libc_nano.a(lib_a-findfp.o)
 .ARM.attributes
                0x000000000000068b       0x34 c:/st/stm32cubeide_1.10.1/stm32cubeide/plugins/com.st.stm32cube.ide.mcu.externaltools.gnu-tools-for-stm32.10.3-2021.10.win32_1.0.0.202111181127/tools/bin/../lib/gcc/arm-none-eabi/10.3.1/../../../../arm-none-eabi/lib/thumb/v7e-m+fp/hard\libc_nano.a(lib_a-impure.o)
 .ARM.attributes
                0x00000000000006bf       0x34 c:/st/stm32cubeide_1.10.1/stm32cubeide/plugins/com.st.stm32cube.ide.mcu.externaltools.gnu-tools-for-stm32.10.3-2021.10.win32_1.0.0.202111181127/tools/bin/../lib/gcc/arm-none-eabi/10.3.1/../../../../arm-none-eabi/lib/thumb/v7e-m+fp/hard\libc_nano.a(lib_a-init.o)
 .ARM.attributes
                0x00000000000006f3       0x34 c:/st/stm32cubeide_1.10.1/stm32cubeide/plugins/com.st.stm32cube.ide.mcu.externaltools.gnu-tools-for-stm32.10.3-2021.10.win32_1.0.0.202111181127/tools/bin/../lib/gcc/arm-none-eabi/10.3.1/../../../../arm-none-eabi/lib/thumb/v7e-m+fp/hard\libc_nano.a(lib_a-lock.o)
 .ARM.attributes
                0x0000000000000727       0x34 c:/st/stm32cubeide_1.10.1/stm32cubeide/plugins/com.st.stm32cube.ide.mcu.externaltools.gnu-tools-for-stm32.10.3-2021.10.win32_1.0.0.202111181127/tools/bin/../lib/gcc/arm-none-eabi/10.3.1/../../../../arm-none-eabi/lib/thumb/v7e-m+fp/hard\libc_nano.a(lib_a-memcpy-stub.o)
 .ARM.attributes
                0x000000000000075b       0x34 c:/st/stm32cubeide_1.10.1/stm32cubeide/plugins/com.st.stm32cube.ide.mcu.externaltools.gnu-tools-for-stm32.10.3-2021.10.win32_1.0.0.202111181127/tools/bin/../lib/gcc/arm-none-eabi/10.3.1/../../../../arm-none-eabi/lib/thumb/v7e-m+fp/hard\libc_nano.a(lib_a-memset.o)
 .ARM.attributes
                0x000000000000078f       0x34 c:/st/stm32cubeide_1.10.1/stm32cubeide/plugins/com.st.stm32cube.ide.mcu.externaltools.gnu-tools-for-stm32.10.3-2021.10.win32_1.0.0.202111181127/tools/bin/../lib/gcc/arm-none-eabi/10.3.1/../../../../arm-none-eabi/lib/thumb/v7e-m+fp/hard\libc_nano.a(lib_a-nano-mallocr.o)
 .ARM.attributes
                0x00000000000007c3       0x34 c:/st/stm32cubeide_1.10.1/stm32cubeide/plugins/com.st.stm32cube.ide.mcu.externaltools.gnu-tools-for-stm32.10.3-2021.10.win32_1.0.0.202111181127/tools/bin/../lib/gcc/arm-none-eabi/10.3.1/../../../../arm-none-eabi/lib/thumb/v7e-m+fp/hard\libc_nano.a(lib_a-reent.o)
 .ARM.attributes
                0x00000000000007f7       0x34 c:/st/stm32cubeide_1.10.1/stm32cubeide/plugins/com.st.stm32cube.ide.mcu.externaltools.gnu-tools-for-stm32.10.3-2021.10.win32_1.0.0.202111181127/tools/bin/../lib/gcc/arm-none-eabi/10.3.1/../../../../arm-none-eabi/lib/thumb/v7e-m+fp/hard\libc_nano.a(lib_a-mlock.o)
 .ARM.attributes
                0x000000000000082b       0x34 c:/st/stm32cubeide_1.10.1/stm32cubeide/plugins/com.st.stm32cube.ide.mcu.externaltools.gnu-tools-for-stm32.10.3-2021.10.win32_1.0.0.202111181127/tools/bin/../lib/gcc/arm-none-eabi/10.3.1/../../../../arm-none-eabi/lib/thumb/v7e-m+fp/hard\libc_nano.a(lib_a-nano-freer.o)
 .ARM.attributes
                0x000000000000085f       0x1e c:/st/stm32cubeide_1.10.1/stm32cubeide/plugins/com.st.stm32cube.ide.mcu.externaltools.gnu-tools-for-stm32.10.3-2021.10.win32_1.0.0.202111181127/tools/bin/../lib/gcc/arm-none-eabi/10.3.1/thumb/v7e-m+fp/hard\libgcc.a(_aeabi_uldivmod.o)
 .ARM.attributes
                0x000000000000087d       0x34 c:/st/stm32cubeide_1.10.1/stm32cubeide/plugins/com.st.stm32cube.ide.mcu.externaltools.gnu-tools-for-stm32.10.3-2021.10.win32_1.0.0.202111181127/tools/bin/../lib/gcc/arm-none-eabi/10.3.1/thumb/v7e-m+fp/hard\libgcc.a(_udivmoddi4.o)
 .ARM.attributes
                0x00000000000008b1       0x1e c:/st/stm32cubeide_1.10.1/stm32cubeide/plugins/com.st.stm32cube.ide.mcu.externaltools.gnu-tools-for-stm32.10.3-2021.10.win32_1.0.0.202111181127/tools/bin/../lib/gcc/arm-none-eabi/10.3.1/thumb/v7e-m+fp/hard\libgcc.a(_dvmd_tls.o)
 .ARM.attributes
                0x00000000000008cf       0x1e c:/st/stm32cubeide_1.10.1/stm32cubeide/plugins/com.st.stm32cube.ide.mcu.externaltools.gnu-tools-for-stm32.10.3-2021.10.win32_1.0.0.202111181127/tools/bin/../lib/gcc/arm-none-eabi/10.3.1/thumb/v7e-m+fp/hard/crtn.o
OUTPUT(dyspenser.elf elf32-littlearm)
LOAD linker stubs
LOAD c:/st/stm32cubeide_1.10.1/stm32cubeide/plugins/com.st.stm32cube.ide.mcu.externaltools.gnu-tools-for-stm32.10.3-2021.10.win32_1.0.0.202111181127/tools/bin/../lib/gcc/arm-none-eabi/10.3.1/../../../../arm-none-eabi/lib/thumb/v7e-m+fp/hard\libc.a
LOAD c:/st/stm32cubeide_1.10.1/stm32cubeide/plugins/com.st.stm32cube.ide.mcu.externaltools.gnu-tools-for-stm32.10.3-2021.10.win32_1.0.0.202111181127/tools/bin/../lib/gcc/arm-none-eabi/10.3.1/../../../../arm-none-eabi/lib/thumb/v7e-m+fp/hard\libm.a
LOAD c:/st/stm32cubeide_1.10.1/stm32cubeide/plugins/com.st.stm32cube.ide.mcu.externaltools.gnu-tools-for-stm32.10.3-2021.10.win32_1.0.0.202111181127/tools/bin/../lib/gcc/arm-none-eabi/10.3.1/thumb/v7e-m+fp/hard\libgcc.a

.debug_info     0x0000000000000000    0x1dd19
 .debug_info    0x0000000000000000      0x269 ./Core/Src/DWT_Delay.o
 .debug_info    0x0000000000000269      0x147 ./Core/Src/bitmaps.o
 .debug_info    0x00000000000003b0      0x68d ./Core/Src/encoder.o
 .debug_info    0x0000000000000a3d      0xa05 ./Core/Src/gui.o
 .debug_info    0x0000000000001442     0x1c14 ./Core/Src/main.o
 .debug_info    0x0000000000003056      0x815 ./Core/Src/pump.o
 .debug_info    0x000000000000386b     0x10ca ./Core/Src/stepper_motor.o
 .debug_info    0x0000000000004935      0x210 ./Core/Src/stepper_motor_cfg.o
 .debug_info    0x0000000000004b45     0x110e ./Core/Src/stm32f4xx_hal_msp.o
 .debug_info    0x0000000000005c53      0xbca ./Core/Src/stm32f4xx_hal_timebase_tim.o
 .debug_info    0x000000000000681d      0x738 ./Core/Src/stm32f4xx_it.o
 .debug_info    0x0000000000006f55      0x54f ./Core/Src/system_stm32f4xx.o
 .debug_info    0x00000000000074a4     0x111c ./Core/Src/tof.o
 .debug_info    0x00000000000085c0       0x22 ./Core/Startup/startup_stm32f401ccux.o
 .debug_info    0x00000000000085e2     0x1165 ./Drivers/OLED/ssd1306.o
 .debug_info    0x0000000000009747      0x27a ./Drivers/OLED/ssd1306_fonts.o
 .debug_info    0x00000000000099c1      0x906 ./Drivers/STM32F4xx_HAL_Driver/Src/stm32f4xx_hal.o
 .debug_info    0x000000000000a2c7      0xd85 ./Drivers/STM32F4xx_HAL_Driver/Src/stm32f4xx_hal_cortex.o
 .debug_info    0x000000000000b04c      0x78e ./Drivers/STM32F4xx_HAL_Driver/Src/stm32f4xx_hal_gpio.o
 .debug_info    0x000000000000b7da     0x260f ./Drivers/STM32F4xx_HAL_Driver/Src/stm32f4xx_hal_i2c.o
 .debug_info    0x000000000000dde9      0x98c ./Drivers/STM32F4xx_HAL_Driver/Src/stm32f4xx_hal_rcc.o
 .debug_info    0x000000000000e775     0x2bb6 ./Drivers/STM32F4xx_HAL_Driver/Src/stm32f4xx_hal_tim.o
 .debug_info    0x000000000001132b     0x15d8 ./Drivers/STM32F4xx_HAL_Driver/Src/stm32f4xx_hal_tim_ex.o
 .debug_info    0x0000000000012903     0x42ab ./Middlewares/Third_Party/FreeRTOS/Source/CMSIS_RTOS_V2/cmsis_os2.o
 .debug_info    0x0000000000016bae      0x2d1 ./Middlewares/Third_Party/FreeRTOS/Source/list.o
 .debug_info    0x0000000000016e7f     0x1cbf ./Middlewares/Third_Party/FreeRTOS/Source/queue.o
 .debug_info    0x0000000000018b3e     0x2b40 ./Middlewares/Third_Party/FreeRTOS/Source/tasks.o
 .debug_info    0x000000000001b67e     0x1c89 ./Middlewares/Third_Party/FreeRTOS/Source/timers.o
 .debug_info    0x000000000001d307      0x507 ./Middlewares/Third_Party/FreeRTOS/Source/portable/GCC/ARM_CM4F/port.o
 .debug_info    0x000000000001d80e      0x50b ./Middlewares/Third_Party/FreeRTOS/Source/portable/MemMang/heap_4.o

.debug_abbrev   0x0000000000000000     0x41ef
 .debug_abbrev  0x0000000000000000       0xa7 ./Core/Src/DWT_Delay.o
 .debug_abbrev  0x00000000000000a7       0x7c ./Core/Src/bitmaps.o
 .debug_abbrev  0x0000000000000123      0x17e ./Core/Src/encoder.o
 .debug_abbrev  0x00000000000002a1      0x244 ./Core/Src/gui.o
 .debug_abbrev  0x00000000000004e5      0x365 ./Core/Src/main.o
 .debug_abbrev  0x000000000000084a      0x1ac ./Core/Src/pump.o
 .debug_abbrev  0x00000000000009f6      0x296 ./Core/Src/stepper_motor.o
 .debug_abbrev  0x0000000000000c8c       0xd4 ./Core/Src/stepper_motor_cfg.o
 .debug_abbrev  0x0000000000000d60      0x21f ./Core/Src/stm32f4xx_hal_msp.o
 .debug_abbrev  0x0000000000000f7f      0x1f7 ./Core/Src/stm32f4xx_hal_timebase_tim.o
 .debug_abbrev  0x0000000000001176      0x182 ./Core/Src/stm32f4xx_it.o
 .debug_abbrev  0x00000000000012f8      0x116 ./Core/Src/system_stm32f4xx.o
 .debug_abbrev  0x000000000000140e      0x2ed ./Core/Src/tof.o
 .debug_abbrev  0x00000000000016fb       0x12 ./Core/Startup/startup_stm32f401ccux.o
 .debug_abbrev  0x000000000000170d      0x309 ./Drivers/OLED/ssd1306.o
 .debug_abbrev  0x0000000000001a16      0x111 ./Drivers/OLED/ssd1306_fonts.o
 .debug_abbrev  0x0000000000001b27      0x23e ./Drivers/STM32F4xx_HAL_Driver/Src/stm32f4xx_hal.o
 .debug_abbrev  0x0000000000001d65      0x316 ./Drivers/STM32F4xx_HAL_Driver/Src/stm32f4xx_hal_cortex.o
 .debug_abbrev  0x000000000000207b      0x1c4 ./Drivers/STM32F4xx_HAL_Driver/Src/stm32f4xx_hal_gpio.o
 .debug_abbrev  0x000000000000223f      0x2a8 ./Drivers/STM32F4xx_HAL_Driver/Src/stm32f4xx_hal_i2c.o
 .debug_abbrev  0x00000000000024e7      0x2aa ./Drivers/STM32F4xx_HAL_Driver/Src/stm32f4xx_hal_rcc.o
 .debug_abbrev  0x0000000000002791      0x26e ./Drivers/STM32F4xx_HAL_Driver/Src/stm32f4xx_hal_tim.o
 .debug_abbrev  0x00000000000029ff      0x276 ./Drivers/STM32F4xx_HAL_Driver/Src/stm32f4xx_hal_tim_ex.o
 .debug_abbrev  0x0000000000002c75      0x529 ./Middlewares/Third_Party/FreeRTOS/Source/CMSIS_RTOS_V2/cmsis_os2.o
 .debug_abbrev  0x000000000000319e       0xf2 ./Middlewares/Third_Party/FreeRTOS/Source/list.o
 .debug_abbrev  0x0000000000003290      0x3a1 ./Middlewares/Third_Party/FreeRTOS/Source/queue.o
 .debug_abbrev  0x0000000000003631      0x3f3 ./Middlewares/Third_Party/FreeRTOS/Source/tasks.o
 .debug_abbrev  0x0000000000003a24      0x360 ./Middlewares/Third_Party/FreeRTOS/Source/timers.o
 .debug_abbrev  0x0000000000003d84      0x259 ./Middlewares/Third_Party/FreeRTOS/Source/portable/GCC/ARM_CM4F/port.o
 .debug_abbrev  0x0000000000003fdd      0x212 ./Middlewares/Third_Party/FreeRTOS/Source/portable/MemMang/heap_4.o

.debug_aranges  0x0000000000000000     0x17e8
 .debug_aranges
                0x0000000000000000       0x20 ./Core/Src/DWT_Delay.o
 .debug_aranges
                0x0000000000000020       0x18 ./Core/Src/bitmaps.o
 .debug_aranges
                0x0000000000000038       0x28 ./Core/Src/encoder.o
 .debug_aranges
                0x0000000000000060       0x40 ./Core/Src/gui.o
 .debug_aranges
                0x00000000000000a0       0xa0 ./Core/Src/main.o
 .debug_aranges
                0x0000000000000140       0x30 ./Core/Src/pump.o
 .debug_aranges
                0x0000000000000170       0x68 ./Core/Src/stepper_motor.o
 .debug_aranges
                0x00000000000001d8       0x18 ./Core/Src/stepper_motor_cfg.o
 .debug_aranges
                0x00000000000001f0       0x60 ./Core/Src/stm32f4xx_hal_msp.o
 .debug_aranges
                0x0000000000000250       0x30 ./Core/Src/stm32f4xx_hal_timebase_tim.o
 .debug_aranges
                0x0000000000000280       0x60 ./Core/Src/stm32f4xx_it.o
 .debug_aranges
                0x00000000000002e0       0x28 ./Core/Src/system_stm32f4xx.o
 .debug_aranges
                0x0000000000000308       0xc8 ./Core/Src/tof.o
 .debug_aranges
                0x00000000000003d0       0x28 ./Core/Startup/startup_stm32f401ccux.o
 .debug_aranges
                0x00000000000003f8       0xf8 ./Drivers/OLED/ssd1306.o
 .debug_aranges
                0x00000000000004f0       0x20 ./Drivers/OLED/ssd1306_fonts.o
 .debug_aranges
                0x0000000000000510       0xf0 ./Drivers/STM32F4xx_HAL_Driver/Src/stm32f4xx_hal.o
 .debug_aranges
                0x0000000000000600      0x118 ./Drivers/STM32F4xx_HAL_Driver/Src/stm32f4xx_hal_cortex.o
 .debug_aranges
                0x0000000000000718       0x58 ./Drivers/STM32F4xx_HAL_Driver/Src/stm32f4xx_hal_gpio.o
 .debug_aranges
                0x0000000000000770      0x2a0 ./Drivers/STM32F4xx_HAL_Driver/Src/stm32f4xx_hal_i2c.o
 .debug_aranges
                0x0000000000000a10       0x88 ./Drivers/STM32F4xx_HAL_Driver/Src/stm32f4xx_hal_rcc.o
 .debug_aranges
                0x0000000000000a98      0x3d0 ./Drivers/STM32F4xx_HAL_Driver/Src/stm32f4xx_hal_tim.o
 .debug_aranges
                0x0000000000000e68      0x168 ./Drivers/STM32F4xx_HAL_Driver/Src/stm32f4xx_hal_tim_ex.o
 .debug_aranges
                0x0000000000000fd0      0x2b0 ./Middlewares/Third_Party/FreeRTOS/Source/CMSIS_RTOS_V2/cmsis_os2.o
 .debug_aranges
                0x0000000000001280       0x40 ./Middlewares/Third_Party/FreeRTOS/Source/list.o
 .debug_aranges
                0x00000000000012c0      0x158 ./Middlewares/Third_Party/FreeRTOS/Source/queue.o
 .debug_aranges
                0x0000000000001418      0x208 ./Middlewares/Third_Party/FreeRTOS/Source/tasks.o
 .debug_aranges
                0x0000000000001620       0xf0 ./Middlewares/Third_Party/FreeRTOS/Source/timers.o
 .debug_aranges
                0x0000000000001710       0x80 ./Middlewares/Third_Party/FreeRTOS/Source/portable/GCC/ARM_CM4F/port.o
 .debug_aranges
                0x0000000000001790       0x58 ./Middlewares/Third_Party/FreeRTOS/Source/portable/MemMang/heap_4.o

.debug_ranges   0x0000000000000000     0x1618
 .debug_ranges  0x0000000000000000       0x10 ./Core/Src/DWT_Delay.o
 .debug_ranges  0x0000000000000010       0x18 ./Core/Src/encoder.o
 .debug_ranges  0x0000000000000028       0x30 ./Core/Src/gui.o
 .debug_ranges  0x0000000000000058       0x90 ./Core/Src/main.o
 .debug_ranges  0x00000000000000e8       0x20 ./Core/Src/pump.o
 .debug_ranges  0x0000000000000108       0x58 ./Core/Src/stepper_motor.o
 .debug_ranges  0x0000000000000160       0x50 ./Core/Src/stm32f4xx_hal_msp.o