Archive member included to satisfy reference by file (symbol)

c:/st/stm32cubeide_1.10.1/stm32cubeide/plugins/com.st.stm32cube.ide.mcu.externaltools.gnu-tools-for-stm32.10.3-2021.10.win32_1.0.0.202111181127/tools/bin/../lib/gcc/arm-none-eabi/10.3.1/../../../../arm-none-eabi/lib/thumb/v7e-m+fp/hard\libc_nano.a(lib_a-errno.o)
                              ./Core/Src/syscalls.o (__errno)
c:/st/stm32cubeide_1.10.1/stm32cubeide/plugins/com.st.stm32cube.ide.mcu.externaltools.gnu-tools-for-stm32.10.3-2021.10.win32_1.0.0.202111181127/tools/bin/../lib/gcc/arm-none-eabi/10.3.1/../../../../arm-none-eabi/lib/thumb/v7e-m+fp/hard\libc_nano.a(lib_a-exit.o)
                              c:/st/stm32cubeide_1.10.1/stm32cubeide/plugins/com.st.stm32cube.ide.mcu.externaltools.gnu-tools-for-stm32.10.3-2021.10.win32_1.0.0.202111181127/tools/bin/../lib/gcc/arm-none-eabi/10.3.1/../../../../arm-none-eabi/lib/thumb/v7e-m+fp/hard/crt0.o (exit)
c:/st/stm32cubeide_1.10.1/stm32cubeide/plugins/com.st.stm32cube.ide.mcu.externaltools.gnu-tools-for-stm32.10.3-2021.10.win32_1.0.0.202111181127/tools/bin/../lib/gcc/arm-none-eabi/10.3.1/../../../../arm-none-eabi/lib/thumb/v7e-m+fp/hard\libc_nano.a(lib_a-findfp.o)
                              ./Middlewares/Third_Party/FreeRTOS/Source/tasks.o (__sf_fake_stderr)
c:/st/stm32cubeide_1.10.1/stm32cubeide/plugins/com.st.stm32cube.ide.mcu.externaltools.gnu-tools-for-stm32.10.3-2021.10.win32_1.0.0.202111181127/tools/bin/../lib/gcc/arm-none-eabi/10.3.1/../../../../arm-none-eabi/lib/thumb/v7e-m+fp/hard\libc_nano.a(lib_a-fwalk.o)
                              c:/st/stm32cubeide_1.10.1/stm32cubeide/plugins/com.st.stm32cube.ide.mcu.externaltools.gnu-tools-for-stm32.10.3-2021.10.win32_1.0.0.202111181127/tools/bin/../lib/gcc/arm-none-eabi/10.3.1/../../../../arm-none-eabi/lib/thumb/v7e-m+fp/hard\libc_nano.a(lib_a-findfp.o) (_fwalk)
c:/st/stm32cubeide_1.10.1/stm32cubeide/plugins/com.st.stm32cube.ide.mcu.externaltools.gnu-tools-for-stm32.10.3-2021.10.win32_1.0.0.202111181127/tools/bin/../lib/gcc/arm-none-eabi/10.3.1/../../../../arm-none-eabi/lib/thumb/v7e-m+fp/hard\libc_nano.a(lib_a-impure.o)
                              c:/st/stm32cubeide_1.10.1/stm32cubeide/plugins/com.st.stm32cube.ide.mcu.externaltools.gnu-tools-for-stm32.10.3-2021.10.win32_1.0.0.202111181127/tools/bin/../lib/gcc/arm-none-eabi/10.3.1/../../../../arm-none-eabi/lib/thumb/v7e-m+fp/hard\libc_nano.a(lib_a-exit.o) (_global_impure_ptr)
c:/st/stm32cubeide_1.10.1/stm32cubeide/plugins/com.st.stm32cube.ide.mcu.externaltools.gnu-tools-for-stm32.10.3-2021.10.win32_1.0.0.202111181127/tools/bin/../lib/gcc/arm-none-eabi/10.3.1/../../../../arm-none-eabi/lib/thumb/v7e-m+fp/hard\libc_nano.a(lib_a-init.o)
                              c:/st/stm32cubeide_1.10.1/stm32cubeide/plugins/com.st.stm32cube.ide.mcu.externaltools.gnu-tools-for-stm32.10.3-2021.10.win32_1.0.0.202111181127/tools/bin/../lib/gcc/arm-none-eabi/10.3.1/../../../../arm-none-eabi/lib/thumb/v7e-m+fp/hard/crt0.o (__libc_init_array)
c:/st/stm32cubeide_1.10.1/stm32cubeide/plugins/com.st.stm32cube.ide.mcu.externaltools.gnu-tools-for-stm32.10.3-2021.10.win32_1.0.0.202111181127/tools/bin/../lib/gcc/arm-none-eabi/10.3.1/../../../../arm-none-eabi/lib/thumb/v7e-m+fp/hard\libc_nano.a(lib_a-lock.o)
                              c:/st/stm32cubeide_1.10.1/stm32cubeide/plugins/com.st.stm32cube.ide.mcu.externaltools.gnu-tools-for-stm32.10.3-2021.10.win32_1.0.0.202111181127/tools/bin/../lib/gcc/arm-none-eabi/10.3.1/../../../../arm-none-eabi/lib/thumb/v7e-m+fp/hard\libc_nano.a(lib_a-findfp.o) (__retarget_lock_init_recursive)
c:/st/stm32cubeide_1.10.1/stm32cubeide/plugins/com.st.stm32cube.ide.mcu.externaltools.gnu-tools-for-stm32.10.3-2021.10.win32_1.0.0.202111181127/tools/bin/../lib/gcc/arm-none-eabi/10.3.1/../../../../arm-none-eabi/lib/thumb/v7e-m+fp/hard\libc_nano.a(lib_a-memcpy-stub.o)
                              ./Core/Src/tof.o (memcpy)
c:/st/stm32cubeide_1.10.1/stm32cubeide/plugins/com.st.stm32cube.ide.mcu.externaltools.gnu-tools-for-stm32.10.3-2021.10.win32_1.0.0.202111181127/tools/bin/../lib/gcc/arm-none-eabi/10.3.1/../../../../arm-none-eabi/lib/thumb/v7e-m+fp/hard\libc_nano.a(lib_a-memset.o)
                              c:/st/stm32cubeide_1.10.1/stm32cubeide/plugins/com.st.stm32cube.ide.mcu.externaltools.gnu-tools-for-stm32.10.3-2021.10.win32_1.0.0.202111181127/tools/bin/../lib/gcc/arm-none-eabi/10.3.1/../../../../arm-none-eabi/lib/thumb/v7e-m+fp/hard/crt0.o (memset)
c:/st/stm32cubeide_1.10.1/stm32cubeide/plugins/com.st.stm32cube.ide.mcu.externaltools.gnu-tools-for-stm32.10.3-2021.10.win32_1.0.0.202111181127/tools/bin/../lib/gcc/arm-none-eabi/10.3.1/../../../../arm-none-eabi/lib/thumb/v7e-m+fp/hard\libc_nano.a(lib_a-nano-mallocr.o)
[...]
Memory Configuration

Name             Origin             Length             Attributes
RAM              0x0000000020000000 0x0000000000010000 xrw
FLASH            0x0000000008000000 0x0000000000040000 xr
*default*        0x0000000000000000 0xffffffffffffffff

Linker script and memory map

LOAD c:/st/stm32cubeide_1.10.1/stm32cubeide/plugins/com.st.stm32cube.ide.mcu.externaltools.gnu-tools-for-stm32.10.3-2021.10.win32_1.0.0.202111181127/tools/bin/../lib/gcc/arm-none-eabi/10.3.1/thumb/v7e-m+fp/hard/crti.o
LOAD c:/st/stm32cubeide_1.10.1/stm32cubeide/plugins/com.st.stm32cube.ide.mcu.externaltools.gnu-tools-for-stm32.10.3-2021.10.win32_1.0.0.202111181127/tools/bin/../lib/gcc/arm-none-eabi/10.3.1/thumb/v7e-m+fp/hard/crtbegin.o
LOAD c:/st/stm32cubeide_1.10.1/stm32cubeide/plugins/com.st.stm32cube.ide.mcu.externaltools.gnu-tools-for-stm32.10.3-2021.10.win32_1.0.0.202111181127/tools/bin/../lib/gcc/arm-none-eabi/10.3.1/../../../../arm-none-eabi/lib/thumb/v7e-m+fp/hard/crt0.o
LOAD ./Core/Src/bitmaps.o
LOAD ./Core/Src/encoder.o
LOAD ./Core/Src/freertos.o
LOAD ./Core/Src/gui.o
LOAD ./Core/Src/main.o
LOAD ./Core/Src/stepper.o
LOAD ./Core/Src/stm32f4xx_hal_msp.o
LOAD ./Core/Src/stm32f4xx_hal_timebase_tim.o
LOAD ./Core/Src/stm32f4xx_it.o
LOAD ./Core/Src/syscalls.o
LOAD ./Core/Src/sysmem.o
LOAD ./Core/Src/system_stm32f4xx.o
LOAD ./Core/Src/tof.o
LOAD ./Core/Startup/startup_stm32f401ccux.o
LOAD ./Drivers/OLED/ssd1306.o
LOAD ./Drivers/OLED/ssd1306_fonts.o
LOAD ./Drivers/STM32F4xx_HAL_Driver/Src/stm32f4xx_hal.o
LOAD ./Drivers/STM32F4xx_HAL_Driver/Src/stm32f4xx_hal_cortex.o
LOAD ./Drivers/STM32F4xx_HAL_Driver/Src/stm32f4xx_hal_dma.o
LOAD ./Drivers/STM32F4xx_HAL_Driver/Src/stm32f4xx_hal_dma_ex.o
LOAD ./Drivers/STM32F4xx_HAL_Driver/Src/stm32f4xx_hal_exti.o
LOAD ./Drivers/STM32F4xx_HAL_Driver/Src/stm32f4xx_hal_flash.o
LOAD ./Drivers/STM32F4xx_HAL_Driver/Src/stm32f4xx_hal_flash_ex.o
LOAD ./Drivers/STM32F4xx_HAL_Driver/Src/stm32f4xx_hal_flash_ramfunc.o
LOAD ./Drivers/STM32F4xx_HAL_Driver/Src/stm32f4xx_hal_gpio.o
LOAD ./Drivers/STM32F4xx_HAL_Driver/Src/stm32f4xx_hal_i2c.o
LOAD ./Drivers/STM32F4xx_HAL_Driver/Src/stm32f4xx_hal_i2c_ex.o
LOAD ./Drivers/STM32F4xx_HAL_Driver/Src/stm32f4xx_hal_pwr.o
LOAD ./Drivers/STM32F4xx_HAL_Driver/Src/stm32f4xx_hal_pwr_ex.o
LOAD ./Drivers/STM32F4xx_HAL_Driver/Src/stm32f4xx_hal_rcc.o
LOAD ./Drivers/STM32F4xx_HAL_Driver/Src/stm32f4xx_hal_rcc_ex.o
LOAD ./Drivers/STM32F4xx_HAL_Driver/Src/stm32f4xx_hal_tim.o
LOAD ./Drivers/STM32F4xx_HAL_Driver/Src/stm32f4xx_hal_tim_ex.o
LOAD ./Middlewares/Third_Party/FreeRTOS/Source/CMSIS_RTOS_V2/cmsis_os2.o
LOAD ./Middlewares/Third_Party/FreeRTOS/Source/croutine.o
LOAD ./Middlewares/Third_Party/FreeRTOS/Source/event_groups.o
LOAD ./Middlewares/Third_Party/FreeRTOS/Source/list.o
LOAD ./Middlewares/Third_Party/FreeRTOS/Source/queue.o
LOAD ./Middlewares/Third_Party/FreeRTOS/Source/stream_buffer.o
LOAD ./Middlewares/Third_Party/FreeRTOS/Source/tasks.o
LOAD ./Middlewares/Third_Party/FreeRTOS/Source/timers.o
LOAD ./Middlewares/Third_Party/FreeRTOS/Source/portable/GCC/ARM_CM4F/port.o
LOAD ./Middlewares/Third_Party/FreeRTOS/Source/portable/MemMang/heap_4.o
START GROUP
LOAD c:/st/stm32cubeide_1.10.1/stm32cubeide/plugins/com.st.stm32cube.ide.mcu.externaltools.gnu-tools-for-stm32.10.3-2021.10.win32_1.0.0.202111181127/tools/bin/../lib/gcc/arm-none-eabi/10.3.1/../../../../arm-none-eabi/lib/thumb/v7e-m+fp/hard\libc_nano.a
LOAD c:/st/stm32cubeide_1.10.1/stm32cubeide/plugins/com.st.stm32cube.ide.mcu.externaltools.gnu-tools-for-stm32.10.3-2021.10.win32_1.0.0.202111181127/tools/bin/../lib/gcc/arm-none-eabi/10.3.1/../../../../arm-none-eabi/lib/thumb/v7e-m+fp/hard\libm.a
END GROUP
START GROUP
LOAD c:/st/stm32cubeide_1.10.1/stm32cubeide/plugins/com.st.stm32cube.ide.mcu.externaltools.gnu-tools-for-stm32.10.3-2021.10.win32_1.0.0.202111181127/tools/bin/../lib/gcc/arm-none-eabi/10.3.1/thumb/v7e-m+fp/hard\libgcc.a
LOAD c:/st/stm32cubeide_1.10.1/stm32cubeide/plugins/com.st.stm32cube.ide.mcu.externaltools.gnu-tools-for-stm32.10.3-2021.10.win32_1.0.0.202111181127/tools/bin/../lib/gcc/arm-none-eabi/10.3.1/../../../../arm-none-eabi/lib/thumb/v7e-m+fp/hard\libc_nano.a
END GROUP
START GROUP
LOAD c:/st/stm32cubeide_1.10.1/stm32cubeide/plugins/com.st.stm32cube.ide.mcu.externaltools.gnu-tools-for-stm32.10.3-2021.10.win32_1.0.0.202111181127/tools/bin/../lib/gcc/arm-none-eabi/10.3.1/thumb/v7e-m+fp/hard\libgcc.a
LOAD c:/st/stm32cubeide_1.10.1/stm32cubeide/plugins/com.st.stm32cube.ide.mcu.externaltools.gnu-tools-for-stm32.10.3-2021.10.win32_1.0.0.202111181127/tools/bin/../lib/gcc/arm-none-eabi/10.3.1/../../../../arm-none-eabi/lib/thumb/v7e-m+fp/hard\libc_nano.a
LOAD c:/st/stm32cubeide_1.10.1/stm32cubeide/plugins/com.st.stm32cube.ide.mcu.externaltools.gnu-tools-for-stm32.10.3-2021.10.win32_1.0.0.202111181127/tools/bin/../lib/gcc/arm-none-eabi/10.3.1/../../../../arm-none-eabi/lib/thumb/v7e-m+fp/hard\libnosys.a
END GROUP
START GROUP
LOAD c:/st/stm32cubeide_1.10.1/stm32cubeide/plugins/com.st.stm32cube.ide.mcu.externaltools.gnu-tools-for-stm32.10.3-2021.10.win32_1.0.0.202111181127/tools/bin/../lib/gcc/arm-none-eabi/10.3.1/thumb/v7e-m+fp/hard\libgcc.a
LOAD c:/st/stm32cubeide_1.10.1/stm32cubeide/plugins/com.st.stm32cube.ide.mcu.externaltools.gnu-tools-for-stm32.10.3-2021.10.win32_1.0.0.202111181127/tools/bin/../lib/gcc/arm-none-eabi/10.3.1/../../../../arm-none-eabi/lib/thumb/v7e-m+fp/hard\libc_nano.a
LOAD c:/st/stm32cubeide_1.10.1/stm32cubeide/plugins/com.st.stm32cube.ide.mcu.externaltools.gnu-tools-for-stm32.10.3-2021.10.win32_1.0.0.202111181127/tools/bin/../lib/gcc/arm-none-eabi/10.3.1/../../../../arm-none-eabi/lib/thumb/v7e-m+fp/hard\libnosys.a
END GROUP
LOAD c:/st/stm32cubeide_1.10.1/stm32cubeide/plugins/com.st.stm32cube.ide.mcu.externaltools.gnu-tools-for-stm32.10.3-2021.10.win32_1.0.0.202111181127/tools/bin/../lib/gcc/arm-none-eabi/10.3.1/thumb/v7e-m+fp/hard/crtend.o
LOAD c:/st/stm32cubeide_1.10.1/stm32cubeide/plugins/com.st.stm32cube.ide.mcu.externaltools.gnu-tools-for-stm32.10.3-2021.10.win32_1.0.0.202111181127/tools/bin/../lib/gcc/arm-none-eabi/10.3.1/thumb/v7e-m+fp/hard/crtn.o
                0x0000000020010000                _estack = (ORIGIN (RAM) + LENGTH (RAM))
                0x0000000000000200                _Min_Heap_Size = 0x200
                0x0000000000000400                _Min_Stack_Size = 0x400

.isr_vector     0x0000000008000000      0x194
                0x0000000008000000                . = ALIGN (0x4)
 *(.isr_vector)
 .isr_vector    0x0000000008000000      0x194 ./Core/Startup/startup_stm32f401ccux.o
                0x0000000008000000                g_pfnVectors
                0x0000000008000194                . = ALIGN (0x4)

.text           0x00000000080001a0     0x8af0
                0x00000000080001a0                . = ALIGN (0x4)
 *(.text)
 .text          0x00000000080001a0       0x40 c:/st/stm32cubeide_1.10.1/stm32cubeide/plugins/com.st.stm32cube.ide.mcu.externaltools.gnu-tools-for-stm32.10.3-2021.10.win32_1.0.0.202111181127/tools/bin/../lib/gcc/arm-none-eabi/10.3.1/thumb/v7e-m+fp/hard/crtbegin.o
 .text          0x00000000080001e0       0x30 c:/st/stm32cubeide_1.10.1/stm32cubeide/plugins/com.st.stm32cube.ide.mcu.externaltools.gnu-tools-for-stm32.10.3-2021.10.win32_1.0.0.202111181127/tools/bin/../lib/gcc/arm-none-eabi/10.3.1/thumb/v7e-m+fp/hard\libgcc.a(_aeabi_uldivmod.o)
                0x00000000080001e0                __aeabi_uldivmod
 .text          0x0000000008000210      0x2d0 c:/st/stm32cubeide_1.10.1/stm32cubeide/plugins/com.st.stm32cube.ide.mcu.externaltools.gnu-tools-for-stm32.10.3-2021.10.win32_1.0.0.202111181127/tools/bin/../lib/gcc/arm-none-eabi/10.3.1/thumb/v7e-m+fp/hard\libgcc.a(_udivmoddi4.o)
                0x0000000008000210                __udivmoddi4
 .text          0x00000000080004e0        0x4 c:/st/stm32cubeide_1.10.1/stm32cubeide/plugins/com.st.stm32cube.ide.mcu.externaltools.gnu-tools-for-stm32.10.3-2021.10.win32_1.0.0.202111181127/tools/bin/../lib/gcc/arm-none-eabi/10.3.1/thumb/v7e-m+fp/hard\libgcc.a(_dvmd_tls.o)
                0x00000000080004e0                __aeabi_idiv0
                0x00000000080004e0                __aeabi_ldiv0
 *(.text*)
 .text.ResetPosition
                0x00000000080004e4       0x1c ./Core/Src/encoder.o
                0x00000000080004e4                ResetPosition
 .text.SetAnimationTime
                0x0000000008000500       0x98 ./Core/Src/gui.o
                0x0000000008000500                SetAnimationTime
 .text.DrawShotSearching
                0x0000000008000598       0x88 ./Core/Src/gui.o
                0x0000000008000598                DrawShotSearching
 .text.DrawShotFill
                0x0000000008000620       0xd8 ./Core/Src/gui.o
                0x0000000008000620                DrawShotFill
 .text.Print    0x00000000080006f8       0x3c ./Core/Src/gui.o
                0x00000000080006f8                Print
 .text.HAL_TIM_IC_CaptureCallback
                0x0000000008000734       0x28 ./Core/Src/main.o
                0x0000000008000734                HAL_TIM_IC_CaptureCallback
 .text.StopPump
                0x000000000800075c       0x3c ./Core/Src/main.o
                0x000000000800075c                StopPump
 .text.main     0x0000000008000798      0x10c ./Core/Src/main.o
                0x0000000008000798                main
 .text.SystemClock_Config
                0x00000000080008a4       0xd4 ./Core/Src/main.o
                0x00000000080008a4                SystemClock_Config
 .text.MX_I2C1_Init
                0x0000000008000978       0x5c ./Core/Src/main.o
 .text.MX_I2C2_Init
                0x00000000080009d4       0x5c ./Core/Src/main.o
 .text.MX_TIM2_Init
                0x0000000008000a30       0x98 ./Core/Src/main.o
 .text.MX_TIM3_Init
                0x0000000008000ac8       0xa8 ./Core/Src/main.o
 .text.MX_TIM4_Init
                0x0000000008000b70       0x74 ./Core/Src/main.o
 .text.MX_TIM10_Init
                0x0000000008000be4       0x48 ./Core/Src/main.o
 .text.MX_TIM11_Init
                0x0000000008000c2c       0x48 ./Core/Src/main.o
 .text.MX_GPIO_Init
                0x0000000008000c74      0x144 ./Core/Src/main.o
 .text.StartMainTask
                0x0000000008000db8       0x38 ./Core/Src/main.o
                0x0000000008000db8                StartMainTask
 .text.StartDebouncingTask
                0x0000000008000df0       0x58 ./Core/Src/main.o
                0x0000000008000df0                StartDebouncingTask
 .text.StartPumpTask
                0x0000000008000e48       0x10 ./Core/Src/main.o
                0x0000000008000e48                StartPumpTask
 .text.StartOledTask
                0x0000000008000e58      0x4b8 ./Core/Src/main.o
                0x0000000008000e58                StartOledTask
 .text.HAL_TIM_PeriodElapsedCallback
                0x0000000008001310       0x34 ./Core/Src/main.o
                0x0000000008001310                HAL_TIM_PeriodElapsedCallback
 .text.Error_Handler
                0x0000000008001344        0xa ./Core/Src/main.o
                0x0000000008001344                Error_Handler
 *fill*         0x000000000800134e        0x2 
 .text.delay    0x0000000008001350       0x34 ./Core/Src/stepper.o
                0x0000000008001350                delay
 .text.stepper_set_rpm
                0x0000000008001384       0x22 ./Core/Src/stepper.o
                0x0000000008001384                stepper_set_rpm
 *fill*         0x00000000080013a6        0x2 
 .text.stepper_half_drive
                0x00000000080013a8      0x194 ./Core/Src/stepper.o
                0x00000000080013a8                stepper_half_drive
 .text.stepper_step_angle
                0x000000000800153c       0x68 ./Core/Src/stepper.o
                0x000000000800153c                stepper_step_angle
 .text.HAL_MspInit
                0x00000000080015a4       0x58 ./Core/Src/stm32f4xx_hal_msp.o
                0x00000000080015a4                HAL_MspInit
 .text.HAL_I2C_MspInit
                0x00000000080015fc      0x118 ./Core/Src/stm32f4xx_hal_msp.o
                0x00000000080015fc                HAL_I2C_MspInit
 .text.HAL_TIM_Base_MspInit
                0x0000000008001714       0xa4 ./Core/Src/stm32f4xx_hal_msp.o
                0x0000000008001714                HAL_TIM_Base_MspInit
 .text.HAL_TIM_Encoder_MspInit
                0x00000000080017b8       0xa0 ./Core/Src/stm32f4xx_hal_msp.o
                0x00000000080017b8                HAL_TIM_Encoder_MspInit
 .text.HAL_TIM_OnePulse_MspInit
                0x0000000008001858       0x44 ./Core/Src/stm32f4xx_hal_msp.o
                0x0000000008001858                HAL_TIM_OnePulse_MspInit
 .text.HAL_InitTick
                0x000000000800189c       0xe4 ./Core/Src/stm32f4xx_hal_timebase_tim.o
                0x000000000800189c                HAL_InitTick
 .text.NMI_Handler
                0x0000000008001980        0x6 ./Core/Src/stm32f4xx_it.o
                0x0000000008001980                NMI_Handler
 .text.HardFault_Handler
                0x0000000008001986        0x6 ./Core/Src/stm32f4xx_it.o
                0x0000000008001986                HardFault_Handler
 .text.MemManage_Handler
                0x000000000800198c        0x6 ./Core/Src/stm32f4xx_it.o
                0x000000000800198c                MemManage_Handler
 .text.BusFault_Handler
                0x0000000008001992        0x6 ./Core/Src/stm32f4xx_it.o
                0x0000000008001992                BusFault_Handler
 .text.UsageFault_Handler
                0x0000000008001998        0x6 ./Core/Src/stm32f4xx_it.o
                0x0000000008001998                UsageFault_Handler
 .text.DebugMon_Handler
                0x000000000800199e        0xe ./Core/Src/stm32f4xx_it.o
                0x000000000800199e                DebugMon_Handler
 .text.TIM1_UP_TIM10_IRQHandler
                0x00000000080019ac       0x1c ./Core/Src/stm32f4xx_it.o
                0x00000000080019ac                TIM1_UP_TIM10_IRQHandler
 .text.TIM3_IRQHandler
                0x00000000080019c8       0x14 ./Core/Src/stm32f4xx_it.o
                0x00000000080019c8                TIM3_IRQHandler
 .text.SystemInit
                0x00000000080019dc       0x24 ./Core/Src/system_stm32f4xx.o
                0x00000000080019dc                SystemInit
 .text.tofInit  0x0000000008001a00       0x18 ./Core/Src/tof.o
                0x0000000008001a00                tofInit
 .text.readReg16
                0x0000000008001a18       0x4c ./Core/Src/tof.o
 .text.readReg  0x0000000008001a64       0x40 ./Core/Src/tof.o
 .text.readMulti
                0x0000000008001aa4       0x40 ./Core/Src/tof.o
 .text.writeMulti
                0x0000000008001ae4       0xa0 ./Core/Src/tof.o
 .text.writeReg16
                0x0000000008001b84       0x44 ./Core/Src/tof.o
 .text.writeReg
                0x0000000008001bc8       0x38 ./Core/Src/tof.o
 .text.writeRegList
                0x0000000008001c00       0x48 ./Core/Src/tof.o
 .text.getSpadInfo
                0x0000000008001c48       0xcc ./Core/Src/tof.o
 .text.decodeTimeout
                0x0000000008001d14       0x28 ./Core/Src/tof.o
 .text.timeoutMclksToMicroseconds
                0x0000000008001d3c       0x50 ./Core/Src/tof.o
 .text.timeoutMicrosecondsToMclks
                0x0000000008001d8c       0x4c ./Core/Src/tof.o
 .text.encodeTimeout
                0x0000000008001dd8       0x58 ./Core/Src/tof.o
 .text.getSequenceStepTimeouts
                0x0000000008001e30       0xe0 ./Core/Src/tof.o
 .text.setVcselPulsePeriod
                0x0000000008001f10      0x2a0 ./Core/Src/tof.o
 .text.setMeasurementTimingBudget
                0x00000000080021b0      0x13c ./Core/Src/tof.o
 .text.getMeasurementTimingBudget
                0x00000000080022ec       0xd4 ./Core/Src/tof.o
 .text.performSingleRefCalibration
                0x00000000080023c0       0x60 ./Core/Src/tof.o
 .text.initSensor
                0x0000000008002420      0x1e8 ./Core/Src/tof.o
 .text.readRangeContinuousMillimeters
                0x0000000008002608       0x50 ./Core/Src/tof.o
                0x0000000008002608                readRangeContinuousMillimeters
 .text.tofReadDistance
                0x0000000008002658       0xa4 ./Core/Src/tof.o
                0x0000000008002658                tofReadDistance
 .text.Reset_Handler
                0x00000000080026fc       0x50 ./Core/Startup/startup_stm32f401ccux.o
                0x00000000080026fc                Reset_Handler
 .text.Default_Handler
                0x000000000800274c        0x2 ./Core/Startup/startup_stm32f401ccux.o
                0x000000000800274c                RTC_Alarm_IRQHandler
                0x000000000800274c                EXTI2_IRQHandler
                0x000000000800274c                SPI4_IRQHandler
                0x000000000800274c                TIM1_CC_IRQHandler
                0x000000000800274c                DMA2_Stream5_IRQHandler
                0x000000000800274c                DMA1_Stream5_IRQHandler
                0x000000000800274c                PVD_IRQHandler
                0x000000000800274c                SDIO_IRQHandler
                0x000000000800274c                TAMP_STAMP_IRQHandler
                0x000000000800274c                EXTI3_IRQHandler
                0x000000000800274c                I2C3_ER_IRQHandler
                0x000000000800274c                EXTI0_IRQHandler
                0x000000000800274c                I2C2_EV_IRQHandler
                0x000000000800274c                DMA1_Stream2_IRQHandler
                0x000000000800274c                FPU_IRQHandler
                0x000000000800274c                DMA2_Stream2_IRQHandler
                0x000000000800274c                SPI1_IRQHandler
                0x000000000800274c                TIM1_BRK_TIM9_IRQHandler
                0x000000000800274c                DMA2_Stream3_IRQHandler
                0x000000000800274c                USART6_IRQHandler
                0x000000000800274c                DMA2_Stream0_IRQHandler
                0x000000000800274c                TIM4_IRQHandler
                0x000000000800274c                I2C1_EV_IRQHandler
                0x000000000800274c                DMA1_Stream6_IRQHandler
                0x000000000800274c                DMA1_Stream1_IRQHandler
                0x000000000800274c                RCC_IRQHandler
                0x000000000800274c                Default_Handler
                0x000000000800274c                EXTI15_10_IRQHandler
                0x000000000800274c                ADC_IRQHandler
                0x000000000800274c                DMA1_Stream7_IRQHandler
                0x000000000800274c                TIM5_IRQHandler
                0x000000000800274c                DMA2_Stream7_IRQHandler
                0x000000000800274c                I2C3_EV_IRQHandler
                0x000000000800274c                EXTI9_5_IRQHandler
                0x000000000800274c                RTC_WKUP_IRQHandler
                0x000000000800274c                SPI2_IRQHandler
                0x000000000800274c                DMA1_Stream0_IRQHandler
                0x000000000800274c                EXTI4_IRQHandler
                0x000000000800274c                WWDG_IRQHandler
                0x000000000800274c                TIM2_IRQHandler
                0x000000000800274c                OTG_FS_WKUP_IRQHandler
                0x000000000800274c                TIM1_TRG_COM_TIM11_IRQHandler
                0x000000000800274c                EXTI1_IRQHandler
                0x000000000800274c                USART2_IRQHandler
                0x000000000800274c                I2C2_ER_IRQHandler
                0x000000000800274c                DMA2_Stream1_IRQHandler
                0x000000000800274c                FLASH_IRQHandler
                0x000000000800274c                DMA2_Stream4_IRQHandler
                0x000000000800274c                USART1_IRQHandler
                0x000000000800274c                OTG_FS_IRQHandler
                0x000000000800274c                SPI3_IRQHandler
                0x000000000800274c                DMA1_Stream4_IRQHandler
                0x000000000800274c                I2C1_ER_IRQHandler
                0x000000000800274c                DMA2_Stream6_IRQHandler
                0x000000000800274c                DMA1_Stream3_IRQHandler
 .text.SSD1306_DrawBitmap
                0x000000000800274e       0xd0 ./Drivers/OLED/ssd1306.o
                0x000000000800274e                SSD1306_DrawBitmap
 *fill*         0x000000000800281e        0x2 
 .text.SSD1306_Init
                0x0000000008002820      0x188 ./Drivers/OLED/ssd1306.o
                0x0000000008002820                SSD1306_Init
 .text.SSD1306_UpdateScreen
                0x00000000080029a8       0x5c ./Drivers/OLED/ssd1306.o
                0x00000000080029a8                SSD1306_UpdateScreen
 .text.SSD1306_Fill
                0x0000000008002a04       0x30 ./Drivers/OLED/ssd1306.o
                0x0000000008002a04                SSD1306_Fill
 .text.SSD1306_DrawPixel
                0x0000000008002a34       0xc0 ./Drivers/OLED/ssd1306.o
                0x0000000008002a34                SSD1306_DrawPixel
 .text.SSD1306_GotoXY
                0x0000000008002af4       0x2c ./Drivers/OLED/ssd1306.o
                0x0000000008002af4                SSD1306_GotoXY
 .text.SSD1306_Putc
                0x0000000008002b20      0x100 ./Drivers/OLED/ssd1306.o
                0x0000000008002b20                SSD1306_Putc
 .text.SSD1306_Puts
                0x0000000008002c20       0x4a ./Drivers/OLED/ssd1306.o
                0x0000000008002c20                SSD1306_Puts
 .text.SSD1306_DrawLine
                0x0000000008002c6a      0x1f6 ./Drivers/OLED/ssd1306.o
                0x0000000008002c6a                SSD1306_DrawLine
 .text.SSD1306_DrawRectangle
                0x0000000008002e60       0xd4 ./Drivers/OLED/ssd1306.o
                0x0000000008002e60                SSD1306_DrawRectangle
 .text.SSD1306_DrawFilledRectangle
                0x0000000008002f34       0x9a ./Drivers/OLED/ssd1306.o
                0x0000000008002f34                SSD1306_DrawFilledRectangle
 .text.SSD1306_Clear
                0x0000000008002fce       0x12 ./Drivers/OLED/ssd1306.o
                0x0000000008002fce                SSD1306_Clear
 .text.ssd1306_I2C_Init
                0x0000000008002fe0       0x2c ./Drivers/OLED/ssd1306.o
                0x0000000008002fe0                ssd1306_I2C_Init
 .text.ssd1306_I2C_WriteMulti
                0x000000000800300c       0xcc ./Drivers/OLED/ssd1306.o
                0x000000000800300c                ssd1306_I2C_WriteMulti
 .text.ssd1306_I2C_Write
                0x00000000080030d8       0x3c ./Drivers/OLED/ssd1306.o
                0x00000000080030d8                ssd1306_I2C_Write
 .text.HAL_Init
                0x0000000008003114       0x44 ./Drivers/STM32F4xx_HAL_Driver/Src/stm32f4xx_hal.o
                0x0000000008003114                HAL_Init
 .text.HAL_IncTick
                0x0000000008003158       0x28 ./Drivers/STM32F4xx_HAL_Driver/Src/stm32f4xx_hal.o
                0x0000000008003158                HAL_IncTick
 .text.HAL_GetTick
                0x0000000008003180       0x18 ./Drivers/STM32F4xx_HAL_Driver/Src/stm32f4xx_hal.o
                0x0000000008003180                HAL_GetTick
 .text.HAL_Delay
                0x0000000008003198       0x48 ./Drivers/STM32F4xx_HAL_Driver/Src/stm32f4xx_hal.o
                0x0000000008003198                HAL_Delay
 .text.__NVIC_SetPriorityGrouping
                0x00000000080031e0       0x48 ./Drivers/STM32F4xx_HAL_Driver/Src/stm32f4xx_hal_cortex.o
 .text.__NVIC_GetPriorityGrouping
                0x0000000008003228       0x1c ./Drivers/STM32F4xx_HAL_Driver/Src/stm32f4xx_hal_cortex.o
 .text.__NVIC_EnableIRQ
                0x0000000008003244       0x3c ./Drivers/STM32F4xx_HAL_Driver/Src/stm32f4xx_hal_cortex.o
 .text.__NVIC_SetPriority
                0x0000000008003280       0x54 ./Drivers/STM32F4xx_HAL_Driver/Src/stm32f4xx_hal_cortex.o
 .text.NVIC_EncodePriority
                0x00000000080032d4       0x66 ./Drivers/STM32F4xx_HAL_Driver/Src/stm32f4xx_hal_cortex.o
 .text.HAL_NVIC_SetPriorityGrouping
                0x000000000800333a       0x16 ./Drivers/STM32F4xx_HAL_Driver/Src/stm32f4xx_hal_cortex.o
                0x000000000800333a                HAL_NVIC_SetPriorityGrouping
 .text.HAL_NVIC_SetPriority
                0x0000000008003350       0x38 ./Drivers/STM32F4xx_HAL_Driver/Src/stm32f4xx_hal_cortex.o
                0x0000000008003350                HAL_NVIC_SetPriority
 .text.HAL_NVIC_EnableIRQ
                0x0000000008003388       0x1c ./Drivers/STM32F4xx_HAL_Driver/Src/stm32f4xx_hal_cortex.o
                0x0000000008003388                HAL_NVIC_EnableIRQ
 .text.HAL_GPIO_Init
                0x00000000080033a4      0x308 ./Drivers/STM32F4xx_HAL_Driver/Src/stm32f4xx_hal_gpio.o
                0x00000000080033a4                HAL_GPIO_Init
 .text.HAL_GPIO_ReadPin
                0x00000000080036ac       0x30 ./Drivers/STM32F4xx_HAL_Driver/Src/stm32f4xx_hal_gpio.o
                0x00000000080036ac                HAL_GPIO_ReadPin
 .text.HAL_GPIO_WritePin
                0x00000000080036dc       0x32 ./Drivers/STM32F4xx_HAL_Driver/Src/stm32f4xx_hal_gpio.o
                0x00000000080036dc                HAL_GPIO_WritePin
 .text.HAL_GPIO_TogglePin
                0x000000000800370e       0x34 ./Drivers/STM32F4xx_HAL_Driver/Src/stm32f4xx_hal_gpio.o
                0x000000000800370e                HAL_GPIO_TogglePin
 *fill*         0x0000000008003742        0x2 
 .text.HAL_I2C_Init
                0x0000000008003744      0x288 ./Drivers/STM32F4xx_HAL_Driver/Src/stm32f4xx_hal_i2c.o
                0x0000000008003744                HAL_I2C_Init
 .text.HAL_I2C_Master_Transmit
                0x00000000080039cc      0x1fc ./Drivers/STM32F4xx_HAL_Driver/Src/stm32f4xx_hal_i2c.o
                0x00000000080039cc                HAL_I2C_Master_Transmit
 .text.HAL_I2C_Master_Receive
                0x0000000008003bc8      0x44c ./Drivers/STM32F4xx_HAL_Driver/Src/stm32f4xx_hal_i2c.o
                0x0000000008003bc8                HAL_I2C_Master_Receive
 .text.HAL_I2C_IsDeviceReady
                0x0000000008004014      0x25c ./Drivers/STM32F4xx_HAL_Driver/Src/stm32f4xx_hal_i2c.o
                0x0000000008004014                HAL_I2C_IsDeviceReady
 .text.I2C_MasterRequestWrite
                0x0000000008004270      0x104 ./Drivers/STM32F4xx_HAL_Driver/Src/stm32f4xx_hal_i2c.o
 .text.I2C_MasterRequestRead
                0x0000000008004374      0x19c ./Drivers/STM32F4xx_HAL_Driver/Src/stm32f4xx_hal_i2c.o
 .text.I2C_WaitOnFlagUntilTimeout
                0x0000000008004510       0xae ./Drivers/STM32F4xx_HAL_Driver/Src/stm32f4xx_hal_i2c.o
 .text.I2C_WaitOnMasterAddressFlagUntilTimeout
                0x00000000080045be       0xfe ./Drivers/STM32F4xx_HAL_Driver/Src/stm32f4xx_hal_i2c.o
 .text.I2C_WaitOnTXEFlagUntilTimeout
                0x00000000080046bc       0x82 ./Drivers/STM32F4xx_HAL_Driver/Src/stm32f4xx_hal_i2c.o
 .text.I2C_WaitOnBTFFlagUntilTimeout
                0x000000000800473e       0x82 ./Drivers/STM32F4xx_HAL_Driver/Src/stm32f4xx_hal_i2c.o
 .text.I2C_WaitOnRXNEFlagUntilTimeout
                0x00000000080047c0       0xac ./Drivers/STM32F4xx_HAL_Driver/Src/stm32f4xx_hal_i2c.o
 .text.I2C_IsAcknowledgeFailed
                0x000000000800486c       0x5e ./Drivers/STM32F4xx_HAL_Driver/Src/stm32f4xx_hal_i2c.o
 *fill*         0x00000000080048ca        0x2 
 .text.HAL_RCC_OscConfig
                0x00000000080048cc      0x4f0 ./Drivers/STM32F4xx_HAL_Driver/Src/stm32f4xx_hal_rcc.o
                0x00000000080048cc                HAL_RCC_OscConfig
 .text.HAL_RCC_ClockConfig
                0x0000000008004dbc      0x1cc ./Drivers/STM32F4xx_HAL_Driver/Src/stm32f4xx_hal_rcc.o
                0x0000000008004dbc                HAL_RCC_ClockConfig
 .text.HAL_RCC_GetSysClockFreq
                0x0000000008004f88      0x18c ./Drivers/STM32F4xx_HAL_Driver/Src/stm32f4xx_hal_rcc.o
                0x0000000008004f88                HAL_RCC_GetSysClockFreq
 .text.HAL_RCC_GetHCLKFreq
                0x0000000008005114       0x18 ./Drivers/STM32F4xx_HAL_Driver/Src/stm32f4xx_hal_rcc.o
                0x0000000008005114                HAL_RCC_GetHCLKFreq
 .text.HAL_RCC_GetPCLK1Freq
                0x000000000800512c       0x28 ./Drivers/STM32F4xx_HAL_Driver/Src/stm32f4xx_hal_rcc.o
                0x000000000800512c                HAL_RCC_GetPCLK1Freq
 .text.HAL_RCC_GetPCLK2Freq
                0x0000000008005154       0x28 ./Drivers/STM32F4xx_HAL_Driver/Src/stm32f4xx_hal_rcc.o
                0x0000000008005154                HAL_RCC_GetPCLK2Freq
 .text.HAL_RCC_GetClockConfig
                0x000000000800517c       0x64 ./Drivers/STM32F4xx_HAL_Driver/Src/stm32f4xx_hal_rcc.o
                0x000000000800517c                HAL_RCC_GetClockConfig
 .text.HAL_TIM_Base_Init
                0x00000000080051e0       0x9e ./Drivers/STM32F4xx_HAL_Driver/Src/stm32f4xx_hal_tim.o
                0x00000000080051e0                HAL_TIM_Base_Init
 *fill*         0x000000000800527e        0x2 
 .text.HAL_TIM_Base_Start
                0x0000000008005280       0xb4 ./Drivers/STM32F4xx_HAL_Driver/Src/stm32f4xx_hal_tim.o
                0x0000000008005280                HAL_TIM_Base_Start
 .text.HAL_TIM_Base_Start_IT
                0x0000000008005334       0xc4 ./Drivers/STM32F4xx_HAL_Driver/Src/stm32f4xx_hal_tim.o
                0x0000000008005334                HAL_TIM_Base_Start_IT
 .text.HAL_TIM_Base_Stop_IT
                0x00000000080053f8       0x5e ./Drivers/STM32F4xx_HAL_Driver/Src/stm32f4xx_hal_tim.o
                0x00000000080053f8                HAL_TIM_Base_Stop_IT
 .text.HAL_TIM_OnePulse_Init
                0x0000000008005456       0xa0 ./Drivers/STM32F4xx_HAL_Driver/Src/stm32f4xx_hal_tim.o
                0x0000000008005456                HAL_TIM_OnePulse_Init
 .text.HAL_TIM_Encoder_Init
                0x00000000080054f6      0x14c ./Drivers/STM32F4xx_HAL_Driver/Src/stm32f4xx_hal_tim.o
                0x00000000080054f6                HAL_TIM_Encoder_Init
 .text.HAL_TIM_Encoder_Start_IT
                0x0000000008005642      0x15c ./Drivers/STM32F4xx_HAL_Driver/Src/stm32f4xx_hal_tim.o
                0x0000000008005642                HAL_TIM_Encoder_Start_IT
 .text.HAL_TIM_IRQHandler
                0x000000000800579e      0x210 ./Drivers/STM32F4xx_HAL_Driver/Src/stm32f4xx_hal_tim.o
                0x000000000800579e                HAL_TIM_IRQHandler
 .text.HAL_TIM_ConfigClockSource
                0x00000000080059ae      0x18e ./Drivers/STM32F4xx_HAL_Driver/Src/stm32f4xx_hal_tim.o
                0x00000000080059ae                HAL_TIM_ConfigClockSource
 .text.HAL_TIM_OC_DelayElapsedCallback
                0x0000000008005b3c       0x14 ./Drivers/STM32F4xx_HAL_Driver/Src/stm32f4xx_hal_tim.o
                0x0000000008005b3c                HAL_TIM_OC_DelayElapsedCallback
 .text.HAL_TIM_PWM_PulseFinishedCallback
                0x0000000008005b50       0x14 ./Drivers/STM32F4xx_HAL_Driver/Src/stm32f4xx_hal_tim.o
                0x0000000008005b50                HAL_TIM_PWM_PulseFinishedCallback
 .text.HAL_TIM_TriggerCallback
                0x0000000008005b64       0x14 ./Drivers/STM32F4xx_HAL_Driver/Src/stm32f4xx_hal_tim.o
                0x0000000008005b64                HAL_TIM_TriggerCallback
 .text.TIM_Base_SetConfig
                0x0000000008005b78      0x100 ./Drivers/STM32F4xx_HAL_Driver/Src/stm32f4xx_hal_tim.o
                0x0000000008005b78                TIM_Base_SetConfig
 .text.TIM_TI1_ConfigInputStage
                0x0000000008005c78       0x5e ./Drivers/STM32F4xx_HAL_Driver/Src/stm32f4xx_hal_tim.o
 .text.TIM_TI2_ConfigInputStage
                0x0000000008005cd6       0x60 ./Drivers/STM32F4xx_HAL_Driver/Src/stm32f4xx_hal_tim.o
 .text.TIM_ITRx_SetConfig
                0x0000000008005d36       0x36 ./Drivers/STM32F4xx_HAL_Driver/Src/stm32f4xx_hal_tim.o
 .text.TIM_ETR_SetConfig
                0x0000000008005d6c       0x40 ./Drivers/STM32F4xx_HAL_Driver/Src/stm32f4xx_hal_tim.o
                0x0000000008005d6c                TIM_ETR_SetConfig
 .text.TIM_CCxChannelCmd
                0x0000000008005dac       0x4a ./Drivers/STM32F4xx_HAL_Driver/Src/stm32f4xx_hal_tim.o
                0x0000000008005dac                TIM_CCxChannelCmd
 *fill*         0x0000000008005df6        0x2 
 .text.HAL_TIMEx_MasterConfigSynchronization
                0x0000000008005df8       0xdc ./Drivers/STM32F4xx_HAL_Driver/Src/stm32f4xx_hal_tim_ex.o
                0x0000000008005df8                HAL_TIMEx_MasterConfigSynchronization
 .text.HAL_TIMEx_CommutCallback
                0x0000000008005ed4       0x14 ./Drivers/STM32F4xx_HAL_Driver/Src/stm32f4xx_hal_tim_ex.o
                0x0000000008005ed4                HAL_TIMEx_CommutCallback
 .text.HAL_TIMEx_BreakCallback
                0x0000000008005ee8       0x14 ./Drivers/STM32F4xx_HAL_Driver/Src/stm32f4xx_hal_tim_ex.o
                0x0000000008005ee8                HAL_TIMEx_BreakCallback
 .text.__NVIC_SetPriority
                0x0000000008005efc       0x54 ./Middlewares/Third_Party/FreeRTOS/Source/CMSIS_RTOS_V2/cmsis_os2.o
 .text.SysTick_Handler
                0x0000000008005f50       0x20 ./Middlewares/Third_Party/FreeRTOS/Source/CMSIS_RTOS_V2/cmsis_os2.o
                0x0000000008005f50                SysTick_Handler
 .text.SVC_Setup
                0x0000000008005f70       0x12 ./Middlewares/Third_Party/FreeRTOS/Source/CMSIS_RTOS_V2/cmsis_os2.o
 *fill*         0x0000000008005f82        0x2 
 .text.osKernelInitialize
                0x0000000008005f84       0x48 ./Middlewares/Third_Party/FreeRTOS/Source/CMSIS_RTOS_V2/cmsis_os2.o
                0x0000000008005f84                osKernelInitialize
 .text.osKernelStart
                0x0000000008005fcc       0x4c ./Middlewares/Third_Party/FreeRTOS/Source/CMSIS_RTOS_V2/cmsis_os2.o
                0x0000000008005fcc                osKernelStart
 .text.osThreadNew
                0x0000000008006018      0x124 ./Middlewares/Third_Party/FreeRTOS/Source/CMSIS_RTOS_V2/cmsis_os2.o
                0x0000000008006018                osThreadNew
 .text.osDelay  0x000000000800613c       0x36 ./Middlewares/Third_Party/FreeRTOS/Source/CMSIS_RTOS_V2/cmsis_os2.o
                0x000000000800613c                osDelay
 *fill*         0x0000000008006172        0x2 
 .text.vApplicationGetIdleTaskMemory
                0x0000000008006174       0x34 ./Middlewares/Third_Party/FreeRTOS/Source/CMSIS_RTOS_V2/cmsis_os2.o
                0x0000000008006174                vApplicationGetIdleTaskMemory
 .text.vApplicationGetTimerTaskMemory
                0x00000000080061a8       0x34 ./Middlewares/Third_Party/FreeRTOS/Source/CMSIS_RTOS_V2/cmsis_os2.o
                0x00000000080061a8                vApplicationGetTimerTaskMemory
 .text.vListInitialise
                0x00000000080061dc       0x40 ./Middlewares/Third_Party/FreeRTOS/Source/list.o
                0x00000000080061dc                vListInitialise
 .text.vListInitialiseItem
                0x000000000800621c       0x1a ./Middlewares/Third_Party/FreeRTOS/Source/list.o
                0x000000000800621c                vListInitialiseItem
 .text.vListInsertEnd
                0x0000000008006236       0x48 ./Middlewares/Third_Party/FreeRTOS/Source/list.o
                0x0000000008006236                vListInsertEnd
 .text.vListInsert
                0x000000000800627e       0x72 ./Middlewares/Third_Party/FreeRTOS/Source/list.o
                0x000000000800627e                vListInsert
 .text.uxListRemove
                0x00000000080062f0       0x54 ./Middlewares/Third_Party/FreeRTOS/Source/list.o
                0x00000000080062f0                uxListRemove
 .text.xQueueGenericReset
                0x0000000008006344       0xd0 ./Middlewares/Third_Party/FreeRTOS/Source/queue.o
                0x0000000008006344                xQueueGenericReset
 .text.xQueueGenericCreateStatic
                0x0000000008006414       0xf0 ./Middlewares/Third_Party/FreeRTOS/Source/queue.o
                0x0000000008006414                xQueueGenericCreateStatic
 .text.prvInitialiseNewQueue
                0x0000000008006504       0x46 ./Middlewares/Third_Party/FreeRTOS/Source/queue.o
 *fill*         0x000000000800654a        0x2 
 .text.xQueueGenericSend
                0x000000000800654c      0x1fc ./Middlewares/Third_Party/FreeRTOS/Source/queue.o
                0x000000000800654c                xQueueGenericSend
 .text.xQueueGenericSendFromISR
                0x0000000008006748      0x136 ./Middlewares/Third_Party/FreeRTOS/Source/queue.o
                0x0000000008006748                xQueueGenericSendFromISR
 *fill*         0x000000000800687e        0x2 
 .text.xQueueReceive
                0x0000000008006880      0x1c0 ./Middlewares/Third_Party/FreeRTOS/Source/queue.o
                0x0000000008006880                xQueueReceive
 .text.prvCopyDataToQueue
                0x0000000008006a40       0xd4 ./Middlewares/Third_Party/FreeRTOS/Source/queue.o
 .text.prvCopyDataFromQueue
                0x0000000008006b14       0x4c ./Middlewares/Third_Party/FreeRTOS/Source/queue.o
 .text.prvUnlockQueue
                0x0000000008006b60       0xa4 ./Middlewares/Third_Party/FreeRTOS/Source/queue.o
 .text.prvIsQueueEmpty
                0x0000000008006c04       0x2c ./Middlewares/Third_Party/FreeRTOS/Source/queue.o
 .text.prvIsQueueFull
                0x0000000008006c30       0x30 ./Middlewares/Third_Party/FreeRTOS/Source/queue.o
 .text.vQueueAddToRegistry
                0x0000000008006c60       0x54 ./Middlewares/Third_Party/FreeRTOS/Source/queue.o
                0x0000000008006c60                vQueueAddToRegistry
 .text.vQueueWaitForMessageRestricted
                0x0000000008006cb4       0x68 ./Middlewares/Third_Party/FreeRTOS/Source/queue.o
                0x0000000008006cb4                vQueueWaitForMessageRestricted
 .text.xTaskCreateStatic
                0x0000000008006d1c       0xba ./Middlewares/Third_Party/FreeRTOS/Source/tasks.o
                0x0000000008006d1c                xTaskCreateStatic
 .text.xTaskCreate
                0x0000000008006dd6       0x8a ./Middlewares/Third_Party/FreeRTOS/Source/tasks.o
                0x0000000008006dd6                xTaskCreate
 .text.prvInitialiseNewTask
                0x0000000008006e60      0x14c ./Middlewares/Third_Party/FreeRTOS/Source/tasks.o
 .text.prvAddNewTaskToReadyList
                0x0000000008006fac       0xe0 ./Middlewares/Third_Party/FreeRTOS/Source/tasks.o
 .text.vTaskDelay
                0x000000000800708c       0x68 ./Middlewares/Third_Party/FreeRTOS/Source/tasks.o
                0x000000000800708c                vTaskDelay
 .text.vTaskStartScheduler
                0x00000000080070f4       0xe0 ./Middlewares/Third_Party/FreeRTOS/Source/tasks.o
                0x00000000080070f4                vTaskStartScheduler
 .text.vTaskSuspendAll
                0x00000000080071d4       0x1c ./Middlewares/Third_Party/FreeRTOS/Source/tasks.o
                0x00000000080071d4                vTaskSuspendAll
 .text.xTaskResumeAll
                0x00000000080071f0      0x13c ./Middlewares/Third_Party/FreeRTOS/Source/tasks.o
                0x00000000080071f0                xTaskResumeAll
 .text.xTaskGetTickCount
                0x000000000800732c       0x20 ./Middlewares/Third_Party/FreeRTOS/Source/tasks.o
                0x000000000800732c                xTaskGetTickCount
 .text.xTaskIncrementTick
                0x000000000800734c      0x174 ./Middlewares/Third_Party/FreeRTOS/Source/tasks.o
                0x000000000800734c                xTaskIncrementTick
 .text.vTaskSwitchContext
                0x00000000080074c0       0xc8 ./Middlewares/Third_Party/FreeRTOS/Source/tasks.o
                0x00000000080074c0                vTaskSwitchContext
 .text.vTaskPlaceOnEventList
                0x0000000008007588       0x48 ./Middlewares/Third_Party/FreeRTOS/Source/tasks.o
                0x0000000008007588                vTaskPlaceOnEventList
 .text.vTaskPlaceOnEventListRestricted
                0x00000000080075d0       0x58 ./Middlewares/Third_Party/FreeRTOS/Source/tasks.o
                0x00000000080075d0                vTaskPlaceOnEventListRestricted
 .text.xTaskRemoveFromEventList
                0x0000000008007628       0xc8 ./Middlewares/Third_Party/FreeRTOS/Source/tasks.o
                0x0000000008007628                xTaskRemoveFromEventList
 .text.vTaskInternalSetTimeOutState
                0x00000000080076f0       0x2c ./Middlewares/Third_Party/FreeRTOS/Source/tasks.o
                0x00000000080076f0                vTaskInternalSetTimeOutState
 .text.xTaskCheckForTimeOut
                0x000000000800771c       0xc4 ./Middlewares/Third_Party/FreeRTOS/Source/tasks.o
                0x000000000800771c                xTaskCheckForTimeOut
 .text.vTaskMissedYield
                0x00000000080077e0       0x18 ./Middlewares/Third_Party/FreeRTOS/Source/tasks.o
                0x00000000080077e0                vTaskMissedYield
 .text.prvIdleTask
                0x00000000080077f8       0x30 ./Middlewares/Third_Party/FreeRTOS/Source/tasks.o
 .text.prvInitialiseTaskLists
                0x0000000008007828       0x80 ./Middlewares/Third_Party/FreeRTOS/Source/tasks.o
 .text.prvCheckTasksWaitingTermination
                0x00000000080078a8       0x5c ./Middlewares/Third_Party/FreeRTOS/Source/tasks.o
 .text.prvDeleteTCB
                0x0000000008007904       0x68 ./Middlewares/Third_Party/FreeRTOS/Source/tasks.o
 .text.prvResetNextTaskUnblockTime
                0x000000000800796c       0x40 ./Middlewares/Third_Party/FreeRTOS/Source/tasks.o
 .text.xTaskGetSchedulerState
                0x00000000080079ac       0x3c ./Middlewares/Third_Party/FreeRTOS/Source/tasks.o
                0x00000000080079ac                xTaskGetSchedulerState
 .text.xTaskPriorityDisinherit
                0x00000000080079e8       0xdc ./Middlewares/Third_Party/FreeRTOS/Source/tasks.o
                0x00000000080079e8                xTaskPriorityDisinherit
 .text.prvAddCurrentTaskToDelayedList
                0x0000000008007ac4       0xa8 ./Middlewares/Third_Party/FreeRTOS/Source/tasks.o
 .text.xTimerCreateTimerTask
                0x0000000008007b6c       0x90 ./Middlewares/Third_Party/FreeRTOS/Source/timers.o
                0x0000000008007b6c                xTimerCreateTimerTask
 .text.xTimerGenericCommand
                0x0000000008007bfc       0x9c ./Middlewares/Third_Party/FreeRTOS/Source/timers.o
                0x0000000008007bfc                xTimerGenericCommand
 .text.prvProcessExpiredTimer
                0x0000000008007c98       0x98 ./Middlewares/Third_Party/FreeRTOS/Source/timers.o
 .text.prvTimerTask
                0x0000000008007d30       0x24 ./Middlewares/Third_Party/FreeRTOS/Source/timers.o
 .text.prvProcessTimerOrBlockTask
                0x0000000008007d54       0x9c ./Middlewares/Third_Party/FreeRTOS/Source/timers.o
 .text.prvGetNextExpireTime
                0x0000000008007df0       0x48 ./Middlewares/Third_Party/FreeRTOS/Source/timers.o
 .text.prvSampleTimeNow
                0x0000000008007e38       0x40 ./Middlewares/Third_Party/FreeRTOS/Source/timers.o
 .text.prvInsertTimerInActiveList
                0x0000000008007e78       0x84 ./Middlewares/Third_Party/FreeRTOS/Source/timers.o
 .text.prvProcessReceivedCommands
                0x0000000008007efc      0x1c4 ./Middlewares/Third_Party/FreeRTOS/Source/timers.o
 .text.prvSwitchTimerLists
                0x00000000080080c0       0xc8 ./Middlewares/Third_Party/FreeRTOS/Source/timers.o
 .text.prvCheckForValidListAndQueue
                0x0000000008008188       0x80 ./Middlewares/Third_Party/FreeRTOS/Source/timers.o
 .text.pxPortInitialiseStack
                0x0000000008008208       0x68 ./Middlewares/Third_Party/FreeRTOS/Source/portable/GCC/ARM_CM4F/port.o
                0x0000000008008208                pxPortInitialiseStack
 .text.prvTaskExitError
                0x0000000008008270       0x58 ./Middlewares/Third_Party/FreeRTOS/Source/portable/GCC/ARM_CM4F/port.o
 *fill*         0x00000000080082c8        0x8 
 .text.SVC_Handler
                0x00000000080082d0       0x28 ./Middlewares/Third_Party/FreeRTOS/Source/portable/GCC/ARM_CM4F/port.o
                0x00000000080082d0                SVC_Handler
 .text.prvPortStartFirstTask
                0x00000000080082f8       0x28 ./Middlewares/Third_Party/FreeRTOS/Source/portable/GCC/ARM_CM4F/port.o
 .text.xPortStartScheduler
                0x0000000008008320      0x144 ./Middlewares/Third_Party/FreeRTOS/Source/portable/GCC/ARM_CM4F/port.o
                0x0000000008008320                xPortStartScheduler
 .text.vPortEnterCritical
                0x0000000008008464       0x60 ./Middlewares/Third_Party/FreeRTOS/Source/portable/GCC/ARM_CM4F/port.o
                0x0000000008008464                vPortEnterCritical
 .text.vPortExitCritical
                0x00000000080084c4       0x54 ./Middlewares/Third_Party/FreeRTOS/Source/portable/GCC/ARM_CM4F/port.o
                0x00000000080084c4                vPortExitCritical
 *fill*         0x0000000008008518        0x8 
 .text.PendSV_Handler
                0x0000000008008520       0x68 ./Middlewares/Third_Party/FreeRTOS/Source/portable/GCC/ARM_CM4F/port.o
                0x0000000008008520                PendSV_Handler
 .text.xPortSysTickHandler
                0x0000000008008588       0x44 ./Middlewares/Third_Party/FreeRTOS/Source/portable/GCC/ARM_CM4F/port.o
                0x0000000008008588                xPortSysTickHandler
 .text.vPortSetupTimerInterrupt
                0x00000000080085cc       0x48 ./Middlewares/Third_Party/FreeRTOS/Source/portable/GCC/ARM_CM4F/port.o
                0x00000000080085cc                vPortSetupTimerInterrupt
 .text.vPortEnableVFP
                0x0000000008008614       0x14 ./Middlewares/Third_Party/FreeRTOS/Source/portable/GCC/ARM_CM4F/port.o
 .text.vPortValidateInterruptPriority
                0x0000000008008628       0x80 ./Middlewares/Third_Party/FreeRTOS/Source/portable/GCC/ARM_CM4F/port.o
                0x0000000008008628                vPortValidateInterruptPriority
 .text.pvPortMalloc
                0x00000000080086a8      0x198 ./Middlewares/Third_Party/FreeRTOS/Source/portable/MemMang/heap_4.o
                0x00000000080086a8                pvPortMalloc
 .text.vPortFree
                0x0000000008008840       0xc4 ./Middlewares/Third_Party/FreeRTOS/Source/portable/MemMang/heap_4.o
                0x0000000008008840                vPortFree
 .text.prvHeapInit
                0x0000000008008904       0xc4 ./Middlewares/Third_Party/FreeRTOS/Source/portable/MemMang/heap_4.o
 .text.prvInsertBlockIntoFreeList
                0x00000000080089c8       0xb4 ./Middlewares/Third_Party/FreeRTOS/Source/portable/MemMang/heap_4.o
 .text.__libc_init_array
                0x0000000008008a7c       0x48 c:/st/stm32cubeide_1.10.1/stm32cubeide/plugins/com.st.stm32cube.ide.mcu.externaltools.gnu-tools-for-stm32.10.3-2021.10.win32_1.0.0.202111181127/tools/bin/../lib/gcc/arm-none-eabi/10.3.1/../../../../arm-none-eabi/lib/thumb/v7e-m+fp/hard\libc_nano.a(lib_a-init.o)
                0x0000000008008a7c                __libc_init_array
 .text.__retarget_lock_acquire_recursive
                0x0000000008008ac4        0x2 c:/st/stm32cubeide_1.10.1/stm32cubeide/plugins/com.st.stm32cube.ide.mcu.externaltools.gnu-tools-for-stm32.10.3-2021.10.win32_1.0.0.202111181127/tools/bin/../lib/gcc/arm-none-eabi/10.3.1/../../../../arm-none-eabi/lib/thumb/v7e-m+fp/hard\libc_nano.a(lib_a-lock.o)
                0x0000000008008ac4                __retarget_lock_acquire_recursive
 .text.__retarget_lock_release_recursive
                0x0000000008008ac6        0x2 c:/st/stm32cubeide_1.10.1/stm32cubeide/plugins/com.st.stm32cube.ide.mcu.externaltools.gnu-tools-for-stm32.10.3-2021.10.win32_1.0.0.202111181127/tools/bin/../lib/gcc/arm-none-eabi/10.3.1/../../../../arm-none-eabi/lib/thumb/v7e-m+fp/hard\libc_nano.a(lib_a-lock.o)
                0x0000000008008ac6                __retarget_lock_release_recursive
 .text.memcpy   0x0000000008008ac8       0x1c c:/st/stm32cubeide_1.10.1/stm32cubeide/plugins/com.st.stm32cube.ide.mcu.externaltools.gnu-tools-for-stm32.10.3-2021.10.win32_1.0.0.202111181127/tools/bin/../lib/gcc/arm-none-eabi/10.3.1/../../../../arm-none-eabi/lib/thumb/v7e-m+fp/hard\libc_nano.a(lib_a-memcpy-stub.o)
                0x0000000008008ac8                memcpy
 .text.memset   0x0000000008008ae4       0x10 c:/st/stm32cubeide_1.10.1/stm32cubeide/plugins/com.st.stm32cube.ide.mcu.externaltools.gnu-tools-for-stm32.10.3-2021.10.win32_1.0.0.202111181127/tools/bin/../lib/gcc/arm-none-eabi/10.3.1/../../../../arm-none-eabi/lib/thumb/v7e-m+fp/hard\libc_nano.a(lib_a-memset.o)
                0x0000000008008ae4                memset
 .text.cleanup_glue
                0x0000000008008af4       0x1a c:/st/stm32cubeide_1.10.1/stm32cubeide/plugins/com.st.stm32cube.ide.mcu.externaltools.gnu-tools-for-stm32.10.3-2021.10.win32_1.0.0.202111181127/tools/bin/../lib/gcc/arm-none-eabi/10.3.1/../../../../arm-none-eabi/lib/thumb/v7e-m+fp/hard\libc_nano.a(lib_a-reent.o)
                0x0000000008008af4                cleanup_glue
 *fill*         0x0000000008008b0e        0x2 
 .text._reclaim_reent
                0x0000000008008b10       0xb8 c:/st/stm32cubeide_1.10.1/stm32cubeide/plugins/com.st.stm32cube.ide.mcu.externaltools.gnu-tools-for-stm32.10.3-2021.10.win32_1.0.0.202111181127/tools/bin/../lib/gcc/arm-none-eabi/10.3.1/../../../../arm-none-eabi/lib/thumb/v7e-m+fp/hard\libc_nano.a(lib_a-reent.o)
                0x0000000008008b10                _reclaim_reent
 .text.__malloc_lock
                0x0000000008008bc8        0xc c:/st/stm32cubeide_1.10.1/stm32cubeide/plugins/com.st.stm32cube.ide.mcu.externaltools.gnu-tools-for-stm32.10.3-2021.10.win32_1.0.0.202111181127/tools/bin/../lib/gcc/arm-none-eabi/10.3.1/../../../../arm-none-eabi/lib/thumb/v7e-m+fp/hard\libc_nano.a(lib_a-mlock.o)
                0x0000000008008bc8                __malloc_lock
 .text.__malloc_unlock
                0x0000000008008bd4        0xc c:/st/stm32cubeide_1.10.1/stm32cubeide/plugins/com.st.stm32cube.ide.mcu.externaltools.gnu-tools-for-stm32.10.3-2021.10.win32_1.0.0.202111181127/tools/bin/../lib/gcc/arm-none-eabi/10.3.1/../../../../arm-none-eabi/lib/thumb/v7e-m+fp/hard\libc_nano.a(lib_a-mlock.o)
                0x0000000008008bd4                __malloc_unlock
 .text._free_r  0x0000000008008be0       0x98 c:/st/stm32cubeide_1.10.1/stm32cubeide/plugins/com.st.stm32cube.ide.mcu.externaltools.gnu-tools-for-stm32.10.3-2021.10.win32_1.0.0.202111181127/tools/bin/../lib/gcc/arm-none-eabi/10.3.1/../../../../arm-none-eabi/lib/thumb/v7e-m+fp/hard\libc_nano.a(lib_a-nano-freer.o)
                0x0000000008008be0                _free_r
 *(.glue_7)
 .glue_7        0x0000000008008c78        0x0 linker stubs
 *(.glue_7t)
 .glue_7t       0x0000000008008c78        0x0 linker stubs
 *(.eh_frame)
 .eh_frame      0x0000000008008c78        0x0 c:/st/stm32cubeide_1.10.1/stm32cubeide/plugins/com.st.stm32cube.ide.mcu.externaltools.gnu-tools-for-stm32.10.3-2021.10.win32_1.0.0.202111181127/tools/bin/../lib/gcc/arm-none-eabi/10.3.1/thumb/v7e-m+fp/hard/crtbegin.o
 *(.init)
 .init          0x0000000008008c78        0x4 c:/st/stm32cubeide_1.10.1/stm32cubeide/plugins/com.st.stm32cube.ide.mcu.externaltools.gnu-tools-for-stm32.10.3-2021.10.win32_1.0.0.202111181127/tools/bin/../lib/gcc/arm-none-eabi/10.3.1/thumb/v7e-m+fp/hard/crti.o
                0x0000000008008c78                _init
 .init          0x0000000008008c7c        0x8 c:/st/stm32cubeide_1.10.1/stm32cubeide/plugins/com.st.stm32cube.ide.mcu.externaltools.gnu-tools-for-stm32.10.3-2021.10.win32_1.0.0.202111181127/tools/bin/../lib/gcc/arm-none-eabi/10.3.1/thumb/v7e-m+fp/hard/crtn.o
 *(.fini)
 .fini          0x0000000008008c84        0x4 c:/st/stm32cubeide_1.10.1/stm32cubeide/plugins/com.st.stm32cube.ide.mcu.externaltools.gnu-tools-for-stm32.10.3-2021.10.win32_1.0.0.202111181127/tools/bin/../lib/gcc/arm-none-eabi/10.3.1/thumb/v7e-m+fp/hard/crti.o
                0x0000000008008c84                _fini
 .fini          0x0000000008008c88        0x8 c:/st/stm32cubeide_1.10.1/stm32cubeide/plugins/com.st.stm32cube.ide.mcu.externaltools.gnu-tools-for-stm32.10.3-2021.10.win32_1.0.0.202111181127/tools/bin/../lib/gcc/arm-none-eabi/10.3.1/thumb/v7e-m+fp/hard/crtn.o
                0x0000000008008c90                . = ALIGN (0x4)
                0x0000000008008c90                _etext = .

.vfp11_veneer   0x0000000008008c90        0x0
 .vfp11_veneer  0x0000000008008c90        0x0 linker stubs

.v4_bx          0x0000000008008c90        0x0
 .v4_bx         0x0000000008008c90        0x0 linker stubs

.iplt           0x0000000008008c90        0x0
 .iplt          0x0000000008008c90        0x0 c:/st/stm32cubeide_1.10.1/stm32cubeide/plugins/com.st.stm32cube.ide.mcu.externaltools.gnu-tools-for-stm32.10.3-2021.10.win32_1.0.0.202111181127/tools/bin/../lib/gcc/arm-none-eabi/10.3.1/thumb/v7e-m+fp/hard/crtbegin.o

.rodata         0x0000000008008c90     0x1c20
                0x0000000008008c90                . = ALIGN (0x4)
 *(.rodata)
 .rodata        0x0000000008008c90       0x13 ./Core/Src/gui.o
 *fill*         0x0000000008008ca3        0x1 
 .rodata        0x0000000008008ca4       0x95 ./Core/Src/main.o
 *fill*         0x0000000008008d39        0x3 
 .rodata        0x0000000008008d3c        0x5 ./Middlewares/Third_Party/FreeRTOS/Source/tasks.o
 *fill*         0x0000000008008d41        0x3 
 .rodata        0x0000000008008d44        0xd ./Middlewares/Third_Party/FreeRTOS/Source/timers.o
 *(.rodata*)
 *fill*         0x0000000008008d51        0x3 
 .rodata.lupa   0x0000000008008d54      0x1d0 ./Core/Src/bitmaps.o
                0x0000000008008d54                lupa
 .rodata.kielon
                0x0000000008008f24      0x12c ./Core/Src/bitmaps.o
                0x0000000008008f24                kielon
 .rodata.ciecz  0x0000000008009050       0xa4 ./Core/Src/bitmaps.o
                0x0000000008009050                ciecz
 .rodata.put    0x00000000080090f4      0x1c2 ./Core/Src/bitmaps.o
                0x00000000080090f4                put
 *fill*         0x00000000080092b6        0x2 
 .rodata.put2   0x00000000080092b8       0x28 ./Core/Src/bitmaps.o
                0x00000000080092b8                put2
 .rodata.mainTask_attributes
                0x00000000080092e0       0x24 ./Core/Src/main.o
                0x00000000080092e0                mainTask_attributes
 .rodata.debouncingTask_attributes
                0x0000000008009304       0x24 ./Core/Src/main.o
                0x0000000008009304                debouncingTask_attributes
 .rodata.pumpTask_attributes
                0x0000000008009328       0x24 ./Core/Src/main.o
                0x0000000008009328                pumpTask_attributes
 .rodata.oledTask_attributes
                0x000000000800934c       0x24 ./Core/Src/main.o
                0x000000000800934c                oledTask_attributes
 .rodata.AHBPrescTable
                0x0000000008009370       0x10 ./Core/Src/system_stm32f4xx.o
                0x0000000008009370                AHBPrescTable
 .rodata.APBPrescTable
                0x0000000008009380        0x8 ./Core/Src/system_stm32f4xx.o
                0x0000000008009380                APBPrescTable
 .rodata.Font7x10
                0x0000000008009388      0x76c ./Drivers/OLED/ssd1306_fonts.o
                0x0000000008009388                Font7x10
 .rodata.Font11x18
                0x0000000008009af4      0xd5c ./Drivers/OLED/ssd1306_fonts.o
                0x0000000008009af4                Font11x18
 .rodata.__sf_fake_stderr
                0x000000000800a850       0x20 c:/st/stm32cubeide_1.10.1/stm32cubeide/plugins/com.st.stm32cube.ide.mcu.externaltools.gnu-tools-for-stm32.10.3-2021.10.win32_1.0.0.202111181127/tools/bin/../lib/gcc/arm-none-eabi/10.3.1/../../../../arm-none-eabi/lib/thumb/v7e-m+fp/hard\libc_nano.a(lib_a-findfp.o)
                0x000000000800a850                __sf_fake_stderr
 .rodata.__sf_fake_stdin
                0x000000000800a870       0x20 c:/st/stm32cubeide_1.10.1/stm32cubeide/plugins/com.st.stm32cube.ide.mcu.externaltools.gnu-tools-for-stm32.10.3-2021.10.win32_1.0.0.202111181127/tools/bin/../lib/gcc/arm-none-eabi/10.3.1/../../../../arm-none-eabi/lib/thumb/v7e-m+fp/hard\libc_nano.a(lib_a-findfp.o)
                0x000000000800a870                __sf_fake_stdin
 .rodata.__sf_fake_stdout
                0x000000000800a890       0x20 c:/st/stm32cubeide_1.10.1/stm32cubeide/plugins/com.st.stm32cube.ide.mcu.externaltools.gnu-tools-for-stm32.10.3-2021.10.win32_1.0.0.202111181127/tools/bin/../lib/gcc/arm-none-eabi/10.3.1/../../../../arm-none-eabi/lib/thumb/v7e-m+fp/hard\libc_nano.a(lib_a-findfp.o)
                0x000000000800a890                __sf_fake_stdout
                0x000000000800a8b0                . = ALIGN (0x4)

.ARM.extab      0x000000000800a8b0        0x0
                0x000000000800a8b0                . = ALIGN (0x4)
 *(.ARM.extab* .gnu.linkonce.armextab.*)
                0x000000000800a8b0                . = ALIGN (0x4)

.ARM            0x000000000800a8b0        0x8
                0x000000000800a8b0                . = ALIGN (0x4)
                0x000000000800a8b0                __exidx_start = .
 *(.ARM.exidx*)
 .ARM.exidx     0x000000000800a8b0        0x8 c:/st/stm32cubeide_1.10.1/stm32cubeide/plugins/com.st.stm32cube.ide.mcu.externaltools.gnu-tools-for-stm32.10.3-2021.10.win32_1.0.0.202111181127/tools/bin/../lib/gcc/arm-none-eabi/10.3.1/thumb/v7e-m+fp/hard\libgcc.a(_udivmoddi4.o)
                0x000000000800a8b8                __exidx_end = .
                0x000000000800a8b8                . = ALIGN (0x4)

.rel.dyn        0x000000000800a8b8        0x0
 .rel.iplt      0x000000000800a8b8        0x0 c:/st/stm32cubeide_1.10.1/stm32cubeide/plugins/com.st.stm32cube.ide.mcu.externaltools.gnu-tools-for-stm32.10.3-2021.10.win32_1.0.0.202111181127/tools/bin/../lib/gcc/arm-none-eabi/10.3.1/thumb/v7e-m+fp/hard/crtbegin.o

.preinit_array  0x000000000800a8b8        0x0
                0x000000000800a8b8                . = ALIGN (0x4)
                0x000000000800a8b8                PROVIDE (__preinit_array_start = .)
 *(.preinit_array*)
                0x000000000800a8b8                PROVIDE (__preinit_array_end = .)
                0x000000000800a8b8                . = ALIGN (0x4)

.init_array     0x000000000800a8b8        0x4
                0x000000000800a8b8                . = ALIGN (0x4)
                0x000000000800a8b8                PROVIDE (__init_array_start = .)
 *(SORT_BY_NAME(.init_array.*))
 *(.init_array*)
 .init_array    0x000000000800a8b8        0x4 c:/st/stm32cubeide_1.10.1/stm32cubeide/plugins/com.st.stm32cube.ide.mcu.externaltools.gnu-tools-for-stm32.10.3-2021.10.win32_1.0.0.202111181127/tools/bin/../lib/gcc/arm-none-eabi/10.3.1/thumb/v7e-m+fp/hard/crtbegin.o
                0x000000000800a8bc                PROVIDE (__init_array_end = .)
                0x000000000800a8bc                . = ALIGN (0x4)

.fini_array     0x000000000800a8bc        0x4
                0x000000000800a8bc                . = ALIGN (0x4)
                [!provide]                        PROVIDE (__fini_array_start = .)
 *(SORT_BY_NAME(.fini_array.*))
 *(.fini_array*)
 .fini_array    0x000000000800a8bc        0x4 c:/st/stm32cubeide_1.10.1/stm32cubeide/plugins/com.st.stm32cube.ide.mcu.externaltools.gnu-tools-for-stm32.10.3-2021.10.win32_1.0.0.202111181127/tools/bin/../lib/gcc/arm-none-eabi/10.3.1/thumb/v7e-m+fp/hard/crtbegin.o
                [!provide]                        PROVIDE (__fini_array_end = .)
                0x000000000800a8c0                . = ALIGN (0x4)
                0x000000000800a8c0                _sidata = LOADADDR (.data)

.data           0x0000000020000000      0x184 load address 0x000000000800a8c0
                0x0000000020000000                . = ALIGN (0x4)
                0x0000000020000000                _sdata = .
 *(.data)
 *(.data*)
 .data.fluid    0x0000000020000000        0x4 ./Core/Src/gui.o
                0x0000000020000000                fluid
 .data.key_state
                0x0000000020000004        0x2 ./Core/Src/main.o
                0x0000000020000004                key_state
 *fill*         0x0000000020000006        0x2 
 .data.liquidVolume
                0x0000000020000008        0x4 ./Core/Src/main.o
                0x0000000020000008                liquidVolume
 .data.volume   0x000000002000000c        0x3 ./Core/Src/main.o
                0x000000002000000c                volume
 *fill*         0x000000002000000f        0x1 
 .data.distancemm
                0x0000000020000010        0x5 ./Core/Src/main.o
                0x0000000020000010                distancemm
 *fill*         0x0000000020000015        0x3 
 .data.SystemCoreClock
                0x0000000020000018        0x4 ./Core/Src/system_stm32f4xx.o
                0x0000000020000018                SystemCoreClock
 .data.ucI2CMode
                0x000000002000001c        0x9 ./Core/Src/tof.o
                0x000000002000001c                ucI2CMode
 *fill*         0x0000000020000025        0x3 
 .data.ucI2CMode2
                0x0000000020000028        0x7 ./Core/Src/tof.o
                0x0000000020000028                ucI2CMode2
 *fill*         0x000000002000002f        0x1 
 .data.ucSPAD0  0x0000000020000030        0x9 ./Core/Src/tof.o
                0x0000000020000030                ucSPAD0
 *fill*         0x0000000020000039        0x3 
 .data.ucSPAD1  0x000000002000003c        0xb ./Core/Src/tof.o
                0x000000002000003c                ucSPAD1
 *fill*         0x0000000020000047        0x1 
 .data.ucSPAD2  0x0000000020000048        0x9 ./Core/Src/tof.o
                0x0000000020000048                ucSPAD2
 *fill*         0x0000000020000051        0x3 
 .data.ucSPAD   0x0000000020000054        0xb ./Core/Src/tof.o
                0x0000000020000054                ucSPAD
 *fill*         0x000000002000005f        0x1 
 .data.ucDefTuning
                0x0000000020000060       0xa1 ./Core/Src/tof.o
                0x0000000020000060                ucDefTuning
 *fill*         0x0000000020000101        0x3 
 .data.Font_7x10
                0x0000000020000104        0x8 ./Drivers/OLED/ssd1306_fonts.o
                0x0000000020000104                Font_7x10
 .data.Font_11x18
                0x000000002000010c        0x8 ./Drivers/OLED/ssd1306_fonts.o
                0x000000002000010c                Font_11x18
 .data.uwTickPrio
                0x0000000020000114        0x4 ./Drivers/STM32F4xx_HAL_Driver/Src/stm32f4xx_hal.o
                0x0000000020000114                uwTickPrio
 .data.uwTickFreq
                0x0000000020000118        0x1 ./Drivers/STM32F4xx_HAL_Driver/Src/stm32f4xx_hal.o
                0x0000000020000118                uwTickFreq
 *fill*         0x0000000020000119        0x3 
 .data.uxCriticalNesting
                0x000000002000011c        0x4 ./Middlewares/Third_Party/FreeRTOS/Source/portable/GCC/ARM_CM4F/port.o
 .data._impure_ptr
                0x0000000020000120        0x4 c:/st/stm32cubeide_1.10.1/stm32cubeide/plugins/com.st.stm32cube.ide.mcu.externaltools.gnu-tools-for-stm32.10.3-2021.10.win32_1.0.0.202111181127/tools/bin/../lib/gcc/arm-none-eabi/10.3.1/../../../../arm-none-eabi/lib/thumb/v7e-m+fp/hard\libc_nano.a(lib_a-impure.o)
                0x0000000020000120                _impure_ptr
 .data.impure_data
                0x0000000020000124       0x60 c:/st/stm32cubeide_1.10.1/stm32cubeide/plugins/com.st.stm32cube.ide.mcu.externaltools.gnu-tools-for-stm32.10.3-2021.10.win32_1.0.0.202111181127/tools/bin/../lib/gcc/arm-none-eabi/10.3.1/../../../../arm-none-eabi/lib/thumb/v7e-m+fp/hard\libc_nano.a(lib_a-impure.o)
 *(.RamFunc)
 *(.RamFunc*)
                0x0000000020000184                . = ALIGN (0x4)
                0x0000000020000184                _edata = .

.igot.plt       0x0000000020000184        0x0 load address 0x000000000800aa44
 .igot.plt      0x0000000020000184        0x0 c:/st/stm32cubeide_1.10.1/stm32cubeide/plugins/com.st.stm32cube.ide.mcu.externaltools.gnu-tools-for-stm32.10.3-2021.10.win32_1.0.0.202111181127/tools/bin/../lib/gcc/arm-none-eabi/10.3.1/thumb/v7e-m+fp/hard/crtbegin.o
                0x0000000020000184                . = ALIGN (0x4)

.bss            0x0000000020000184     0x50cc load address 0x000000000800aa44
                0x0000000020000184                _sbss = .
                0x0000000020000184                __bss_start__ = _sbss
 *(.bss)
 .bss           0x0000000020000184       0x1c c:/st/stm32cubeide_1.10.1/stm32cubeide/plugins/com.st.stm32cube.ide.mcu.externaltools.gnu-tools-for-stm32.10.3-2021.10.win32_1.0.0.202111181127/tools/bin/../lib/gcc/arm-none-eabi/10.3.1/thumb/v7e-m+fp/hard/crtbegin.o
 *(.bss*)
 .bss.flagDirectionPut
                0x00000000200001a0        0x4 ./Core/Src/gui.o
                0x00000000200001a0                flagDirectionPut
 .bss.animation
                0x00000000200001a4        0x4 ./Core/Src/gui.o
                0x00000000200001a4                animation
 .bss.flagDirectionSearch
                0x00000000200001a8        0x4 ./Core/Src/gui.o
                0x00000000200001a8                flagDirectionSearch
 .bss.hi2c1     0x00000000200001ac       0x54 ./Core/Src/main.o
                0x00000000200001ac                hi2c1
 .bss.hi2c2     0x0000000020000200       0x54 ./Core/Src/main.o
                0x0000000020000200                hi2c2
 .bss.htim2     0x0000000020000254       0x48 ./Core/Src/main.o
                0x0000000020000254                htim2
 .bss.htim3     0x000000002000029c       0x48 ./Core/Src/main.o
                0x000000002000029c                htim3
 .bss.htim4     0x00000000200002e4       0x48 ./Core/Src/main.o
                0x00000000200002e4                htim4
 .bss.htim10    0x000000002000032c       0x48 ./Core/Src/main.o
                0x000000002000032c                htim10
 .bss.htim11    0x0000000020000374       0x48 ./Core/Src/main.o
                0x0000000020000374                htim11
 .bss.mainTaskHandle
                0x00000000200003bc        0x4 ./Core/Src/main.o
                0x00000000200003bc                mainTaskHandle
 .bss.debouncingTaskHandle
                0x00000000200003c0        0x4 ./Core/Src/main.o
                0x00000000200003c0                debouncingTaskHandle
 .bss.pumpTaskHandle
                0x00000000200003c4        0x4 ./Core/Src/main.o
                0x00000000200003c4                pumpTaskHandle
 .bss.oledTaskHandle
                0x00000000200003c8        0x4 ./Core/Src/main.o
                0x00000000200003c8                oledTaskHandle
 .bss.encoderPosition
                0x00000000200003cc        0x4 ./Core/Src/main.o
                0x00000000200003cc                encoderPosition
 .bss.status    0x00000000200003d0        0x1 ./Core/Src/main.o
                0x00000000200003d0                status
 .bss.statusOled
                0x00000000200003d1        0x1 ./Core/Src/main.o
                0x00000000200003d1                statusOled
 *fill*         0x00000000200003d2        0x2 
 .bss.press     0x00000000200003d4        0x4 ./Core/Src/main.o
                0x00000000200003d4                press
 .bss.distance  0x00000000200003d8        0x2 ./Core/Src/main.o
                0x00000000200003d8                distance
 *fill*         0x00000000200003da        0x2 
 .bss.htim1     0x00000000200003dc       0x48 ./Core/Src/stm32f4xx_hal_timebase_tim.o
                0x00000000200003dc                htim1
 .bss.stop_variable
                0x0000000020000424        0x1 ./Core/Src/tof.o
 *fill*         0x0000000020000425        0x3 
 .bss.measurement_timing_budget_us
                0x0000000020000428        0x4 ./Core/Src/tof.o
 .bss.SSD1306_Buffer
                0x000000002000042c      0x400 ./Drivers/OLED/ssd1306.o
 .bss.SSD1306   0x000000002000082c        0x6 ./Drivers/OLED/ssd1306.o
 *fill*         0x0000000020000832        0x2 
 .bss.uwTick    0x0000000020000834        0x4 ./Drivers/STM32F4xx_HAL_Driver/Src/stm32f4xx_hal.o
                0x0000000020000834                uwTick
 .bss.KernelState
                0x0000000020000838        0x4 ./Middlewares/Third_Party/FreeRTOS/Source/CMSIS_RTOS_V2/cmsis_os2.o
 .bss.Idle_TCB.3
                0x000000002000083c       0xbc ./Middlewares/Third_Party/FreeRTOS/Source/CMSIS_RTOS_V2/cmsis_os2.o
 .bss.Idle_Stack.2
                0x00000000200008f8      0x200 ./Middlewares/Third_Party/FreeRTOS/Source/CMSIS_RTOS_V2/cmsis_os2.o
 .bss.Timer_TCB.1
                0x0000000020000af8       0xbc ./Middlewares/Third_Party/FreeRTOS/Source/CMSIS_RTOS_V2/cmsis_os2.o
 .bss.Timer_Stack.0
                0x0000000020000bb4      0x400 ./Middlewares/Third_Party/FreeRTOS/Source/CMSIS_RTOS_V2/cmsis_os2.o
 .bss.xQueueRegistry
                0x0000000020000fb4       0x40 ./Middlewares/Third_Party/FreeRTOS/Source/queue.o
                0x0000000020000fb4                xQueueRegistry
 .bss.pxCurrentTCB
                0x0000000020000ff4        0x4 ./Middlewares/Third_Party/FreeRTOS/Source/tasks.o
                0x0000000020000ff4                pxCurrentTCB
 .bss.pxReadyTasksLists
                0x0000000020000ff8      0x460 ./Middlewares/Third_Party/FreeRTOS/Source/tasks.o
 .bss.xDelayedTaskList1
                0x0000000020001458       0x14 ./Middlewares/Third_Party/FreeRTOS/Source/tasks.o
 .bss.xDelayedTaskList2
                0x000000002000146c       0x14 ./Middlewares/Third_Party/FreeRTOS/Source/tasks.o
 .bss.pxDelayedTaskList
                0x0000000020001480        0x4 ./Middlewares/Third_Party/FreeRTOS/Source/tasks.o
 .bss.pxOverflowDelayedTaskList
                0x0000000020001484        0x4 ./Middlewares/Third_Party/FreeRTOS/Source/tasks.o
 .bss.xPendingReadyList
                0x0000000020001488       0x14 ./Middlewares/Third_Party/FreeRTOS/Source/tasks.o
 .bss.xTasksWaitingTermination
                0x000000002000149c       0x14 ./Middlewares/Third_Party/FreeRTOS/Source/tasks.o
 .bss.uxDeletedTasksWaitingCleanUp
                0x00000000200014b0        0x4 ./Middlewares/Third_Party/FreeRTOS/Source/tasks.o
 .bss.xSuspendedTaskList
                0x00000000200014b4       0x14 ./Middlewares/Third_Party/FreeRTOS/Source/tasks.o
 .bss.uxCurrentNumberOfTasks
                0x00000000200014c8        0x4 ./Middlewares/Third_Party/FreeRTOS/Source/tasks.o
 .bss.xTickCount
                0x00000000200014cc        0x4 ./Middlewares/Third_Party/FreeRTOS/Source/tasks.o
 .bss.uxTopReadyPriority
                0x00000000200014d0        0x4 ./Middlewares/Third_Party/FreeRTOS/Source/tasks.o
 .bss.xSchedulerRunning
                0x00000000200014d4        0x4 ./Middlewares/Third_Party/FreeRTOS/Source/tasks.o
 .bss.xPendedTicks
                0x00000000200014d8        0x4 ./Middlewares/Third_Party/FreeRTOS/Source/tasks.o
 .bss.xYieldPending
                0x00000000200014dc        0x4 ./Middlewares/Third_Party/FreeRTOS/Source/tasks.o
 .bss.xNumOfOverflows
                0x00000000200014e0        0x4 ./Middlewares/Third_Party/FreeRTOS/Source/tasks.o
 .bss.uxTaskNumber
                0x00000000200014e4        0x4 ./Middlewares/Third_Party/FreeRTOS/Source/tasks.o
 .bss.xNextTaskUnblockTime
                0x00000000200014e8        0x4 ./Middlewares/Third_Party/FreeRTOS/Source/tasks.o
 .bss.xIdleTaskHandle
                0x00000000200014ec        0x4 ./Middlewares/Third_Party/FreeRTOS/Source/tasks.o
 .bss.uxSchedulerSuspended
                0x00000000200014f0        0x4 ./Middlewares/Third_Party/FreeRTOS/Source/tasks.o
 .bss.xActiveTimerList1
                0x00000000200014f4       0x14 ./Middlewares/Third_Party/FreeRTOS/Source/timers.o
 .bss.xActiveTimerList2
                0x0000000020001508       0x14 ./Middlewares/Third_Party/FreeRTOS/Source/timers.o
 .bss.pxCurrentTimerList
                0x000000002000151c        0x4 ./Middlewares/Third_Party/FreeRTOS/Source/timers.o
 .bss.pxOverflowTimerList
                0x0000000020001520        0x4 ./Middlewares/Third_Party/FreeRTOS/Source/timers.o
 .bss.xTimerQueue
                0x0000000020001524        0x4 ./Middlewares/Third_Party/FreeRTOS/Source/timers.o
 .bss.xTimerTaskHandle
                0x0000000020001528        0x4 ./Middlewares/Third_Party/FreeRTOS/Source/timers.o
 .bss.xLastTime.2
                0x000000002000152c        0x4 ./Middlewares/Third_Party/FreeRTOS/Source/timers.o
 .bss.ucStaticTimerQueueStorage.1
                0x0000000020001530       0xa0 ./Middlewares/Third_Party/FreeRTOS/Source/timers.o
 .bss.xStaticTimerQueue.0
                0x00000000200015d0       0x50 ./Middlewares/Third_Party/FreeRTOS/Source/timers.o
 .bss.ucMaxSysCallPriority
                0x0000000020001620        0x1 ./Middlewares/Third_Party/FreeRTOS/Source/portable/GCC/ARM_CM4F/port.o
 *fill*         0x0000000020001621        0x3 
 .bss.ulMaxPRIGROUPValue
                0x0000000020001624        0x4 ./Middlewares/Third_Party/FreeRTOS/Source/portable/GCC/ARM_CM4F/port.o
 .bss.ucHeap    0x0000000020001628     0x3c00 ./Middlewares/Third_Party/FreeRTOS/Source/portable/MemMang/heap_4.o
 .bss.xStart    0x0000000020005228        0x8 ./Middlewares/Third_Party/FreeRTOS/Source/portable/MemMang/heap_4.o
 .bss.pxEnd     0x0000000020005230        0x4 ./Middlewares/Third_Party/FreeRTOS/Source/portable/MemMang/heap_4.o
 .bss.xFreeBytesRemaining
                0x0000000020005234        0x4 ./Middlewares/Third_Party/FreeRTOS/Source/portable/MemMang/heap_4.o
 .bss.xMinimumEverFreeBytesRemaining
                0x0000000020005238        0x4 ./Middlewares/Third_Party/FreeRTOS/Source/portable/MemMang/heap_4.o
 .bss.xNumberOfSuccessfulAllocations
                0x000000002000523c        0x4 ./Middlewares/Third_Party/FreeRTOS/Source/portable/MemMang/heap_4.o
 .bss.xNumberOfSuccessfulFrees
                0x0000000020005240        0x4 ./Middlewares/Third_Party/FreeRTOS/Source/portable/MemMang/heap_4.o
 .bss.xBlockAllocatedBit
                0x0000000020005244        0x4 ./Middlewares/Third_Party/FreeRTOS/Source/portable/MemMang/heap_4.o
 .bss.__lock___malloc_recursive_mutex
                0x0000000020005248        0x1 c:/st/stm32cubeide_1.10.1/stm32cubeide/plugins/com.st.stm32cube.ide.mcu.externaltools.gnu-tools-for-stm32.10.3-2021.10.win32_1.0.0.202111181127/tools/bin/../lib/gcc/arm-none-eabi/10.3.1/../../../../arm-none-eabi/lib/thumb/v7e-m+fp/hard\libc_nano.a(lib_a-lock.o)
                0x0000000020005248                __lock___malloc_recursive_mutex
 *fill*         0x0000000020005249        0x3 
 .bss.__malloc_free_list
                0x000000002000524c        0x4 c:/st/stm32cubeide_1.10.1/stm32cubeide/plugins/com.st.stm32cube.ide.mcu.externaltools.gnu-tools-for-stm32.10.3-2021.10.win32_1.0.0.202111181127/tools/bin/../lib/gcc/arm-none-eabi/10.3.1/../../../../arm-none-eabi/lib/thumb/v7e-m+fp/hard\libc_nano.a(lib_a-nano-mallocr.o)
                0x000000002000524c                __malloc_free_list
 *(COMMON)
                0x0000000020005250                . = ALIGN (0x4)
                0x0000000020005250                _ebss = .
                0x0000000020005250                __bss_end__ = _ebss

._user_heap_stack
                0x0000000020005250      0x600 load address 0x000000000800aa44
                0x0000000020005250                . = ALIGN (0x8)
                [!provide]                        PROVIDE (end = .)
                0x0000000020005250                PROVIDE (_end = .)
                0x0000000020005450                . = (. + _Min_Heap_Size)
 *fill*         0x0000000020005250      0x200 
                0x0000000020005850                . = (. + _Min_Stack_Size)
 *fill*         0x0000000020005450      0x400 
                0x0000000020005850                . = ALIGN (0x8)

/DISCARD/
 libc.a(*)
 libm.a(*)
 libgcc.a(*)

.ARM.attributes
                0x0000000000000000       0x30
 *(.ARM.attributes)
 .ARM.attributes
                0x0000000000000000       0x1e c:/st/stm32cubeide_1.10.1/stm32cubeide/plugins/com.st.stm32cube.ide.mcu.externaltools.gnu-tools-for-stm32.10.3-2021.10.win32_1.0.0.202111181127/tools/bin/../lib/gcc/arm-none-eabi/10.3.1/thumb/v7e-m+fp/hard/crti.o
 .ARM.attributes
                0x000000000000001e       0x34 c:/st/stm32cubeide_1.10.1/stm32cubeide/plugins/com.st.stm32cube.ide.mcu.externaltools.gnu-tools-for-stm32.10.3-2021.10.win32_1.0.0.202111181127/tools/bin/../lib/gcc/arm-none-eabi/10.3.1/thumb/v7e-m+fp/hard/crtbegin.o
 .ARM.attributes
                0x0000000000000052       0x34 ./Core/Src/bitmaps.o
 .ARM.attributes
                0x0000000000000086       0x34 ./Core/Src/encoder.o
 .ARM.attributes
                0x00000000000000ba       0x34 ./Core/Src/gui.o
 .ARM.attributes
                0x00000000000000ee       0x34 ./Core/Src/main.o
 .ARM.attributes
                0x0000000000000122       0x34 ./Core/Src/stepper.o
 .ARM.attributes
                0x0000000000000156       0x34 ./Core/Src/stm32f4xx_hal_msp.o
 .ARM.attributes
                0x000000000000018a       0x34 ./Core/Src/stm32f4xx_hal_timebase_tim.o
 .ARM.attributes
                0x00000000000001be       0x34 ./Core/Src/stm32f4xx_it.o
 .ARM.attributes
                0x00000000000001f2       0x34 ./Core/Src/system_stm32f4xx.o
 .ARM.attributes
                0x0000000000000226       0x34 ./Core/Src/tof.o
 .ARM.attributes
                0x000000000000025a       0x21 ./Core/Startup/startup_stm32f401ccux.o
 .ARM.attributes
                0x000000000000027b       0x34 ./Drivers/OLED/ssd1306.o
 .ARM.attributes
                0x00000000000002af       0x34 ./Drivers/OLED/ssd1306_fonts.o
 .ARM.attributes
                0x00000000000002e3       0x34 ./Drivers/STM32F4xx_HAL_Driver/Src/stm32f4xx_hal.o
 .ARM.attributes
                0x0000000000000317       0x34 ./Drivers/STM32F4xx_HAL_Driver/Src/stm32f4xx_hal_cortex.o
 .ARM.attributes
                0x000000000000034b       0x34 ./Drivers/STM32F4xx_HAL_Driver/Src/stm32f4xx_hal_gpio.o
 .ARM.attributes
                0x000000000000037f       0x34 ./Drivers/STM32F4xx_HAL_Driver/Src/stm32f4xx_hal_i2c.o
 .ARM.attributes
                0x00000000000003b3       0x34 ./Drivers/STM32F4xx_HAL_Driver/Src/stm32f4xx_hal_rcc.o
 .ARM.attributes
                0x00000000000003e7       0x34 ./Drivers/STM32F4xx_HAL_Driver/Src/stm32f4xx_hal_tim.o
 .ARM.attributes
                0x000000000000041b       0x34 ./Drivers/STM32F4xx_HAL_Driver/Src/stm32f4xx_hal_tim_ex.o
 .ARM.attributes
                0x000000000000044f       0x34 ./Middlewares/Third_Party/FreeRTOS/Source/CMSIS_RTOS_V2/cmsis_os2.o
 .ARM.attributes
                0x0000000000000483       0x34 ./Middlewares/Third_Party/FreeRTOS/Source/list.o
 .ARM.attributes
                0x00000000000004b7       0x34 ./Middlewares/Third_Party/FreeRTOS/Source/queue.o
 .ARM.attributes
                0x00000000000004eb       0x34 ./Middlewares/Third_Party/FreeRTOS/Source/tasks.o
 .ARM.attributes
                0x000000000000051f       0x34 ./Middlewares/Third_Party/FreeRTOS/Source/timers.o
 .ARM.attributes
                0x0000000000000553       0x34 ./Middlewares/Third_Party/FreeRTOS/Source/portable/GCC/ARM_CM4F/port.o
 .ARM.attributes
                0x0000000000000587       0x34 ./Middlewares/Third_Party/FreeRTOS/Source/portable/MemMang/heap_4.o
 .ARM.attributes
                0x00000000000005bb       0x34 c:/st/stm32cubeide_1.10.1/stm32cubeide/plugins/com.st.stm32cube.ide.mcu.externaltools.gnu-tools-for-stm32.10.3-2021.10.win32_1.0.0.202111181127/tools/bin/../lib/gcc/arm-none-eabi/10.3.1/../../../../arm-none-eabi/lib/thumb/v7e-m+fp/hard\libc_nano.a(lib_a-findfp.o)
 .ARM.attributes
                0x00000000000005ef       0x34 c:/st/stm32cubeide_1.10.1/stm32cubeide/plugins/com.st.stm32cube.ide.mcu.externaltools.gnu-tools-for-stm32.10.3-2021.10.win32_1.0.0.202111181127/tools/bin/../lib/gcc/arm-none-eabi/10.3.1/../../../../arm-none-eabi/lib/thumb/v7e-m+fp/hard\libc_nano.a(lib_a-impure.o)
 .ARM.attributes
                0x0000000000000623       0x34 c:/st/stm32cubeide_1.10.1/stm32cubeide/plugins/com.st.stm32cube.ide.mcu.externaltools.gnu-tools-for-stm32.10.3-2021.10.win32_1.0.0.202111181127/tools/bin/../lib/gcc/arm-none-eabi/10.3.1/../../../../arm-none-eabi/lib/thumb/v7e-m+fp/hard\libc_nano.a(lib_a-init.o)
 .ARM.attributes
                0x0000000000000657       0x34 c:/st/stm32cubeide_1.10.1/stm32cubeide/plugins/com.st.stm32cube.ide.mcu.externaltools.gnu-tools-for-stm32.10.3-2021.10.win32_1.0.0.202111181127/tools/bin/../lib/gcc/arm-none-eabi/10.3.1/../../../../arm-none-eabi/lib/thumb/v7e-m+fp/hard\libc_nano.a(lib_a-lock.o)
 .ARM.attributes
                0x000000000000068b       0x34 c:/st/stm32cubeide_1.10.1/stm32cubeide/plugins/com.st.stm32cube.ide.mcu.externaltools.gnu-tools-for-stm32.10.3-2021.10.win32_1.0.0.202111181127/tools/bin/../lib/gcc/arm-none-eabi/10.3.1/../../../../arm-none-eabi/lib/thumb/v7e-m+fp/hard\libc_nano.a(lib_a-memcpy-stub.o)
 .ARM.attributes
                0x00000000000006bf       0x34 c:/st/stm32cubeide_1.10.1/stm32cubeide/plugins/com.st.stm32cube.ide.mcu.externaltools.gnu-tools-for-stm32.10.3-2021.10.win32_1.0.0.202111181127/tools/bin/../lib/gcc/arm-none-eabi/10.3.1/../../../../arm-none-eabi/lib/thumb/v7e-m+fp/hard\libc_nano.a(lib_a-memset.o)
 .ARM.attributes
                0x00000000000006f3       0x34 c:/st/stm32cubeide_1.10.1/stm32cubeide/plugins/com.st.stm32cube.ide.mcu.externaltools.gnu-tools-for-stm32.10.3-2021.10.win32_1.0.0.202111181127/tools/bin/../lib/gcc/arm-none-eabi/10.3.1/../../../../arm-none-eabi/lib/thumb/v7e-m+fp/hard\libc_nano.a(lib_a-nano-mallocr.o)
 .ARM.attributes
                0x0000000000000727       0x34 c:/st/stm32cubeide_1.10.1/stm32cubeide/plugins/com.st.stm32cube.ide.mcu.externaltools.gnu-tools-for-stm32.10.3-2021.10.win32_1.0.0.202111181127/tools/bin/../lib/gcc/arm-none-eabi/10.3.1/../../../../arm-none-eabi/lib/thumb/v7e-m+fp/hard\libc_nano.a(lib_a-reent.o)
 .ARM.attributes
                0x000000000000075b       0x34 c:/st/stm32cubeide_1.10.1/stm32cubeide/plugins/com.st.stm32cube.ide.mcu.externaltools.gnu-tools-for-stm32.10.3-2021.10.win32_1.0.0.202111181127/tools/bin/../lib/gcc/arm-none-eabi/10.3.1/../../../../arm-none-eabi/lib/thumb/v7e-m+fp/hard\libc_nano.a(lib_a-mlock.o)
 .ARM.attributes
                0x000000000000078f       0x34 c:/st/stm32cubeide_1.10.1/stm32cubeide/plugins/com.st.stm32cube.ide.mcu.externaltools.gnu-tools-for-stm32.10.3-2021.10.win32_1.0.0.202111181127/tools/bin/../lib/gcc/arm-none-eabi/10.3.1/../../../../arm-none-eabi/lib/thumb/v7e-m+fp/hard\libc_nano.a(lib_a-nano-freer.o)
 .ARM.attributes
                0x00000000000007c3       0x1e c:/st/stm32cubeide_1.10.1/stm32cubeide/plugins/com.st.stm32cube.ide.mcu.externaltools.gnu-tools-for-stm32.10.3-2021.10.win32_1.0.0.202111181127/tools/bin/../lib/gcc/arm-none-eabi/10.3.1/thumb/v7e-m+fp/hard\libgcc.a(_aeabi_uldivmod.o)
 .ARM.attributes
                0x00000000000007e1       0x34 c:/st/stm32cubeide_1.10.1/stm32cubeide/plugins/com.st.stm32cube.ide.mcu.externaltools.gnu-tools-for-stm32.10.3-2021.10.win32_1.0.0.202111181127/tools/bin/../lib/gcc/arm-none-eabi/10.3.1/thumb/v7e-m+fp/hard\libgcc.a(_udivmoddi4.o)
 .ARM.attributes
                0x0000000000000815       0x1e c:/st/stm32cubeide_1.10.1/stm32cubeide/plugins/com.st.stm32cube.ide.mcu.externaltools.gnu-tools-for-stm32.10.3-2021.10.win32_1.0.0.202111181127/tools/bin/../lib/gcc/arm-none-eabi/10.3.1/thumb/v7e-m+fp/hard\libgcc.a(_dvmd_tls.o)
 .ARM.attributes
                0x0000000000000833       0x1e c:/st/stm32cubeide_1.10.1/stm32cubeide/plugins/com.st.stm32cube.ide.mcu.externaltools.gnu-tools-for-stm32.10.3-2021.10.win32_1.0.0.202111181127/tools/bin/../lib/gcc/arm-none-eabi/10.3.1/thumb/v7e-m+fp/hard/crtn.o
OUTPUT(dyspenser.elf elf32-littlearm)
LOAD linker stubs
LOAD c:/st/stm32cubeide_1.10.1/stm32cubeide/plugins/com.st.stm32cube.ide.mcu.externaltools.gnu-tools-for-stm32.10.3-2021.10.win32_1.0.0.202111181127/tools/bin/../lib/gcc/arm-none-eabi/10.3.1/../../../../arm-none-eabi/lib/thumb/v7e-m+fp/hard\libc.a
LOAD c:/st/stm32cubeide_1.10.1/stm32cubeide/plugins/com.st.stm32cube.ide.mcu.externaltools.gnu-tools-for-stm32.10.3-2021.10.win32_1.0.0.202111181127/tools/bin/../lib/gcc/arm-none-eabi/10.3.1/../../../../arm-none-eabi/lib/thumb/v7e-m+fp/hard\libm.a
LOAD c:/st/stm32cubeide_1.10.1/stm32cubeide/plugins/com.st.stm32cube.ide.mcu.externaltools.gnu-tools-for-stm32.10.3-2021.10.win32_1.0.0.202111181127/tools/bin/../lib/gcc/arm-none-eabi/10.3.1/thumb/v7e-m+fp/hard\libgcc.a

.debug_info     0x0000000000000000    0x1c82f
 .debug_info    0x0000000000000000      0x147 ./Core/Src/bitmaps.o
 .debug_info    0x0000000000000147      0x68d ./Core/Src/encoder.o
 .debug_info    0x00000000000007d4      0xa05 ./Core/Src/gui.o
 .debug_info    0x00000000000011d9     0x1c43 ./Core/Src/main.o
 .debug_info    0x0000000000002e1c      0x85e ./Core/Src/stepper.o
 .debug_info    0x000000000000367a     0x110d ./Core/Src/stm32f4xx_hal_msp.o
 .debug_info    0x0000000000004787      0xbca ./Core/Src/stm32f4xx_hal_timebase_tim.o
 .debug_info    0x0000000000005351      0x71a ./Core/Src/stm32f4xx_it.o
 .debug_info    0x0000000000005a6b      0x54f ./Core/Src/system_stm32f4xx.o
 .debug_info    0x0000000000005fba     0x111c ./Core/Src/tof.o
 .debug_info    0x00000000000070d6       0x22 ./Core/Startup/startup_stm32f401ccux.o
 .debug_info    0x00000000000070f8     0x1165 ./Drivers/OLED/ssd1306.o
 .debug_info    0x000000000000825d      0x27a ./Drivers/OLED/ssd1306_fonts.o
 .debug_info    0x00000000000084d7      0x906 ./Drivers/STM32F4xx_HAL_Driver/Src/stm32f4xx_hal.o
 .debug_info    0x0000000000008ddd      0xd85 ./Drivers/STM32F4xx_HAL_Driver/Src/stm32f4xx_hal_cortex.o
 .debug_info    0x0000000000009b62      0x78e ./Drivers/STM32F4xx_HAL_Driver/Src/stm32f4xx_hal_gpio.o
 .debug_info    0x000000000000a2f0     0x260f ./Drivers/STM32F4xx_HAL_Driver/Src/stm32f4xx_hal_i2c.o
 .debug_info    0x000000000000c8ff      0x98c ./Drivers/STM32F4xx_HAL_Driver/Src/stm32f4xx_hal_rcc.o
 .debug_info    0x000000000000d28b     0x2bb6 ./Drivers/STM32F4xx_HAL_Driver/Src/stm32f4xx_hal_tim.o
 .debug_info    0x000000000000fe41     0x15d8 ./Drivers/STM32F4xx_HAL_Driver/Src/stm32f4xx_hal_tim_ex.o
 .debug_info    0x0000000000011419     0x42ab ./Middlewares/Third_Party/FreeRTOS/Source/CMSIS_RTOS_V2/cmsis_os2.o
 .debug_info    0x00000000000156c4      0x2d1 ./Middlewares/Third_Party/FreeRTOS/Source/list.o
 .debug_info    0x0000000000015995     0x1cbf ./Middlewares/Third_Party/FreeRTOS/Source/queue.o
 .debug_info    0x0000000000017654     0x2b40 ./Middlewares/Third_Party/FreeRTOS/Source/tasks.o
 .debug_info    0x000000000001a194     0x1c89 ./Middlewares/Third_Party/FreeRTOS/Source/timers.o
 .debug_info    0x000000000001be1d      0x507 ./Middlewares/Third_Party/FreeRTOS/Source/portable/GCC/ARM_CM4F/port.o
 .debug_info    0x000000000001c324      0x50b ./Middlewares/Third_Party/FreeRTOS/Source/portable/MemMang/heap_4.o

.debug_abbrev   0x0000000000000000     0x3e1d
 .debug_abbrev  0x0000000000000000       0x7c ./Core/Src/bitmaps.o
 .debug_abbrev  0x000000000000007c      0x17e ./Core/Src/encoder.o
 .debug_abbrev  0x00000000000001fa      0x244 ./Core/Src/gui.o
 .debug_abbrev  0x000000000000043e      0x37f ./Core/Src/main.o
 .debug_abbrev  0x00000000000007bd      0x1d1 ./Core/Src/stepper.o
 .debug_abbrev  0x000000000000098e      0x21f ./Core/Src/stm32f4xx_hal_msp.o
 .debug_abbrev  0x0000000000000bad      0x1f7 ./Core/Src/stm32f4xx_hal_timebase_tim.o
 .debug_abbrev  0x0000000000000da4      0x182 ./Core/Src/stm32f4xx_it.o
 .debug_abbrev  0x0000000000000f26      0x116 ./Core/Src/system_stm32f4xx.o
 .debug_abbrev  0x000000000000103c      0x2ed ./Core/Src/tof.o
 .debug_abbrev  0x0000000000001329       0x12 ./Core/Startup/startup_stm32f401ccux.o
 .debug_abbrev  0x000000000000133b      0x309 ./Drivers/OLED/ssd1306.o
 .debug_abbrev  0x0000000000001644      0x111 ./Drivers/OLED/ssd1306_fonts.o
 .debug_abbrev  0x0000000000001755      0x23e ./Drivers/STM32F4xx_HAL_Driver/Src/stm32f4xx_hal.o
 .debug_abbrev  0x0000000000001993      0x316 ./Drivers/STM32F4xx_HAL_Driver/Src/stm32f4xx_hal_cortex.o
 .debug_abbrev  0x0000000000001ca9      0x1c4 ./Drivers/STM32F4xx_HAL_Driver/Src/stm32f4xx_hal_gpio.o
 .debug_abbrev  0x0000000000001e6d      0x2a8 ./Drivers/STM32F4xx_HAL_Driver/Src/stm32f4xx_hal_i2c.o
 .debug_abbrev  0x0000000000002115      0x2aa ./Drivers/STM32F4xx_HAL_Driver/Src/stm32f4xx_hal_rcc.o
 .debug_abbrev  0x00000000000023bf      0x26e ./Drivers/STM32F4xx_HAL_Driver/Src/stm32f4xx_hal_tim.o
 .debug_abbrev  0x000000000000262d      0x276 ./Drivers/STM32F4xx_HAL_Driver/Src/stm32f4xx_hal_tim_ex.o
 .debug_abbrev  0x00000000000028a3      0x529 ./Middlewares/Third_Party/FreeRTOS/Source/CMSIS_RTOS_V2/cmsis_os2.o
 .debug_abbrev  0x0000000000002dcc       0xf2 ./Middlewares/Third_Party/FreeRTOS/Source/list.o
 .debug_abbrev  0x0000000000002ebe      0x3a1 ./Middlewares/Third_Party/FreeRTOS/Source/queue.o
 .debug_abbrev  0x000000000000325f      0x3f3 ./Middlewares/Third_Party/FreeRTOS/Source/tasks.o
 .debug_abbrev  0x0000000000003652      0x360 ./Middlewares/Third_Party/FreeRTOS/Source/timers.o
 .debug_abbrev  0x00000000000039b2      0x259 ./Middlewares/Third_Party/FreeRTOS/Source/portable/GCC/ARM_CM4F/port.o
 .debug_abbrev  0x0000000000003c0b      0x212 ./Middlewares/Third_Party/FreeRTOS/Source/portable/MemMang/heap_4.o

.debug_aranges  0x0000000000000000     0x1760
 .debug_aranges
                0x0000000000000000       0x18 ./Core/Src/bitmaps.o
 .debug_aranges
                0x0000000000000018       0x28 ./Core/Src/encoder.o
 .debug_aranges
                0x0000000000000040       0x40 ./Core/Src/gui.o
 .debug_aranges
                0x0000000000000080       0xb8 ./Core/Src/main.o
 .debug_aranges
                0x0000000000000138       0x38 ./Core/Src/stepper.o
 .debug_aranges
                0x0000000000000170       0x60 ./Core/Src/stm32f4xx_hal_msp.o
 .debug_aranges
                0x00000000000001d0       0x30 ./Core/Src/stm32f4xx_hal_timebase_tim.o
 .debug_aranges
                0x0000000000000200       0x58 ./Core/Src/stm32f4xx_it.o
 .debug_aranges
                0x0000000000000258       0x28 ./Core/Src/system_stm32f4xx.o
 .debug_aranges
                0x0000000000000280       0xc8 ./Core/Src/tof.o
 .debug_aranges
                0x0000000000000348       0x28 ./Core/Startup/startup_stm32f401ccux.o
 .debug_aranges
                0x0000000000000370       0xf8 ./Drivers/OLED/ssd1306.o
 .debug_aranges
                0x0000000000000468       0x20 ./Drivers/OLED/ssd1306_fonts.o
 .debug_aranges
                0x0000000000000488       0xf0 ./Drivers/STM32F4xx_HAL_Driver/Src/stm32f4xx_hal.o
 .debug_aranges
                0x0000000000000578      0x118 ./Drivers/STM32F4xx_HAL_Driver/Src/stm32f4xx_hal_cortex.o
 .debug_aranges
                0x0000000000000690       0x58 ./Drivers/STM32F4xx_HAL_Driver/Src/stm32f4xx_hal_gpio.o
 .debug_aranges
                0x00000000000006e8      0x2a0 ./Drivers/STM32F4xx_HAL_Driver/Src/stm32f4xx_hal_i2c.o
 .debug_aranges
                0x0000000000000988       0x88 ./Drivers/STM32F4xx_HAL_Driver/Src/stm32f4xx_hal_rcc.o
 .debug_aranges
                0x0000000000000a10      0x3d0 ./Drivers/STM32F4xx_HAL_Driver/Src/stm32f4xx_hal_tim.o
 .debug_aranges
                0x0000000000000de0      0x168 ./Drivers/STM32F4xx_HAL_Driver/Src/stm32f4xx_hal_tim_ex.o
 .debug_aranges
                0x0000000000000f48      0x2b0 ./Middlewares/Third_Party/FreeRTOS/Source/CMSIS_RTOS_V2/cmsis_os2.o
 .debug_aranges
                0x00000000000011f8       0x40 ./Middlewares/Third_Party/FreeRTOS/Source/list.o
 .debug_aranges
                0x0000000000001238      0x158 ./Middlewares/Third_Party/FreeRTOS/Source/queue.o
 .debug_aranges
                0x0000000000001390      0x208 ./Middlewares/Third_Party/FreeRTOS/Source/tasks.o
 .debug_aranges
                0x0000000000001598       0xf0 ./Middlewares/Third_Party/FreeRTOS/Source/timers.o
 .debug_aranges
                0x0000000000001688       0x80 ./Middlewares/Third_Party/FreeRTOS/Source/portable/GCC/ARM_CM4F/port.o
 .debug_aranges
                0x0000000000001708       0x58 ./Middlewares/Third_Party/FreeRTOS/Source/portable/MemMang/heap_4.o

.debug_macro    0x0000000000000000    0x1917f
 .debug_macro   0x0000000000000000       0x1b ./Core/Src/bitmaps.o
 .debug_macro   0x000000000000001b      0xa78 ./Core/Src/bitmaps.o
 .debug_macro   0x0000000000000a93      0x1f6 ./Core/Src/encoder.o
 .debug_macro   0x0000000000000c89      0x29b ./Core/Src/encoder.o
 .debug_macro   0x0000000000000f24       0x2e ./Core/Src/encoder.o
 .debug_macro   0x0000000000000f52       0x28 ./Core/Src/encoder.o
 .debug_macro   0x0000000000000f7a       0x22 ./Core/Src/encoder.o
 .debug_macro   0x0000000000000f9c       0x8e ./Core/Src/encoder.o
 .debug_macro   0x000000000000102a       0x51 ./Core/Src/encoder.o
 .debug_macro   0x000000000000107b      0x103 ./Core/Src/encoder.o
 .debug_macro   0x000000000000117e       0x6a ./Core/Src/encoder.o
 .debug_macro   0x00000000000011e8      0x1df ./Core/Src/encoder.o
 .debug_macro   0x00000000000013c7       0x1c ./Core/Src/encoder.o
 .debug_macro   0x00000000000013e3       0x22 ./Core/Src/encoder.o
 .debug_macro   0x0000000000001405       0xd9 ./Core/Src/encoder.o
 .debug_macro   0x00000000000014de     0x102d ./Core/Src/encoder.o
 .debug_macro   0x000000000000250b      0x11f ./Core/Src/encoder.o
 .debug_macro   0x000000000000262a     0xb86c ./Core/Src/encoder.o
 .debug_macro   0x000000000000de96       0x6d ./Core/Src/encoder.o
 .debug_macro   0x000000000000df03     0x367e ./Core/Src/encoder.o
 .debug_macro   0x0000000000011581      0x174 ./Core/Src/encoder.o
 .debug_macro   0x00000000000116f5       0x5c ./Core/Src/encoder.o
 .debug_macro   0x0000000000011751      0x416 ./Core/Src/encoder.o
 .debug_macro   0x0000000000011b67      0x9fe ./Core/Src/encoder.o
 .debug_macro   0x0000000000012565      0x115 ./Core/Src/encoder.o
 .debug_macro   0x000000000001267a       0xf8 ./Core/Src/encoder.o
 .debug_macro   0x0000000000012772       0xa5 ./Core/Src/encoder.o
 .debug_macro   0x0000000000012817      0x15f ./Core/Src/encoder.o
 .debug_macro   0x0000000000012976      0x287 ./Core/Src/encoder.o
 .debug_macro   0x0000000000012bfd       0x5f ./Core/Src/encoder.o
 .debug_macro   0x0000000000012c5c      0x236 ./Core/Src/encoder.o
 .debug_macro   0x0000000000012e92      0x132 ./Core/Src/encoder.o
 .debug_macro   0x0000000000012fc4      0x23a ./Core/Src/encoder.o
 .debug_macro   0x00000000000131fe       0x2e ./Core/Src/encoder.o