../Core/Src/main.c:109:6:delay	16	static
../Core/Src/main.c:117:6:stepper_set_rpm	16	static
../Core/Src/main.c:122:6:stepper_half_drive	16	static
../Core/Src/main.c:183:6:stepper_step_angle	32	static
../Core/Src/main.c:212:5:main	8	static
../Core/Src/main.c:306:6:SystemClock_Config	88	static
../Core/Src/main.c:353:13:MX_I2C1_Init	8	static
../Core/Src/main.c:387:13:MX_TIM2_Init	32	static
../Core/Src/main.c:432:13:MX_TIM3_Init	56	static
../Core/Src/main.c:481:13:MX_GPIO_Init	48	static
../Core/Src/main.c:536:6:StartMainTask	16	static
../Core/Src/main.c:604:6:StartDebouncingTask	24	static
../Core/Src/main.c:643:6:StartEncoderTask	16	static
../Core/Src/main.c:681:6:StartPumpTask	16	static
../Core/Src/main.c:699:6:StartOledTask	40	static
../Core/Src/main.c:777:6:HAL_TIM_PeriodElapsedCallback	16	static
../Core/Src/main.c:794:6:Error_Handler	4	static,ignoring_inline_asm
