../Core/Src/main.c:112:6:HAL_TIM_IC_CaptureCallback	16	static
../Core/Src/main.c:127:6:ChangePumpPourTime	16	static
../Core/Src/main.c:163:6:StartPump	8	static
../Core/Src/main.c:172:6:StopPump	8	static
../Core/Src/main.c:194:5:main	8	static
../Core/Src/main.c:306:6:SystemClock_Config	88	static
../Core/Src/main.c:353:13:MX_I2C1_Init	8	static
../Core/Src/main.c:387:13:MX_I2C2_Init	8	static
../Core/Src/main.c:421:13:MX_TIM2_Init	32	static
../Core/Src/main.c:466:13:MX_TIM3_Init	56	static
../Core/Src/main.c:515:13:MX_TIM4_Init	16	static
../Core/Src/main.c:554:13:MX_TIM10_Init	8	static
../Core/Src/main.c:585:13:MX_TIM11_Init	8	static
../Core/Src/main.c:616:13:MX_GPIO_Init	48	static
../Core/Src/main.c:681:6:StartMainTask	16	static
../Core/Src/main.c:704:6:StartDebouncingTask	24	static
../Core/Src/main.c:736:6:StartPumpTask	16	static
../Core/Src/main.c:759:6:StartOledTask	24	static
../Core/Src/main.c:877:6:HAL_TIM_PeriodElapsedCallback	16	static
../Core/Src/main.c:899:6:Error_Handler	4	static,ignoring_inline_asm
